Archive member included to satisfy reference by file (symbol)

C:\Users\yucheng\SimplicityStudio\v4_workspace\soc-btmesh-prov_new\protocol\bluetooth\lib\EFR32XG13X\GCC\libpsstore.a(store.c.obj)
                              (__nvm3Base)
C:\Users\yucheng\SimplicityStudio\v4_workspace\soc-btmesh-prov_new\protocol\bluetooth\lib\EFR32XG13X\GCC\libpsstore.a(crc32.c.obj)
                              store.c.obj (symbol from plugin) (bg_crc_init)
C:\Users\yucheng\SimplicityStudio\v4_workspace\soc-btmesh-prov_new\protocol\bluetooth\lib\EFR32XG13X\GCC\libbluetooth_mesh.a(bgapi.c.obj)
                              ./app.o (symbol from plugin) (gecko_cmd_msg_buf)
C:\Users\yucheng\SimplicityStudio\v4_workspace\soc-btmesh-prov_new\protocol\bluetooth\lib\EFR32XG13X\GCC\libbluetooth_mesh.a(bgapi_gatt.c.obj)
                              bgapi.c.obj (symbol from plugin) (bgapi_gatt_listener)
C:\Users\yucheng\SimplicityStudio\v4_workspace\soc-btmesh-prov_new\protocol\bluetooth\lib\EFR32XG13X\GCC\libbluetooth_mesh.a(bgapi_hardware.c.obj)
                              ./app.o (symbol from plugin) (sli_bt_cmd_hardware_set_soft_timer)
C:\Users\yucheng\SimplicityStudio\v4_workspace\soc-btmesh-prov_new\protocol\bluetooth\lib\EFR32XG13X\GCC\libbluetooth_mesh.a(bgapi_le_connection.c.obj)
                              ./app.o (symbol from plugin) (sli_bt_cmd_le_connection_close)
C:\Users\yucheng\SimplicityStudio\v4_workspace\soc-btmesh-prov_new\protocol\bluetooth\lib\EFR32XG13X\GCC\libbluetooth_mesh.a(bgapi_ps.c.obj)
                              ./app.o (symbol from plugin) (sli_bt_cmd_flash_ps_erase_all)
C:\Users\yucheng\SimplicityStudio\v4_workspace\soc-btmesh-prov_new\protocol\bluetooth\lib\EFR32XG13X\GCC\libbluetooth_mesh.a(bgapi_system.c.obj)
                              ./app.o (symbol from plugin) (sli_bt_cmd_system_reset)
C:\Users\yucheng\SimplicityStudio\v4_workspace\soc-btmesh-prov_new\protocol\bluetooth\lib\EFR32XG13X\GCC\libbluetooth_mesh.a(bgbuf.c.obj)
                              bgapi.c.obj (symbol from plugin) (bgbuf_chain_free)
C:\Users\yucheng\SimplicityStudio\v4_workspace\soc-btmesh-prov_new\protocol\bluetooth\lib\EFR32XG13X\GCC\libbluetooth_mesh.a(bglib.c.obj)
                              ./main.o (symbol from plugin) (gecko_wait_event)
C:\Users\yucheng\SimplicityStudio\v4_workspace\soc-btmesh-prov_new\protocol\bluetooth\lib\EFR32XG13X\GCC\libbluetooth_mesh.a(bondingdb.c.obj)
                              bglib.c.obj (symbol from plugin) (bondingdb_get_max_bonds)
C:\Users\yucheng\SimplicityStudio\v4_workspace\soc-btmesh-prov_new\protocol\bluetooth\lib\EFR32XG13X\GCC\libbluetooth_mesh.a(btl_interface.c.obj)
                              bgapi.c.obj (symbol from plugin) (bootloader_getInfo)
C:\Users\yucheng\SimplicityStudio\v4_workspace\soc-btmesh-prov_new\protocol\bluetooth\lib\EFR32XG13X\GCC\libbluetooth_mesh.a(efr32xg1x.c.obj)
                              bglib.c.obj (symbol from plugin) (bg_hal_set_ctune)
C:\Users\yucheng\SimplicityStudio\v4_workspace\soc-btmesh-prov_new\protocol\bluetooth\lib\EFR32XG13X\GCC\libbluetooth_mesh.a(gap.c.obj)
                              bglib.c.obj (symbol from plugin) (gap_reset_state)
C:\Users\yucheng\SimplicityStudio\v4_workspace\soc-btmesh-prov_new\protocol\bluetooth\lib\EFR32XG13X\GCC\libbluetooth_mesh.a(gap_adv.c.obj)
                              gap.c.obj (symbol from plugin) (gap_set_advertising_timeout)
C:\Users\yucheng\SimplicityStudio\v4_workspace\soc-btmesh-prov_new\protocol\bluetooth\lib\EFR32XG13X\GCC\libbluetooth_mesh.a(gap_periodic_adv-stubs.c.obj)
                              bglib.c.obj (symbol from plugin) (ubt_gap_alloc_periodic_adv)
C:\Users\yucheng\SimplicityStudio\v4_workspace\soc-btmesh-prov_new\protocol\bluetooth\lib\EFR32XG13X\GCC\libbluetooth_mesh.a(gap_periodic_scan-stubs.c.obj)
                              bglib.c.obj (symbol from plugin) (ubt_gap_alloc_periodic_scan)
C:\Users\yucheng\SimplicityStudio\v4_workspace\soc-btmesh-prov_new\protocol\bluetooth\lib\EFR32XG13X\GCC\libbluetooth_mesh.a(gap_resolver.c.obj)
                              gap.c.obj (symbol from plugin) (gap_address_resolver_step)
C:\Users\yucheng\SimplicityStudio\v4_workspace\soc-btmesh-prov_new\protocol\bluetooth\lib\EFR32XG13X\GCC\libbluetooth_mesh.a(gap_scan.c.obj)
                              gap.c.obj (symbol from plugin) (gap_status_set_scan_packet)
C:\Users\yucheng\SimplicityStudio\v4_workspace\soc-btmesh-prov_new\protocol\bluetooth\lib\EFR32XG13X\GCC\libbluetooth_mesh.a(gap_whitelist-stubs.c.obj)
                              bondingdb.c.obj (symbol from plugin) (gap_whitelist_clear_list)
C:\Users\yucheng\SimplicityStudio\v4_workspace\soc-btmesh-prov_new\protocol\bluetooth\lib\EFR32XG13X\GCC\libbluetooth_mesh.a(gatt.c.obj)
                              gap.c.obj (symbol from plugin) (gatt_init_connection)
C:\Users\yucheng\SimplicityStudio\v4_workspace\soc-btmesh-prov_new\protocol\bluetooth\lib\EFR32XG13X\GCC\libbluetooth_mesh.a(gatt_db_minimal.c.obj)
[...]
Memory Configuration

Name             Origin             Length             Attributes
FLASH_BOOTLOADER 0x0fe10000         0x00004000         xr
FLASH            0x00000000         0x00080000         xr
RAM              0x20000000         0x00010000         xrw
*default*        0x00000000         0xffffffff

Linker script and memory map

LOAD c:/siliconlabs/simplicitystudio/v4/developer/toolchains/gnu_arm/7.2_2017q4/bin/../lib/gcc/arm-none-eabi/7.2.1/thumb/v7e-m/fpv4-sp/softfp/crti.o
LOAD c:/siliconlabs/simplicitystudio/v4/developer/toolchains/gnu_arm/7.2_2017q4/bin/../lib/gcc/arm-none-eabi/7.2.1/thumb/v7e-m/fpv4-sp/softfp/crtbegin.o
LOAD c:/siliconlabs/simplicitystudio/v4/developer/toolchains/gnu_arm/7.2_2017q4/bin/../lib/gcc/arm-none-eabi/7.2.1/../../../../arm-none-eabi/lib/thumb/v7e-m/fpv4-sp/softfp/crt0.o
START GROUP
LOAD C:\Users\yucheng\AppData\Local\Temp\cceQCbEs.ltrans0.ltrans.o
LOAD C:\Users\yucheng\AppData\Local\Temp\cceQCbEs.ltrans1.ltrans.o
LOAD C:\Users\yucheng\AppData\Local\Temp\cceQCbEs.ltrans2.ltrans.o
LOAD C:\Users\yucheng\AppData\Local\Temp\cceQCbEs.ltrans3.ltrans.o
LOAD C:\Users\yucheng\AppData\Local\Temp\cceQCbEs.ltrans4.ltrans.o
LOAD C:\Users\yucheng\AppData\Local\Temp\cceQCbEs.ltrans5.ltrans.o
LOAD C:\Users\yucheng\AppData\Local\Temp\cceQCbEs.ltrans6.ltrans.o
LOAD C:\Users\yucheng\AppData\Local\Temp\cceQCbEs.ltrans7.ltrans.o
LOAD C:\Users\yucheng\AppData\Local\Temp\cceQCbEs.ltrans8.ltrans.o
LOAD C:\Users\yucheng\AppData\Local\Temp\cceQCbEs.ltrans9.ltrans.o
LOAD C:\Users\yucheng\SimplicityStudio\v4_workspace\soc-btmesh-prov_new\protocol\bluetooth\lib\EFR32XG13X\GCC\libpsstore.a
LOAD C:\Users\yucheng\SimplicityStudio\v4_workspace\soc-btmesh-prov_new\protocol\bluetooth\lib\EFR32XG13X\GCC\binapploader.o
LOAD C:\Users\yucheng\SimplicityStudio\v4_workspace\soc-btmesh-prov_new\protocol\bluetooth\lib\EFR32XG13X\GCC\libcoex.a
LOAD C:\Users\yucheng\SimplicityStudio\v4_workspace\soc-btmesh-prov_new\protocol\bluetooth\lib\EFR32XG13X\GCC\libbluetooth_mesh.a
LOAD c:/siliconlabs/simplicitystudio/v4/developer/toolchains/gnu_arm/7.2_2017q4/bin/../lib/gcc/arm-none-eabi/7.2.1/../../../../arm-none-eabi/lib/thumb/v7e-m/fpv4-sp/softfp\libm.a
END GROUP
START GROUP
LOAD c:/siliconlabs/simplicitystudio/v4/developer/toolchains/gnu_arm/7.2_2017q4/bin/../lib/gcc/arm-none-eabi/7.2.1/thumb/v7e-m/fpv4-sp/softfp\libgcc.a
LOAD c:/siliconlabs/simplicitystudio/v4/developer/toolchains/gnu_arm/7.2_2017q4/bin/../lib/gcc/arm-none-eabi/7.2.1/../../../../arm-none-eabi/lib/thumb/v7e-m/fpv4-sp/softfp\libc_nano.a
LOAD c:/siliconlabs/simplicitystudio/v4/developer/toolchains/gnu_arm/7.2_2017q4/bin/../lib/gcc/arm-none-eabi/7.2.1/../../../../arm-none-eabi/lib/thumb/v7e-m/fpv4-sp/softfp\libnosys.a
END GROUP
START GROUP
LOAD c:/siliconlabs/simplicitystudio/v4/developer/toolchains/gnu_arm/7.2_2017q4/bin/../lib/gcc/arm-none-eabi/7.2.1/thumb/v7e-m/fpv4-sp/softfp\libgcc.a
LOAD c:/siliconlabs/simplicitystudio/v4/developer/toolchains/gnu_arm/7.2_2017q4/bin/../lib/gcc/arm-none-eabi/7.2.1/../../../../arm-none-eabi/lib/thumb/v7e-m/fpv4-sp/softfp\libg_nano.a
LOAD c:/siliconlabs/simplicitystudio/v4/developer/toolchains/gnu_arm/7.2_2017q4/bin/../lib/gcc/arm-none-eabi/7.2.1/../../../../arm-none-eabi/lib/thumb/v7e-m/fpv4-sp/softfp\libc_nano.a
END GROUP
START GROUP
LOAD c:/siliconlabs/simplicitystudio/v4/developer/toolchains/gnu_arm/7.2_2017q4/bin/../lib/gcc/arm-none-eabi/7.2.1/thumb/v7e-m/fpv4-sp/softfp\libgcc.a
LOAD c:/siliconlabs/simplicitystudio/v4/developer/toolchains/gnu_arm/7.2_2017q4/bin/../lib/gcc/arm-none-eabi/7.2.1/../../../../arm-none-eabi/lib/thumb/v7e-m/fpv4-sp/softfp\libc_nano.a
END GROUP
LOAD c:/siliconlabs/simplicitystudio/v4/developer/toolchains/gnu_arm/7.2_2017q4/bin/../lib/gcc/arm-none-eabi/7.2.1/thumb/v7e-m/fpv4-sp/softfp/crtend.o
LOAD c:/siliconlabs/simplicitystudio/v4/developer/toolchains/gnu_arm/7.2_2017q4/bin/../lib/gcc/arm-none-eabi/7.2.1/thumb/v7e-m/fpv4-sp/softfp/crtn.o

.text_bootloader
                0x0fe10000        0x0
 *(.binbootloader*)
                0x0fe10000                . = ALIGN (0x4000)

.text_apploader
                0x00000000     0xa7c0
 *(.binapploader*)
 .binapploader  0x00000000     0xa7c0 C:\Users\yucheng\SimplicityStudio\v4_workspace\soc-btmesh-prov_new\protocol\bluetooth\lib\EFR32XG13X\GCC\binapploader.o

.text_signature
                0x0000a7c0       0x40
                0x0000a800                . = ALIGN (0x800)
 *fill*         0x0000a7c0       0x40 
                0x0000a800                __text_start__ = .

.text_application
                0x0000a800    0x541e8
 *(.vectors)
 .vectors       0x0000a800       0xfc C:\Users\yucheng\AppData\Local\Temp\cceQCbEs.ltrans0.ltrans.o
                0x0000a800                __Vectors
                0x0000a8fc                __Vectors_End = .
                0x000000fc                __Vectors_Size = (__Vectors_End - __Vectors)
                0x0000a8fc                __end__ = .
 *(.application_properties)
 .application_properties
                0x0000a8fc       0x40 C:\Users\yucheng\AppData\Local\Temp\cceQCbEs.ltrans0.ltrans.o
                0x0000a8fc                bg_application_properties
 *(.gecko_configuration)
 *(.xo_configuration)
 *(.gatt_header)
 .gatt_header   0x0000a93c       0x34 C:\Users\yucheng\AppData\Local\Temp\cceQCbEs.ltrans0.ltrans.o
 *(.gatt_data)
 .gatt_data     0x0000a970      0x2c4 C:\Users\yucheng\AppData\Local\Temp\cceQCbEs.ltrans0.ltrans.o
 *(.text*)
 .text          0x0000ac34       0x40 c:/siliconlabs/simplicitystudio/v4/developer/toolchains/gnu_arm/7.2_2017q4/bin/../lib/gcc/arm-none-eabi/7.2.1/thumb/v7e-m/fpv4-sp/softfp/crtbegin.o
 .text          0x0000ac74       0x74 c:/siliconlabs/simplicitystudio/v4/developer/toolchains/gnu_arm/7.2_2017q4/bin/../lib/gcc/arm-none-eabi/7.2.1/../../../../arm-none-eabi/lib/thumb/v7e-m/fpv4-sp/softfp/crt0.o
                0x0000ac74                _mainCRTStartup
                0x0000ac74                _start
 .text          0x0000ace8    0x14ebc C:\Users\yucheng\AppData\Local\Temp\cceQCbEs.ltrans0.ltrans.o
                0x0000b720                CRYPTO0_IRQHandler
                0x0000b720                Default_Handler
                0x0000b720                EMU_IRQHandler
                0x0000d348                int32_to_buf.lto_priv.726
                0x0000d388                int32_from_buf.lto_priv.723
                0x0000d3c0                uint16_to_buf.lto_priv.724
                0x0000d3ec                uint16_from_buf.lto_priv.721
                0x0000d416                int16_to_buf.lto_priv.725
                0x0000d444                int16_from_buf.lto_priv.722
                0x00010e0c                SYSTEM_ChipRevisionGet
                0x000113c0                MSC_Deinit
                0x000113e4                MSC_Init
                0x00011adc                GPIO_PinModeSet
                0x00012ad4                EMU_DCDCLnRcoBandSet
                0x00013b04                CRYPTO_KeyRead
                0x00013b3c                CRYPTO_ModulusSet
                0x00013c1c                CORE_InitNvicVectorTable
                0x00013ce4                CORE_SetNvicRamTableHandler
                0x00013f62                CORE_ExitAtomic
                0x00013f7c                CORE_EnterAtomic
                0x00013fe0                CORE_ExitCritical
                0x00013ffa                CORE_EnterCritical
                0x000144e0                CMU_ClockSelectGet
                0x0001480c                CMU_ClockEnable
                0x00014d40                CMU_OscillatorEnable
                0x00015164                SLEEP_LowestEnergyModeGet
                0x000151a4                SLEEP_SleepBlockEnd
                0x000151f0                SLEEP_SleepBlockBegin
                0x00015230                SLEEP_Init
                0x000153ae                SystemLFXOClockGet
                0x000153c4                SystemULFRCOClockGet
                0x000153d6                SystemLFRCOClockGet
                0x00015414                Reset_Handler
                0x00015460                SystemHFXOClockGet
                0x00015478                SystemHFClockGet
                0x000155fc                CMU_HFXOAutostartEnable
                0x0001644c                CMU_ClockSelectSet
                0x000169f8                SLEEP_Sleep
                0x000172c8                _write
                0x00017300                _sbrk
                0x00017340                _read
                0x00017392                _lseek
                0x000173c6                _isatty
                0x000173ec                _fstat
                0x0001740c                _exit
                0x00017416                _close
                0x0001f740                main
 .text          0x0001fba4     0x7424 C:\Users\yucheng\AppData\Local\Temp\cceQCbEs.ltrans1.ltrans.o
                0x0001fd48                gecko_init_alloc
                0x0001fd7c                sli_bt_cmd_system_reset
                0x00020238                hci_increase_token
                0x0002024a                handle_bgapi_output.lto_priv.431
                0x000202c0                sli_bt_cmd_handler_delegate
                0x0002038c                sli_bt_cmd_flash_ps_erase_all
                0x000203c4                sli_bt_cmd_le_connection_close
                0x00020404                sli_bt_cmd_hardware_set_soft_timer
                0x00020524                gecko_bgapi_class_test_init
                0x00020554                gecko_bgapi_class_system_init
                0x00020574                gecko_bgapi_class_le_connection_init
                0x0002057a                gecko_bgapi_class_hardware_init
                0x00020598                gecko_bgapi_class_gatt_server_init
                0x0002059e                gecko_bgapi_class_gatt_init
                0x000205b8                gecko_bgapi_class_le_gap_init
                0x000205be                gecko_bgapi_class_flash_init
                0x000205c4                gecko_bgapi_class_dfu_init
                0x000205ca                gatt_db_handle_active
                0x000206a8                gatt_db_find_by_type_value
                0x00020a38                send_gatt_mtu_exchanged_event
                0x00020a62                validate_scanning_phymask.lto_priv.489
                0x00020a90                gap_set_advertising_timeout.part.6
                0x00020afc                is_explicit_legacy_advertising.lto_priv.490
                0x00020b0c                is_legacy_advertising_preferred.lto_priv.493
                0x00020b62                check_private_address_and_timer
                0x00020c34                bondingdb_is_bonded
                0x00020c54                ubt_sm_set_bond_data
                0x00020ef8                gecko_stack_update_callback
                0x00020f08                gecko_external_signal
                0x00020f24                bgbuf_chain_add
                0x00020f38                bgbuf_chain_len
                0x00020f4c                gap_adv_update
                0x000211d0                bgbuf_prepend_no_alloc
                0x00021212                bgbuf_chain_pop_packet
                0x0002123a                bgbuf_append_data
                0x0002125e                header_invalid
                0x0002127c                crc32_calc.lto_priv.344
                0x000212ac                find_obj
                0x00021308                hci_send_command
                0x00021344                hci_state_listener_init
                0x0002136a                gap_scan_update
                0x00021478                gap_listener
                0x00021634                bgbuf_free
                0x000216bc                hci_state_listener_init_default_data_length
                0x0002172c                bgbuf_chain_defragment
                0x000217b8                bgbuf_chain_drop_end
                0x000217fa                bgbuf_chain_drop
                0x00021828                bgbuf_chain_free
                0x00021e20                cache_adv_scan_packet.lto_priv.491
                0x00021e40                bgapi_ubt_listener
                0x0002254c                bgbuf_alloc_int.lto_priv.359
                0x0002260c                bgbuf_alloc_size
                0x0002261a                bgbuf_chain_append_data
                0x000227b6                bgbuf_chain_append_byte.lto_priv.496.lto_priv.498
                0x000227b6                bgbuf_chain_append_byte.lto_priv.495.lto_priv.497
                0x000227cc                gap_adv_add_name.lto_priv.492
                0x00022870                gap_adv_add_attribute.lto_priv.494
                0x0002290e                bgbuf_clone
                0x00022980                bgbuf_alloc_copy_data
                0x000229aa                bgbuf_alloc
                0x000229b6                bgbuf_split
                0x00022a06                bgbuf_prepend
                0x00022a2a                hci_state_listener_idle
                0x00023ee4                gecko_wait_event
                0x00024098                flash_write_u32.lto_priv.343
                0x000240de                gecko_stack_init
                0x00024cfc                mesh_lib_deserialize_state
                0x000258ce                mesh_lib_deserialize_request
                0x00025f92                mesh_lib_serialize_state
                0x000268fe                mesh_lib_serialize_request
 .text          0x00026fc8     0x64b8 C:\Users\yucheng\AppData\Local\Temp\cceQCbEs.ltrans2.ltrans.o
                0x00026fc8                s81464a2878d09dbd2de6234ce8934184bf5116fd04efc613284ea48a9619bc39.lto_priv.634
                0x00027178                s0d9fb6afc7a5b3df58c0cb7bf23273dd9d8d3988520c8c4d91dc3aaadafd363d.lto_priv.642
                0x000272b4                sf644eec1fc685a1dcfbc126b2e0f411dddb5a35dbeb82fa6680d1b9ab236a975
                0x0002734e                sff5d8edb927019e9aa431e9904c26e53a809fec3d12b5591132c91a055b6bf5d.lto_priv.650
                0x00027366                se8510f144b688ef6410633a29585bd465ab7a3fbddedff297eefb28fe1b38dc3.lto_priv.644
                0x000273a4                s75ee462a9cc5986ce4891cbeee598785d8942dbc3c5ddba79a00fb2769f152d6
                0x000273b0                s1ffd0196d252e0f4d7e4477127421ba4a76636428213799e1381acc8a5b2e4c7
                0x00027400                see1835b268c14345827643d2db8d6e541bbf519fb1efe3eceda8dc536ab8cfcd
                0x00027450                sd8daf9d2f525b9d7df701df05a7e9217ba3ad0f82106a4d8943a37cd8f74f9b6
                0x000274c8                seeb1c0610aeda6bc65ee4f5f170daa5706784586b3b921d785668b719f49817a
                0x0002750c                s157cafae5a5906cab81177591fca8c3c4d0bb591655d10b6e7a9df25541b87de
                0x000285b8                s9a5d365ccb583cf42f95ea1dd7551bc15ab9920f291e7c107d212bf554b7e067
                0x00028620                s684374d330e48f781771ed004225826b421dc30045bf667a94a6ea755aadefb6
                0x00028688                s8e98a06aab92489452ed8e5580b2df4e7e9d32f474a0c2c5280664ddea969326
                0x000286dc                sada35b0b5f97c9d9c0b01d164a6dd10afad9da0721f02c7f816ec6277cd179f8
                0x00028740                sdc8e58961101255e6e5d4d599c823819d8fa52629b05ed69310fc4dfcb069502
                0x000287ec                sd21ede9d3dab691913fddfc4a657168bba89221d6d138396a5cb280f108fa9a2
                0x00028898                s7d0c37c33df01886308fc9e09a56271d7cda24ab7835f01131eed20750367193
                0x000288fc                s3458b2ec2faca0458bd702fa08a5034660c4c9dd9a2224fc04c3dd605b42bc65
                0x00028958                s8b00edbd50a06bb37f8636d9da31ec6855af90831a16ab747986d7902e796d6c
                0x00028a88                scea080ffe1e928e878ddced09970d3122788582e7e816f66ccd2a9e774e00225.lto_priv.561
                0x00028b10                scf4af741e157394c998479cb003d5cf203c5198b2e65a822cfffac72047d77b6.lto_priv.562
                0x00028b58                s058a35f627504dd2ebcb53ed9c8dd0a2699ae3b3ed9ea263900462988391b489.lto_priv.352.lto_priv.363
                0x00028b58                s058a35f627504dd2ebcb53ed9c8dd0a2699ae3b3ed9ea263900462988391b489.lto_priv.353.lto_priv.354
                0x00028b58                s058a35f627504dd2ebcb53ed9c8dd0a2699ae3b3ed9ea263900462988391b489.lto_priv.351.lto_priv.393
                0x00028b58                s058a35f627504dd2ebcb53ed9c8dd0a2699ae3b3ed9ea263900462988391b489.lto_priv.560
                0x00028b64                s017abe2391b5fa14727ae1b61760bd6e7675c87790a53b5c8ae8b51c16a53d74.lto_priv.557
                0x00028b98                s3b12f72c86808517df0a3d6331892da2d66b8e9bbaa06d12ff26d860074fcf07.lto_priv.633
                0x00028be4                s836147ef04765530636f5d110318c78d86972384cb0a54d728cf08e7c69545c6
                0x00028c28                s9de2d04aceb57da7832415dc572ff12ee17c2ef0d1a7d803dad8449d8300e8df
                0x00028c2a                sbf8dd28a6c6118d55cabd21f14cccd4b50441e6dcf23046d431300eda4b6b36b
                0x00028c2c                s890fcd60767f256ee5b13f44afc14bb3ab7d1bdd6e247bccd10b99b1568ec506
                0x00028c2e                s0a2382009035cc61f3ea65bab00791d9224b6d545564a39cd5476eb181d5decf
                0x00028c30                s44e3124870589b009fc28e44b31cd745f6481542fa286e8583deb621c9b197f1
                0x00028c32                s2213f5792ea4e59af1a2801e7bf4d0c3ab5b7b458e895d2e246136479051afe8
                0x00028c34                s97ae481bbade53fbeed96d22e388a13ab7b6a53bef24a58b595033911f65dfa6
                0x00028c36                s7cce00725c17b5fa1f05023056c2620e6835260ee6e5dc93f877728d46fc6e96
                0x00028c38                s55f4ce9f868bcae5747a03eb64c57f53992a4b1c06e24b47225984de0a87da06.lto_priv.612
                0x00028c80                s33ddb09eb4c066f3fb9563f60eed63069124125f2f345325983b85c24e7ad2ae.lto_priv.532
                0x00028cd0                s11db3253dc1118eb68927a6c5bc3869c6e6110f0231614c70c2200aa082c7dd9.lto_priv.374
                0x00028d08                s625a7093dd5adda3ac7c8a79ca8ffc4ccd18af00f4d862c3aead8549aec8bace
                0x00028d48                sb1bc03e4d3c109dc962987dfcd910a0c7c00d1c755a9367d94b92928f21f161b
                0x00028d92                s8f2763f9f0326e12cd677218e03dd00123dcf327bdc744b9128684e41d3b2e41
                0x00028e48                s5a9ea35d33bf4ab8bcc7b6e7fcb5fcbcbf57fec60faa44fcbcca7ecee176e1a9
                0x00028ec2                s2961a7c16099e65a023def275a9a79a88d18560bcf6d8b7d3ce6fe445e71f6cd
                0x00028f06                s8a5b8a30a2133f3ee9bd748bb73b8e69f6bf9b05e9118e371b70e7ac38206d20
                0x00028f08                sd5699aef6084a290996ea955f957a57987e3c370445af2997004bdc2778afabc
                0x00028f0a                s2ae6d5f70ead843e752f37b0ab2b8bd6029fcafbd92516271cf81c89ccf34574
                0x00028f0c                sca6b944d97bd8e437696a6bdbf8b1a2fbfbd6b175986bdd2f7107d9ccfc49791
                0x00028f0e                scadac62caad1a5d40102505cfbb2a19a3f029dac1f04a1735fad62916e1cc1fa
                0x00028f10                s1cd7cde67471ba6cf9414371ab606bf222b7affcbd1724981d662222dffaea86
                0x00028f12                s022dfbeed394e9c9c6835d30619ba5da6546e41f4000dd5f010303deb5f89703
                0x00028f14                s6e790e4389aaf46aab77b6ee048f85f694d1bb0f5dfae966461622fa1912d45f
                0x00028f16                sc533058bf47a8cdb1c2bd08ac2ccfa005925b95915c7feb5c92fc40e16ae2dd0
                0x00028f18                s89badc08722f8dd8cca913bb878f62f6299a5c20da4d6632d3ceb54fd838ce4c
                0x00028f1a                s480292f7da1cc04043a015da5983b7d4f87306a4af91aac9046b2d42acb6a9d1
                0x00028f1c                s9ca3a558bed4c088f6e6e7d34a19235cec334eb5040ba244da2d4d1467359005
                0x00028f1e                sf9d1942b632d8a719f4d2937258048b03526e2949ddfe0c1c576bcfd2a2cf999
                0x00028f20                s85e415f6b5fe7877e76531ce06e83d328dc4031ac98320d4e3e7ec1286612bc9
                0x00028f22                sb674ba5b1042fb9c676d298c5ee18529c6ca3968a94669c58fbab33f9acb3bdc
                0x00028f24                s199f0081f2c9151a0a833b317bdef997cf17ca6ec8276ea394feb57dc6729a2b
                0x00028f26                s0b7f8471f464990d74e7d1f07c813369e5869a90a1c22bc34378f9970642177f
                0x00028f28                s30185812b90e18f9f842b3007d4fc63073066ba883d7ed8aec240672e062cda9
                0x00028f2a                s064b9ebe14234db4a190f16cc9cf7bcb5f5784a2d9c4eacc4d1ad7e5af0148df.lto_priv.611
                0x00028f54                s19afc5aeb0fa3ad5437453e4974a9aca3c414191115ed0d8573b5b0b1457b096
                0x00028f84                s0c21d9c58eaf8c6fa188d6a57f53e2f862fe7079b5332d18aa8911137c359cf4
                0x000291e0                se63787913999295d3840ffda1c593788a4602db3059ec1a85a9aadadb3435d5f
                0x000291f2                s859685f3bb9cd4a78eb6cc50812d921e8f4bcb7ee9fecccb6c5b446b54795a28
                0x0002924a                s374883e05db0975f279acd0c8a7bd3843a3fdaa58062202d513dfaab3dfccf9b
                0x0002927e                sb687b9f58812454f1c13f6036a5c63f36284b9e88ca9ad887c426990f7110dc0
                0x000292da                sbd8d750ca7f3c236d340c1eaec8486d971fb17a5c4354f20d8dfef33ab592bbf.lto_priv.375
                0x000292ec                s50634a7bc4f75d381180e45dbba85383bd69c706f2da09f32bcd83277bcdb9b7.part.19
                0x0002946c                s5b1748ad1dc9a094278a70ed0e64dbea6aed97ce55e1be117a5fe3cee4600ae6
                0x0002999a                sb9218e041d1053735522b97a33a4e2fbf6598a189394289d438524a7aa7a7ef5
                0x00029b20                s765b1fa193328ffdb2f3f7ce25795e496f38a41b928d124f2cb2abf154b13057
                0x00029bac                sc4c6a823f842d1814601d4202e4663eec22f1c956512ebca334bacebd269355b.lto_priv.544
                0x00029bc8                s7106f745c102199fe27f21960295fdb4457a22b491cfa616eb470481f7a9fe98.lto_priv.556
                0x00029e98                s9f68a26d035d1f514a015a273071c91891899c1e9d01919edc19081ead2e6093.lto_priv.547
                0x00029eb8                sc1ba439c94aa9693f7b611877a2f066f5e83b256029e30df009fc20d45c324a3.lto_priv.517
                0x0002a058                s20deffd09798b03c756ec709566daa6a3ebe157775a63efb71262350fa085a04.isra.6.lto_priv.677
                0x0002a05a                s0f6ebafd71f3dadc8ad0cd707109b79f26c3ce57ed94da026d1608e3afee3ce6.isra.2.lto_priv.673
                0x0002a05c                s2bd23c8fceacb806d93b517200516653f75b899c45b63f4c5072c942834cc226
                0x0002a086                s46d7d9b842802e78f5fdb50e96486612796dea28f30965d93e56c1797ed2f74d.lto_priv.358
                0x0002a0a4                s4942a71b887c9604bea622a56e8b8e7c6834c4b6cd7a90bc47610d8ff0b93624
                0x0002a0b0                scecbc50c9cf28dd98845aa205755e3e4c50ab3cbc03c879de116cb37f4edb289.lto_priv.676
                0x0002a0b0                scecbc50c9cf28dd98845aa205755e3e4c50ab3cbc03c879de116cb37f4edb289.lto_priv.543
                0x0002a0ba                s140fecb2523112b05563909eca7c4d2a82c55e18e1b26924e4bb89bf66d072a2
                0x0002a0e4                s74943311db63db061f7c520b475f284d4651ef64249671499298784e82a76d2f
                0x0002a170                sc194bd6260d44bcdb87731a44897500a05554a74d57c0234f314a796ae93e2a9.lto_priv.378
                0x0002a18c                sd2c0cd54b2e922462473101237e292fddd8f6b6c5a9358c55293140906e83307.lto_priv.360
                0x0002a1b4                sc8df603c436e9fb473943f05300b26e746f2b703ac67bee8441c4e04c3101c8a
                0x0002a1f4                s6604fae5a3211afd22962df72ac755c4923cd5d9ff830b5113d17fc33f814ed6
                0x0002a204                s4fdd739175590387efed4a3fce66a1bca4f17b519a444ac1b9e275fe54fae31a
                0x0002a220                s35cb1658b1849af7e6f5595ed9d54ca080a066cf5bec33ae3c3be1271fae72eb
                0x0002a270                s79558a2aefdf9c28e56d0fab6e02360b174da1e51d40a35761c4d4f3855183b9
                0x0002a294                s88e74df6d693c3d7072d1fe7fe4d86667f9069cbeff5f446a6304df81426420e
                0x0002a950                sa03d0b469bac1de825e65e5240dff1e6682267dbae50d14bf525c5f838fb31fa
                0x0002aa56                sb9918a94f03b53f9cd2af80918fe902a7d6580fd9d195ae323f65d68154cae84
                0x0002b728                s8ed8ce1780dc24cc054ca6860acf0d179d86bf06d7e550447052b1370c24f510
                0x0002b75c                s00c2adf39adaa8204c45a2ebd4be1beb97d743e177096d7b15c7ebaccc5930b4
                0x0002b75e                sfc7236fc386af335549083bbdc5ab61ee40369ae996f7c33ee573b7f60fa0189
                0x0002b760                sf1326fbdcf95a0ac150c56f1fc8ff59f078eeb25842c2553607970c77669509b
                0x0002befa                s4c1fc3457dfbdc8fcb819c6bc5ac84be47e7b227d562b941d553a6ee2cfac050.lto_priv.655
                0x0002bf14                sf77d105cdc98bf9e14d880cc604dfcddfc60be8d071e863f9d4d7840ad8a2d20.lto_priv.654
                0x0002bf68                s2d253c1bd42f959036e93ea81c20bf17bcbcb274ed57045d0c379f0eb6a9d349.lto_priv.657
                0x0002bf6e                s558f5b15cd147984a99d08b7166b7a6cf6e549d431a197ddcfcff07fe47084b5.lto_priv.653
                0x0002bf74                s92163386b402cdaee8513f7d70b928c7f0c4fb36d887c7843b5aaf6591fb435a.lto_priv.656
                0x0002bf7a                s7266788dc15774bebd05401472adf523bae887e0d12494b84d6c2a2f3f03e15e.lto_priv.652
                0x0002bf80                s69ca04e7dbbb09afef4238cc50dc02f4200b029dc0211776c95faf30ad860896.lto_priv.651
                0x0002c016                s83b592c88f2c5dd51cca1b1dc78a6002636b7d547197ae3460068abd6ecb3360.lto_priv.528
                0x0002c046                sa37c220e6f0ff233549b1d082445a4acb241951f38e2afbe50814d30f33bbbdb.lto_priv.529
                0x0002c082                s48513b360ea7300b262e06734521d6d41ede06d8596657e7bd86f44506c097d1.lto_priv.635
                0x0002c590                s830e7e15d99e0b1643bf7b25846216b8e631a7100ee9b18b575da33de7099d1c.lto_priv.641
                0x0002c7d0                sdf47c9e324a5222f56ae184e90d9afb14c827d98f884492480980fa3f559625a
                0x0002c8b8                sd0a94330b4a104a8b342e6aa42697660429b35303c23dc8cbf35eebd6849be4b
                0x0002cf34                s4fc10562aba71efd48b0256b2d84a9f6d2e8dfc1dc39feab41477ea452f4905b.lto_priv.643
                0x0002cf86                s738cccb74b99702612fc16313b01b070afc556cbb766cf28ed1ebee1a1794ff8.lto_priv.674
                0x0002cfbc                s1336475d042e8b0ad634cd8d355dadbbacdaf7d6d0d27e86768701f730075cd1
                0x0002d0c0                sb4cbcfb27a049a42f8c328b3b32e31225fa58acd8fa1fbd156c1086204d42f54
                0x0002d138                se2dfec209fa446700a33541d6c1bb13dfaa01e1e866573701ba5f9140c7a7c00.lto_priv.542
                0x0002d36c                s630c48516aeb8590a31d7c39d77f44f92188e774044cf17033dea58668f1b433.lto_priv.678
                0x0002d424                s76cb0009c38d97748c40fb80af8eb69e087d975dcb9e945047195ce1b5cf8e07
 .text.unlikely
                0x0002d480       0xb8 C:\Users\yucheng\AppData\Local\Temp\cceQCbEs.ltrans2.ltrans.o
                0x0002d480                s1a8ee2bcac1599feb58e1b1ed33e45a95bd03febd32de637684d473d3eae735c.lto_priv.598
                0x0002d4d4                seec249431fcb9d5d5ea133fee50277659005ff96792d0f1161e15cb24ac3da5c.lto_priv.599
 .text          0x0002d538     0x5d40 C:\Users\yucheng\AppData\Local\Temp\cceQCbEs.ltrans3.ltrans.o
                0x0002d650                s811283eda8925aa908a29c0fb184c1693eb6e29d68029a5072949c207b4f7cb8.lto_priv.339
                0x0002d65c                ccm_aes_setkey_wrap.lto_priv.336
                0x0002d660                aes_ctx_free.lto_priv.335
                0x0002d674                aes_ctx_alloc.lto_priv.334
                0x0002d68a                ccm_ctx_alloc.lto_priv.337
                0x0002d6a4                aes_setkey_enc_wrap.lto_priv.332
                0x0002d6a8                aes_crypt_ctr_wrap.lto_priv.331
                0x0002d6ec                aes_crypt_ecb_wrap.lto_priv.330
                0x0002d6f0                ccm_ctx_free.lto_priv.338
                0x0002d702                bgapi_test_lib_msg_handler
                0x0002d760                sli_bt_cmd_le_gap_set_advertise_configuration
                0x0002d828                sli_bt_cmd_le_gap_set_advertise_report_scan_request
                0x0002d89c                sli_bt_cmd_le_gap_set_advertise_channel_map
                0x0002d900                sli_bt_cmd_le_gap_set_discovery_type
                0x0002d958                sli_bt_cmd_le_gap_set_discovery_timing
                0x0002d9dc                sli_bt_cmd_le_gap_start_discovery
                0x0002da6c                sli_bt_cmd_le_gap_end_procedure
                0x0002dab8                sli_bt_cmd_le_gap_start_advertising
                0x0002dec8                sli_bt_cmd_le_gap_set_advertise_timing
                0x0002df5c                sli_bt_cmd_le_gap_bt5_set_adv_data
                0x0002e08c                s41cf796d48d7b53f8fa7d175a2a127293b7721f1e0ec3523449edaa208a8969d
                0x0002e090                s1b49cd26019356c4c454a01517f002dc201ba322e198f3e78a2fcb7c8ad003c4
                0x0002e094                s39306f0a0d9350665a5c86f8165bd54d865e6ef7333bd8c797eb65a1fe3d3b4d
                0x0002e098                sa5db633a61810b7b4e88e9a5213a81d5ba7ebefca2a78d7df1d0d08ca1e4089c
                0x0002e09c                scc1e99b60b7e9541180287ab3d84674f647171c0094f228159f4e1db85d79750
                0x0002e0a0                s7fa5a335c460b33b60b9bf12f950cf0b87e4e5e1581f6561812f2a67a6b3815f
                0x0002e170                s5a9f6f074040ce74d93e3f684d76bca764d82305f4061ed5d88dfbc6574b4486
                0x0002e2a8                s4ed80eb4c9e0990d91d711f47158efeab22935dcfb71e38ba6c10e05aa9130e1
                0x0002e790                s3ea5e3ec1b3dd59c69e4ba352b8f3cba76d5f8f595abc3770e933496ba25b55b
                0x0002e7dc                cmac_xor_block.lto_priv.450
                0x0002e7f2                cmac_multiply_by_u.lto_priv.451
                0x0002e83c                mbedtls_cipher_update
                0x0002e8e0                mbedtls_cipher_setup
                0x0002e914                mbedtls_cipher_free
                0x0002e944                mbedtls_mpi_cmp_mpi
                0x0002e9c4                mbedtls_mpi_cmp_int
                0x0002e9de                mbedtls_mpi_cmp_abs
                0x0002ea40                mbedtls_mpi_bitlen
                0x0002ea80                mbedtls_mpi_grow
                0x0002ead8                mbedtls_mpi_lset
                0x0002eb00                mbedtls_mpi_shift_r
                0x0002eb74                mbedtls_mpi_safe_cond_assign
                0x0002ebdc                mbedtls_mpi_shrink
                0x0002ec4a                mbedtls_mpi_free
                0x0002ec76                mbedtls_mpi_read_binary
                0x0002ece2                mbedtls_mpi_copy
                0x0002ed3a                mbedtls_mpi_mul_mpi
                0x0002f33c                mbedtls_mpi_sub_abs
                0x0002f4ca                mbedtls_mpi_sub_mpi
                0x0002f514                mbedtls_mpi_add_mpi
                0x0002f55c                bg_random_get_data
                0x0002f600                s3aac575e28da0d7964dad5ad5d6c85d4997f65b29590a405fb0f8c020dbac66b
                0x0002f6fa                bg_pool_free
                0x0002f74c                bg_pool_alloc
                0x0002f768                bg_message_run
                0x0002f7f8                bg_message_call
                0x0002f826                bg_message_remove_receivers
                0x0002f85c                bg_message_enqueue_free_callback.lto_priv.347
                0x0002f920                bg_message_send
                0x0002f966                bg_message_cancel_matching
                0x0002f9c0                bg_malloc
                0x0002f9de                bg_message_add_receiver
                0x0002fa02                bg_event_raise
                0x0002fa2c                bg_event_allocate
                0x0002fa58                att_buf_send
                0x0002fa74                att_send_pdu
                0x0002fa80                att_alloc_pdu_copy_data
                0x0002faba                att_alloc_buf
                0x0002fad2                att_alloc_pdu
                0x0002fae2                att_send_execute_write_response
                0x0002fafc                att_send_error_response
                0x0002fb22                acl_find_by_index
                0x0002fb3c                acl_find_by_hci_handle
                0x0002fb58                acl_release_
                0x0002fc08                sde1a9ba2693b3ad6aac10ee8b861b8b7d7cd04179ce6c38a709765b6792f2330
                0x0002fc3c                s6d380183df0b781240090db6d22dec74d362caf943d3f86b6a7a8dec2b7beb1e
                0x0002fc9c                se27ffd4e335c1b287068f894ab12cd726a9f6a2615712701a687f5fd281d4cff
                0x0002fcc2                s209982b582be70cf7990f9b873281f2e890fc861caea8609036859f4f0205138
                0x0002fce4                sf7e2afdb3823d4035da9afeba95a4a5af41fd8124ffccc0f72e60a1fa3a01a9f.part.0
                0x0002fdec                s400811aa0cd11c4cb41e52ce55495c20a1bbba83da63015ee4f93f619f033e7b
                0x0002fe34                s3af4da5ae226a5fafe91e81ba2c31fb669ea28b51513723d8faa1123a21ee5d1
                0x0002fe7c                s1f40accdd736e425e48d817527fb227caae2b320c9f97e70010bfc8cfe92324a
                0x000301ca                s01772fb76dbed7b3183333f0ce6d75f7231a12170ebba267e48e2c10a6f03513.part.6
                0x0003021a                sb1a0f761cc5f42b2788cab3ad9ca54ac472c702ee6f9d32aa9b48379c26abce8
                0x00030248                s78100db7be33e72f198dd455e36a69667451e1481a8917036bb90e7f7efa52a0
                0x000302e0                sb13f131771b26c25ba0fe8c84354089a2bb045683557277aba9ec535f6236b07.part.1
                0x000305d2                se527918f4c901aeb7216061e2ab885f1e1cff68b74e80ce6403486bd4f3b8099
                0x0003060c                s97afb8527847f11a55577e950df24069f7e5a5b7f4ceff80ab51e912f6dab521
                0x000306be                sa7f5314f00bfcc4521a7d1b365a6b91c07974c97dd4da76ba113d6e86800e261
                0x00030730                s5f5c3c304aac6756cdf41d57d95d8bc3ea5739f23dfff6bb027f9a2c284c4388
                0x00030776                sb67c72a8d289d4ba6fed3c33dec3e7e8b61af4dd0b87c24de750f5f7d271693c
                0x00030828                s3de5170f4552a3c69475eaf4560185b592e86ecaa1683d7edd54757fdc76e33f
                0x00030882                s671b6088cd303b07b712b0a1be2aedede858afd9462658e78c0cdbe2d753299a.lto_priv.464.lto_priv.570
                0x00030882                s671b6088cd303b07b712b0a1be2aedede858afd9462658e78c0cdbe2d753299a.lto_priv.469.lto_priv.553
                0x00030882                s671b6088cd303b07b712b0a1be2aedede858afd9462658e78c0cdbe2d753299a.lto_priv.466.lto_priv.614
                0x00030882                s671b6088cd303b07b712b0a1be2aedede858afd9462658e78c0cdbe2d753299a.lto_priv.467.lto_priv.555
                0x00030882                s671b6088cd303b07b712b0a1be2aedede858afd9462658e78c0cdbe2d753299a.lto_priv.459.lto_priv.580
                0x00030882                s671b6088cd303b07b712b0a1be2aedede858afd9462658e78c0cdbe2d753299a.lto_priv.462.lto_priv.572
                0x00030882                s671b6088cd303b07b712b0a1be2aedede858afd9462658e78c0cdbe2d753299a.lto_priv.470.lto_priv.605
                0x00030882                s671b6088cd303b07b712b0a1be2aedede858afd9462658e78c0cdbe2d753299a.lto_priv.365
                0x00030882                s671b6088cd303b07b712b0a1be2aedede858afd9462658e78c0cdbe2d753299a.lto_priv.456.lto_priv.558
                0x00030882                s671b6088cd303b07b712b0a1be2aedede858afd9462658e78c0cdbe2d753299a.lto_priv.460.lto_priv.577
                0x00030882                s671b6088cd303b07b712b0a1be2aedede858afd9462658e78c0cdbe2d753299a.lto_priv.463.lto_priv.571
                0x00030882                s671b6088cd303b07b712b0a1be2aedede858afd9462658e78c0cdbe2d753299a.lto_priv.468.lto_priv.554
                0x00030882                s671b6088cd303b07b712b0a1be2aedede858afd9462658e78c0cdbe2d753299a.lto_priv.465.lto_priv.568
                0x00030882                s671b6088cd303b07b712b0a1be2aedede858afd9462658e78c0cdbe2d753299a.lto_priv.458.lto_priv.559
                0x00030882                s671b6088cd303b07b712b0a1be2aedede858afd9462658e78c0cdbe2d753299a.lto_priv.457.lto_priv.581
                0x00030882                s671b6088cd303b07b712b0a1be2aedede858afd9462658e78c0cdbe2d753299a.lto_priv.461.lto_priv.574
                0x000308a6                s29429ac4445a8672f9894f8cb9e80d8079c3fd3b99c5a5a98ab30c5076ab5dbc
                0x0003091c                s1cbe3fe16558876dc5e8411c6e00e76e73d0dc824929cdfa88bb3c699cc6be52
                0x000309cc                sdea61585e18ca5ec2653cd57eba0f5f5cb260711df5713dc02714c82ca8cfa1f
                0x00030b0c                s8cd570e7c4ed3e3540ac5c675077a70067e7bf80be7cabc7685a7c7bb44dff1b.part.4.lto_priv.608
                0x00030b70                s68a2e0afa498fcd2704fb14ae53ceeb80b149f4e726c3ffc6d2123e5cbe977d2.part.2.lto_priv.604
                0x00030ba0                sde778c787f98f879fb24013e79bf2879330a17453cb0da1321a8695b37de5995.lto_priv.369
                0x00030c1c                sd9038c93eed87bddb38a63c2f0e6d0e0c9a54e9ebc8659ec70537589ba45d407.lto_priv.607
                0x00030c50                sa9fa4419e9b98f124930888065baf4e06b65a8189054d093682a52abbff1d8e7.lto_priv.535
                0x00030c64                sc96c8ee327dbf4788de6c825351bb9921e20a75bff30be820055db7982e78ac4.lto_priv.539
                0x00030c7c                s4e7adfb85a0516b47aa7b4d1a2c14f2ebff439c70cb5c934109625c077ca51a3.lto_priv.534
                0x00030cbc                s0954221c1a9f9708187a6b78840c6ef452f586287a276713ec25353eb8f9406a.lto_priv.603
                0x00030ce8                sb01c0c6b5f7fad080c3b853b80a384592a7c04f998589695044f39b9dd8cc496
                0x00030d98                sd09e90db062aba7a485b818a8b8292be87b116a80119968fb7e55f47408b4cf8.lto_priv.533
                0x00030e4c                sefadbf67c58fb46c289d1ab9c5d80dc12486d7cee315da1c8833f928991bae32
                0x00030e7c                s47d58c22dd520fdc4819aa8b4ba43c5e1bd5085d1d507c1ccc868cc96765a39d.lto_priv.537
                0x00030e9c                s82dd3ab8003cd2497ba2ed2c0c21b4458767185e45364604942182c9348f9aaa.lto_priv.474.lto_priv.541
                0x00030e9c                s82dd3ab8003cd2497ba2ed2c0c21b4458767185e45364604942182c9348f9aaa.lto_priv.364
                0x00030e9c                s82dd3ab8003cd2497ba2ed2c0c21b4458767185e45364604942182c9348f9aaa.lto_priv.473.lto_priv.675
                0x00030eaa                s14c4813b24e87bb88444bb6a3386809cb9a78b23a4513fc89a4ee471c67c6c08.lto_priv.538
                0x00030f2c                s113e2670c561fa1b518d06d7a71031984f646f284cc10f4d51f7b7cb1b8d3f20.part.11
                0x00030f42                sd781d953cd4f054f4e694d937d5dc29ebbf7f8922d52a3e9252aba27db72d3c9
                0x00030f58                sa9857b5d797c92bedc6af155e7303a2b28fe0c67080bd8d007b028484be03fe0
                0x00030f88                s97883586fbc16cac6a15bf423cb4894369f84caca35876f6be3e2698e78f4cb8
                0x00030fb8                sefcf855296e3ebeb40461302ec77153dbc14d8b7343459d104494c055f36f37a
                0x00031034                sb3ab9401e541618ef9464dc9dc279a39fe8a98408c8627c4657039eaab26f0de
                0x00031078                s8987b89eb8d003cb3c46e146f226893cd7d4dc045215a206c1aa1d49e810f691
                0x000310b4                s1050f3816948dec04ec1c09d009193abb842d1939e7d5426d2d4a9c153fa19e4
                0x000310e4                sb0a0e7dcc0aff66940393115d537bebc9e159573c855ec5411edbeb12839bac0
                0x00031100                sd589b776b3f7a27d2ad9980e25f89155292f3d2d0184175f503e08437ef8f345.lto_priv.606
                0x00031144                se98db4dd27ee87b19a138a390e62f7893fe203dbb85bab88a77cc8b8a614fb8f.lto_priv.579
                0x00031174                s2e706f4c17d4ea23e81bf66fdff240bb90fd55d0186c6d1eda5cbcb22504ad5e.lto_priv.536
                0x00031254                s08c36e5c93079ccf4d81647e3db1428a7d5a579a54b1e6e7f35f8d273d18e26d
                0x00031280                sfc184ab84ea5e9956e3f0cb94dc3ae7f61c042516f939e8654763716d14a7a81
                0x000312ac                s1902c353513a46e4cd63cc1f67ad9b3ed6b03db525594ff1190d66187c988aaa.lto_priv.346
                0x00031314                s31b72b6e17f66a75028f13e3b569068eab7b7f76390102ba2f9865df1577ae62
                0x00031350                se263be2a0b7c61240fd9e57a89877d3f5530a3065eb9518d2e80626d679449e1
                0x00031384                se91d2d306eb5d0ca273d89eef66266a6868c41357fc968635bd81cc32c64186a
                0x00031430                sbf2ac1065610d3d5d84bda651927927d88cb7a9e0ca536e5fd8e2941ebe14da2
                0x000314ac                se2ac50849b88f78cfc22b491336fffca4e4fd919eda671a79ff653737fdaeee5
                0x00031520                s0a1bfc2a0c5d787842e86cdcb14f277dd1cacdc8dd398d0d81fe73935d236f0b
                0x00031538                secc6bf91f48f6e16151fd077159682ea379e98faa6c2e6e80454c04fb3c507d4
                0x00031590                s15c3aa335e4014577105e5f7ac7d6df0d79f2fc33405a5c6dc0a2a3b1c4da159
                0x000315d0                s187bcaadfa1d4bd2089d46791a381f7ca2a439c4c30cfa85d232cfc3df36bdd9.lto_priv.540
                0x00031658                s25929c1204e68b223c0255688b49ce994e55547f2bbfbdd52bc24fe9c8c4b42a.lto_priv.531
                0x00031680                s0c6bfff49a261ea18faf7e5beb1c85f478315014f2a74981dcb05064c886f467
                0x00031868                s2d25e67a1dff175339e8a52a5bfc7f39aefdd0e3e7af7e01f51a5a6470bd83cf
                0x0003197c                s5df900385b51eb670f368b1ea2c786b3a6dc6727b4c5c9fb538f07fb23ed7df6
                0x00031a44                s18ca20e6edd7b1dafa111ed259e869b324c456749ccf13e15a084847d5bff424
                0x00031b40                sdae12e034c336a2007efc5ff5da68577c816387d0e5e9ac4bc409b4dd2ae493f
                0x00031bdc                sd9e94f8fc36e83d2d2b276da826a5a682079ce5f587c74329cc207f253f1f473
                0x00031c28                sb60ae40d295f456443d07c2a32c37c5a0e63f7321cd92bf5ac322a4d3a78b530
                0x00031c74                s8633ed229e1c84f4429ddba42c890c6191d9c432c0e6a84977fc4264d4c644fc
                0x00031cd0                sd9986e35a85516bf26ff6b1218cf202e6f1172c3527907ac829ee61275658a4a
                0x00031d24                sfc9cd36a1bbb920521ea04ce8c64ab351e3bc801eff8f04e8bc97e393a4dba42
                0x00031d44                sdae43e33b155587c01dcd99a12efa714bd1bea37c2e312cdcf6f5d3015940365
                0x00031d74                saad99ac0ad18b3524a4f97ecdae7c27474b69cf8f9a5152e1dca53104d5872f6
                0x00031d8c                sad25edc3cc896798a2dbff4577d09756b38b0ba95a822d83d4da80677cd8fd4e
                0x00031df0                s4476b960ac1dbf2ac96d5a2c51857539a577e6cef3fd0127721ea1216eff0a2c
                0x00031ed4                s454e80092bb670d8ea836663e842b03a18eec19a32bfe4f8a0c65cad898738dd
                0x00031fd0                sa010cd761afb93ce24ca32913863e8806dbe6ba7274dae9953e7846a24bcc635
                0x00032034                sfb7bec1d149166c9890d3e0ce20dddbe96136e7a3fccd166ae1f48e6d15f6743
                0x000323b8                sccc159e0818bc3416cf5ea5e03b2db05ae2a5f61d3e670403df7b3380971840b
                0x00032434                s798b40a10a9d0a2d1c74eedfa0b5ef0cb6434a48ab5a7e5e11a862555e73c3de
                0x00032442                s53d65179ce58217b8dbbda4d6a962b325730c74ab87b5d6e6462a55cdc28bc31
                0x00032460                aes_setkey_dec_wrap.lto_priv.333
                0x000324f8                sfccfa04b675878208b0bdd7c5ae9bb6285224f7f9545ce4640a144450783d728
                0x000325e4                sc61fcdde71e46892d60e95ecb0602537c22b68b895619f4a46516071c6966c2b
                0x000327c4                sf18520a544a8bfb6e33c5f6b7b9192c354f1134662a3cab32accef9a53a74ea9
                0x000329a0                s7ba794e11b8949de9e5275129b4ba633ce9f1faf54f25f6e280481b07fab0490
                0x00032bd0                s13cabea84cbad62e2df1cf6ba1004329592d58650d6092e7d5d09b34d629a011
                0x00032cd4                s55aa115f5304976b41d66a7ca64ddfff017dc83836a40847cf51b17a7c642872
                0x00033134                sbdab0a659a16ba137b7d899db62f0b250227ca35db821e3eae0ad86b6f52ca17
 .text.unlikely
                0x00033278       0xa0 C:\Users\yucheng\AppData\Local\Temp\cceQCbEs.ltrans3.ltrans.o
                0x00033278                mbedtls_mpi_shift_l
                0x00033306                sb757ea2164791fd86a5ee7def8113152704c255e6fc33d18b31fd6b63f0e7dfb.lto_priv.576
 .text          0x00033318     0x54c4 C:\Users\yucheng\AppData\Local\Temp\cceQCbEs.ltrans4.ltrans.o
                0x00033338                s203c11a0e296da6702f974aa7096ebe966ea61a0ec7b70ba6d359e8bda6a59aa.lto_priv.664
                0x0003339c                s64ec19537b527aa778a6ec009b06ebbe07b609befdc684ca07977921956276c2.lto_priv.663
                0x000333cc                s005973216bcb99fc86eb4ed314903a24bab65fe7bae1a6fa154d0eaba59507a5
                0x00033424                s9509cad1f456d59cc5150bfdea7c49c330c5cf96288e7ca6269a009a5fe14525.lto_priv.395
                0x0003345c                s8ef4b9ac3d309209e66d2226bce04413939e3e1624b0e39e6489d7577688b80b.lto_priv.660
                0x00033514                sba37ae8601690b0896cea959395272b96624ac4b5aad20973574360601a0ed90.lto_priv.637
                0x00033ac0                sb49906d77020e8eaa1b54b4f4fca378c8eacaaf023408ef9b7a29e38c8e2ae00.lto_priv.659
                0x00033c6c                s195bd06d3d7dced800230fa572adb64d223a3b6c1382fc621c40b28a20ce051a
                0x00033c70                s8d64c438403c36792474ee14f02ef44de28731e5538b6b61deb7027fb9f1213d
                0x00033c74                sef1316e1438ae2cf117c40ca6556dc740ddd34034083b129a49abc7f7a4a9153
                0x00033c78                s5519abc2b89ababc4364a73ca9bf14192bbaf331bb8f600cb502ad89d69dc189
                0x00033fcc                s8f0aab60a3fbcd802f9fed3db875d19b8cb1f50f4f88cf48c5f223c481ff8068
                0x000340f4                s7d71c9802e3958162b5fdd55fa253c867fa29d2fb4c4ba23cdcbc795d5c42be2
                0x00034154                sfba4a69959f432b6a16997869735d5345a408c9f4f869c7678226c11563073aa.lto_priv.506
                0x00034248                s90457651413029d1b805c9791502f80dad2bc331f03b9db5ed195366407d1399.lto_priv.505
                0x000342ac                s6595fbcfaef90445a8a7fe8b1058808e3c4bf4a91e1235f3abbf289f9d80551a
                0x000342d8                s48391b375243824efb73ec6dd3ead576df93eaa7e3ccbb6390c54c7f7943dce1.lto_priv.361
                0x00034320                s9ff64dc159da670e77c85b13eee3f9cbfaa7038e9c63174821f1d22e366c436c.lto_priv.349.lto_priv.350
                0x00034320                s9ff64dc159da670e77c85b13eee3f9cbfaa7038e9c63174821f1d22e366c436c.lto_priv.519.lto_priv.669
                0x00034320                s9ff64dc159da670e77c85b13eee3f9cbfaa7038e9c63174821f1d22e366c436c.lto_priv.520.lto_priv.609
                0x00034320                s9ff64dc159da670e77c85b13eee3f9cbfaa7038e9c63174821f1d22e366c436c.lto_priv.348.lto_priv.392
                0x00034330                sc0bbe4f47f33af52dada84dab2be3fc53ee775c69299aff02a8271f1c942b4fb.lto_priv.509
                0x00034360                sc0b927b5dab52591298ea90e5bafc5313839b5ed12b0d58d571261e45a9b3b28
                0x00034422                s033743affbe89c62aec89e2ef002f98eda2e968afa369e1474fb9500aad6eb05
                0x00034458                sf365a46675558c2f81c154bfd91549a0b25271febea7a3335ac1aa340784dcfd
                0x000344d0                s679d72007eb32f71aba107132f47390d6606383fd5a0a51bd02d786edf6f1055
                0x000344f0                s8afa8bd57a010aaa072e78cbb63f2f498a52b945ba2ab92e73978fbb5a72aff7
                0x00034566                s142612325e982800554450aa041378f4a8504d71b5dd193dd4a126296bae52a1
                0x000345a2                s3c8561c978fd97690e535f33470c7a4cae732740e95669ae53f051876cf36cf6
                0x000345a2                bgbuf_copy_to
                0x00034e34                s7a2ef2cf9caf09b2e7bf287f1aab8a6e6825474a67084bfad2c92beb912ebc6a
                0x00034e7c                swapl.lto_priv.503
                0x00034e80                s947f6669e09c6036614206fb2c14e49b1ae9d094fa52d588c71a512d123143d2
                0x00035054                s1e8e801ca7427338dc34d3e97947e5bfe3d14495fcb70cb319c4b8281406ab6e
                0x000351ec                sdc528b59434616cacd0b3a6d4e3017e72844ba46e00cfb5cbc5115adf3488bcc
                0x00035360                s998ea7f5216b6e1ca0e897fe0feb989b23cf8c68c723b283079a5d8c035fa2a2
                0x00035508                s1c8bb5f1550650306aab296e8862df91c69b6ffa3e6906f99102c7b26fc89414.lto_priv.370
                0x0003555c                s34fbf48579147efba8ae800ebb75fe70c3b70da86ede68139bcfdd890a68d444.lto_priv.670
                0x00035794                bgbuf_chain_links.lto_priv.525.lto_priv.575
                0x00035794                bgbuf_chain_links.lto_priv.355.lto_priv.394
                0x00035794                bgbuf_chain_links.lto_priv.523.lto_priv.718
                0x00035794                bgbuf_chain_links.lto_priv.526.lto_priv.569
                0x00035794                bgbuf_chain_links.lto_priv.356.lto_priv.357
                0x00035794                bgbuf_chain_links.lto_priv.524.lto_priv.610
                0x00035810                s49a5aef00ed35d07789c1a79de9e63fc357b634005e3f893e064f4a74e900002.lto_priv.666
                0x00035812                sc1caa8d631e234034408bfda5382abeb136472432d5432eb4abfc0f4c4b28078
                0x0003592c                s89514f25042a56d1f6d876f640c2de839850d5baeae349e3d922d77a14be4872
                0x00035950                s15a8e3b6fcc9da0cc72a5c562b5f743a4f4be5adc234b47cf314c1a381c4b9b4.lto_priv.665
                0x000359e0                s1e6876ced0d548b56d377ef41dc0f3f0b12b41ce6a9494dc8c35c87e8e3b22d7.lto_priv.667
                0x00035a1e                s3033267058558a9277cf69c7eeac6de89f91399fd2564e66cdfa2e0f949820b8.lto_priv.672
                0x00035aa6                sa36264136eaef7bbdc807fb560b6eda803241d39164a2730557470734ef84f43.lto_priv.668
                0x00035b0c                s8681d0293da3d4e9319e50b9d093b5eed863ee1d4c03d481b4634a636ecc899a.lto_priv.662
                0x00035b62                s262d060773e899a6be2dace8de0c67edeba542acbdb5ed7bfef1868a039bafd4
                0x00035c10                s217a21a7a8f3f1091596dbf4f08a61fd3c16462ef6f203ac78993ce8701dc5dd
                0x00035c28                sc15e72523a4fff591eb1c022dda22a453478a0af2d8130b937420b069e3b7fb1
                0x00035c44                sd8a21cfa0a7aa956f6c22fc1950b44e920a03eec22249fc0b05680e2c5b406e9
                0x00035c5c                s1ee9b56ab38b39eefe77c768c6fb6fddfac9d7e905cc009948dce405026bda2a
                0x00035d2c                s7ae258203eebfbaaaaaa28f4a7f0e29f3444686b97ed7d00e4196a644b70ff9b.lto_priv.601
                0x00035d4c                sd77738b41f860799fd52f2514eb6f59f3efc0192ddfd7b83755c1bf4311d15ed.lto_priv.602
                0x00035d68                se056d6ad4bc905c0d7e7668c45efc58a601a7f9acbc82512b49f4a00da725978.lto_priv.573
                0x00035d78                s61fa9467253c29a9338eb58eb8c5b76571e4a1d231c64732156dc5c669825e2c
                0x00035dd4                sb7363b9be572e36de0710513bade175b535417dd45fb4477e006a11698462f0b
                0x00035de6                s7511782b6bff733265fdc80150f483bb1a5d0f42f56c21cff7ea617278ca4bb0.lto_priv.661
                0x00035e18                s10c080622db43a528090d85d73850e3517522bdd586825533e33a2d54cddd554
                0x00035e2e                s5e290897ff78a4ad7bd82581b9c65827804f5ec06f676a869310df758b520ef0.lto_priv.376
                0x00036298                se8fdcc5ebebb2334f8147607aaedca497aabf1a2f0fda9e3453c5bc59ef66f3a
                0x00036320                s591a9d3cb97d7811692b6a6021ab401f26f51c579983fb0160bc789a43c9f31b.lto_priv.377
                0x00036350                s8b5065da1c624e6b155427ded5f11e0bb6982d11672f4d51c0870e5d8eae9f18.lto_priv.309
                0x00036376                s9f70271461b894a5b87688c6623a275bc4aa51fdf1911c0861c253b26d2e5b8d.lto_priv.613
                0x0003639c                scf693e2c0b279b154d67dd44d9403714592aefeeb7b25ed901c1737727362cc5
                0x000363ec                s776b64871e16c5fe4fd0ce9b7c158901e9ee87f3d75d954796a56d0090cebfc3.lto_priv.507
                0x0003655c                s6062338c4e5acca2f7fd6a19f8db1a69bf6bd45f2ce1aa73909386af8c2ebce5.lto_priv.671
                0x000365d4                s7363c4a1809b88f585f1a98af055457294968d3f2103b534d684d54ef15926d8.lto_priv.508
                0x0003664a                sb5e3f4eb369f16c4402c3b1112765b69eb90375593ae58bc3f93192c54da5e3f
                0x000367a0                s3277fbf5ab0c15a80b6b614e5aa3e78205fc99258e41a17ccc003a0c86a182cf.lto_priv.636
                0x0003695c                s9d53c1a2ffea051bd6441e519f88905446467a57e789caff4796045f80852b69
                0x00036988                sa4a3dd4d9c89d330f1ed88b0ab06f5ce086e9510afbb612cc8bcfb63dcee141b
                0x000369e6                sf0565216273da3f4f72c20fec26d2e0647b3b064af3e75fbb354b3fef1f61a80
                0x00036a50                s14394823fdb1a4dd6c5f0097ea0f4fa3ca90f45831c90889c96e2be2e299fb7f
                0x00036bec                s6f57eb6a7c74529af588693aa5038e89b6815648f3a1132e31b95a690f78472a
                0x00036c6e                s5cb4210b3e08c6887fc9d1d25cf45b4247e34312f4c813ceb3edbc8c31061806
                0x00036cf0                sfb236dad0e3b9a6ba5f71bf6154df58253ecfeeddf8ab1c9e230f8ce02543e59
                0x00036e24                s15a0a36617ab2c00edef932b212592c232eef8642d944829cc0bfe4e7e296016
                0x00036eae                s0d70aa0b448be667b438bb513c65613c732fa5051f0a702e0c113acb7cdca1e6
                0x00036f34                sd197966131b96fedbbe10724ff77a88880847d9dd59b96f5a4210833cd3175e0.lto_priv.638
                0x00036f80                s815b4ab54b5d66d4f4c099599897597aab9547f6f150416983323418fbcfcd63.lto_priv.600
                0x00037118                s200c6d33388bd70e28fea2ed27096296cd2454fa4a17f18b07f8eb83b666fb74
                0x00037250                s0c051ca4cd653994c4bdbefc91d4a2de441889bfd6d8701556b78812eeb7d5ce
                0x000372c4                sb4abdc41eb49b8e076241efa49704a180ff0e0d6e8eaefdba762fb55a4ac2ca3
                0x0003738e                scfc0e2e1128071105522c23c9451e1bb2465ed08baa33cf1d9181b1d53169813
                0x000373dc                s449e7a51a7e703ed2efe63cbb5046a7a7e9db7e8d0813ad844005c51e298a967
                0x0003743e                s680ca2cdc74432d47b868ed0a6658cac2b21c8f60b9eef4d342f00260234efbd
                0x00037470                s4e0e563de4943801a7497127e88f346bae5b856bfb1a2a22b704fd5999e6e691
                0x0003767c                s52a958eed992c5285bed4345ee3d727bb229196b3be3728a0283b14bea5bbfac
 *fill*         0x000387dc        0x4 
 .text          0x000387e0     0x4d9c C:\Users\yucheng\AppData\Local\Temp\cceQCbEs.ltrans5.ltrans.o
                0x000388d8                ll_radioTimerExpired.lto_priv.658
                0x000389ce                bg_pre_sleep
                0x000389d0                bg_post_wakeup
                0x000389d2                ll_hciCmdLeReadPhy
                0x00038bf2                ll_bgbuf_callback.lto_priv.707
                0x00038ea8                ll_hciCmdSetAdvertisingSetRandomAddress
                0x00038ee8                ll_hciCmdSetExtendedScanResponseData
                0x00038f24                ll_hciCmdSetExtendedAdvertisingData
                0x00038f60                ll_radioGetMaxTxPower
                0x00038f78                ll_hciCmdSetExtendedAdvertisingParameters
                0x00039170                ll_radioLoadPacket
                0x000391bc                ll_radioGetPacketTimeWithPhy
                0x000391e0                ll_radioRandom
                0x00039204                ll_radioReadRxPacketDetails
                0x0003925c                ll_radioReadRxPacket
                0x00039368                ll_hciCall
                0x00039388                hci_command_shared_response
                0x00039398                hci_command_init_shared
                0x000393c0                hci_command_alloc
                0x000393ee                hci_le_set_ext_scan_enable
                0x00039424                hci_le_set_extended_advertising_enable
                0x00039460                hci_close_acl
                0x000394ac                hci_state_listener
                0x00039578                ll_radioSetMaxTxPower
                0x000395fc                ll_radioSetRfPathCompensation
                0x00039620                ll_radioInit
                0x00039760                ll_startOrQueueProcedure
                0x00039a28                hci_send_acl
                0x00039b18                l2cap_send_update_parameters_response.lto_priv.719
                0x00039b60                l2cap_message_handler
                0x00039b9c                l2cap_send_fixed_channel
                0x0003a500                ll_llcpUpdateChannelMap_sender.lto_priv.399
                0x0003a8b4                ll_radioRxAfterTx
                0x0003a914                ll_radioTxAfterRx
                0x0003aa14                ll_radioTxSchedule
                0x0003aa64                ll_radioTxStart
                0x0003aa9c                ll_radioStop
                0x0003ad28                ll_radioRxSchedule
                0x0003ae10                ll_radioConfigureChannel
                0x0003b8d4                ll_scanTaskPrimaryHandler
                0x0003bbe8                gecko_priority_handle
 .text          0x0003d57c     0x5334 C:\Users\yucheng\AppData\Local\Temp\cceQCbEs.ltrans6.ltrans.o
                0x0003d57c                s9a038438b96a59eed64aababe6ec97f449cc898c03ab04d2c74a7f7c4bbc2e05.lto_priv.640
                0x0003d60c                s57c5640bfee223650e674e78dbd5151760c9d90d8f8237f6f1859df9e8569b27.lto_priv.518
                0x0003d914                s0c6edf4f07cfb851a379f0548f82fb1ee757c5198913c6efe66b0133af5b6da5
                0x0003d93c                sli_bt_cmd_mesh_prov_scan_unprov_beacons
                0x0003daea                sli_bt_cmd_mesh_test_get_local_model_pub
                0x0003db78                sli_bt_cmd_mesh_test_set_local_model_pub
                0x0003dc14                sli_bt_cmd_mesh_test_get_local_model_sub
                0x0003dcb0                sli_bt_cmd_mesh_test_add_local_model_sub
                0x0003dcf8                sli_bt_cmd_mesh_test_bind_local_model_app
                0x0003de4c                sli_bt_cmd_mesh_generic_server_init
                0x0003df28                sli_bt_cmd_mesh_generic_client_init
                0x0003dff4                sli_bt_cmd_mesh_generic_server_publish
                0x0003e054                sli_bt_cmd_mesh_generic_server_response
                0x0003e164                sli_bt_cmd_mesh_generic_server_update
                0x0003e208                sli_bt_cmd_mesh_prov_ddb_list_devices
                0x0003e274                sd21e5cb6df134a863b9117ed27d24e0d5823fd423e9e6d2bd0132ddb13ae527a
                0x0003e30c                s673c2e09828377038f72219ed3bce0c4002572f9cee7aed2248f2e7834b98704
                0x0003e31e                s7fe1a4702ca4a2a031bdce15fd77581a4c941b085e2c142edc451046c61a5642
                0x0003e32c                sli_bt_cmd_mesh_generic_client_publish
                0x0003e408                sli_bt_cmd_mesh_generic_client_set
                0x0003e4f0                sli_bt_cmd_mesh_generic_client_get
                0x0003e580                sb21d7d9824ef40fe23b69077ce3609377a142dd1ba0927d96ca257ab62b323de
                0x0003e604                sli_bt_cmd_mesh_prov_create_appkey
                0x0003e6d0                sli_bt_cmd_mesh_prov_provision_gatt_device
                0x0003e718                sli_bt_cmd_mesh_prov_provision_device
                0x0003e758                sb2b9c601cc46226b5bb2932854316060b0f4ecbc09e3ac85b0759af8fd5e17e5.lto_priv.582
                0x0003e824                s09c27f1dcf1aa2f8cd58408797518d3afd58b33f4e6e6c4b2454fb1500044f00
                0x0003e860                s6511bdaeedecfe11658fc89b4e16b5429bdfd823fd9bc082d860b1649aba5995
                0x0003e8a4                s6e0b82721891021f166f3779383940d1ce408eff5bb1cec4e2e615bf8a262f55
                0x0003e8c8                sf745b9eddd638232923ca3229e88cacaacf2aafa74770371da5c4d5d60daf09b
                0x0003e8f0                s59dfc794530d0975de1f2f53f94b104bcbf320c923927523ab8443b14be389a0.lto_priv.362
                0x0003e90c                sd71f0cf7eddd46b6d8ac861f620a55ba20f6f433336a75e89e01978e5e78f4c5.isra.12.lto_priv.366
                0x0003e90e                s7605ee873f62bfeb488db1a6fcaa463289294d441dcb665e91461cea0669233e.isra.8.lto_priv.550
                0x0003e910                sd8f89ec1100339a81538c46217710e24913a0ef7e9fb11d872efd8f54d61b5a8.isra.7.lto_priv.548
                0x0003e912                s555e05d96c28502d6d0733c44e1c44652a56e2eba66e844d22bdba7a41206103.lto_priv.504
                0x0003e97c                sbcb44dbbb4e15915ca392a362af3aa0be96eec60363c5bfb54f719c936b2c4b0.lto_priv.502
                0x0003e99c                s3090f14c3265652bdeef45fd059dd45b630cfd2e384a89d274e91ccf2eee559c.lto_priv.545
                0x0003ea74                s05aa84cedcc11cf1c562137c390b3cbb385eae382cb5349ed3cdb9cbe87d95ac
                0x0003eae0                s9610a5a138da8a33629598358a9ac6e952b2e337f916aa05ee616ccd21fcd676.lto_priv.578
                0x0003eb4a                seb5bf1da0c9ed9347cd8bc15e5634dc71718bcd4cab32c48dcb28bea072dc14a
                0x0003eb7c                s43b667355dd07062fe0261de806a446b9e11c49e03ade53aa00d1d143b39cd91.lto_priv.368
                0x0003ebcc                s1f5aa6f1203ab098ddb83c749573190ebbab63dcccd24d476c32d143c6ee4e13.lto_priv.551
                0x0003ec04                sbe611936fb650bb99f0f716692b319df56b7830ef06d395f77006712fe85dcb8
                0x0003ec04                s2384d1b9c68b740f6854fc208e7a4057cce5d2ec610e13e0a2ffa4bd59c74f9f
                0x0003ec06                s61e8044af69aa24a7b2ee8b8b10d9f667017fa329e84958144542c19b7f4fbc7.lto_priv.639
                0x00040c80                sli_bt_cmd_mesh_prov_create_network
                0x00040d4c                s21b03dd586d728cd675973bf87cc7df0b94301a77a7148ef41693704498750f5.isra.22.lto_priv.549
                0x00040e84                mesh_trans_send_sdu
                0x000415ac                s4df97908585f13e4f95c41529f173c5feae8db8c963509c90b492826dbcc9c34.lto_priv.367
                0x000417e8                s8f611065e0c9bc6023b9164d9f68d2ec67a5c05ebeaa8547ea295b13df3b6a3c.lto_priv.546
                0x0004183c                s2d8d60151f84e2fe74c36f9345a673a736f6d41e148e924262ba779b16ff2942
 .text.unlikely
                0x000428b0       0x3a C:\Users\yucheng\AppData\Local\Temp\cceQCbEs.ltrans6.ltrans.o
                0x000428b0                s13c87fcd1e7b3daa26d5cd11518ed7984adeafe4dfd73084375b248b53f47225
 *fill*         0x000428ea        0x2 
 .text          0x000428ec     0x4f24 C:\Users\yucheng\AppData\Local\Temp\cceQCbEs.ltrans7.ltrans.o
                0x000428ec                s5ad1fa4191f3ccb36fb97c2ef6225191588ef0fd75f8cc98a16e688db40d5bfa.lto_priv.340
                0x00042946                s5152318604d3b3e95e664e84eb14a56c721d1c0cc372c068ae948753661e95a5
                0x00042c56                se70c2aa28d2f59c7577823c670ab2389ad7d7455a3313477adcd39c3bac98240
                0x00042e4e                se177993e65d25aec1d94c79eefcc5f6dd32b2769de76fe9a4aa781e2e8085566.lto_priv.646
                0x00042e5c                saf6eefd7356a5287edab9e35c4253f99abf7f72c8c7ceefbf9056fe4ea564aeb.lto_priv.645
                0x00042e68                s72779115b1b07fe678f0d68ddd2c3b732b8d9d0591b9f1ea6615a8f2754843c9
                0x00043680                s7a7660b4e42ffc7178b6ee3d394b9b3f153dfab2816d5cc25a0a94fb491fb79b.lto_priv.388
                0x000436e0                sf76c7740676ad4b729d57b6fb75ee679e37dbe08d3b7483121a75727256f9e5b.lto_priv.389
                0x0004371e                s1054add7b737c2e8a1eb5454fa7d500e5da5ca554d4238ec791bfb1eadc21f34.lto_priv.386
                0x00043750                s82671978564b6495334f191e363e3cbca289c131b22d30ffc25c1755db7043f4.lto_priv.385
                0x0004377c                s47da7acdfd98a4e5a9c2b636de26ba92ecfab08d82f1eafe492c3698cf5756d9.lto_priv.391
                0x000437f8                sd978329e24d702e6d54df91f0a63a8cbd7fd71bad0754ab6583e659137bb6805.lto_priv.390
                0x00043870                s0dc9f3dac3978978783c93d16465792ca693c636ffb19cce20e8809d9cbaf0af.lto_priv.387
                0x000438e8                s4a2a986fd5dd9c8779079d62399c235a2b6ddbb601cb5d5b92cb838b240c2f19.lto_priv.342
                0x00043918                s087f70de52ac3dee8ffc614ad91b70511c7d160dcba60f1cb04e5d71c8049996.lto_priv.341
                0x0004394c                s1b037843a5798a501b1bf997ec66a5d32c1273f48a95622356b6cfeb2de10fb3
                0x00043974                s806233bbd3dc53cce472d676990bebc134264d01b979aade18a51e7c661ab5e4.lto_priv.345
                0x000439bc                s6f00d7ff79989e47e4de58201b5928a1b2e1bf2cf48f9b8ba9ec412c85f3a7ae
                0x00043cb0                sbae177fa25566daf82f1d50c5c368d6ef771ae8a26258ae2eb392a54af1cf514
                0x00043e64                s0198e9aaf28957347d4660bf7c76298dfdfc28068911f0cfb72e1c7f7b92ce83
                0x00043e70                s4b0768ec1694b4462a50c6a0009d2c968480882bab2f3870f44b96db31289e11.lto_priv.552
                0x00043e8c                scab1be5017b41f56d14d3fcef52a148bb609efd81dc7cc82de3aa10b50cc8043
                0x00043ed6                s3cab21e792d54b7541fed56ab1cdc2638fc0c5dfa65136d194a7115f225fe29a
                0x00043eea                s1c191b5248f708c675e993605301d9ca96e7511e19170fce8d2ba23302a66c37.lto_priv.373
                0x00043f04                sad9cedfdff57fcf1f2e8a7cb957987afcdd37d68e343d6fb4af70f8cc2d26818.lto_priv.371
                0x00043ff8                sdc285a045a4d184ba1f96a679bf976dad3cc4dd6d580b7bdcc8d7221f193317a
                0x0004403c                sad68bd15d6e2e6b2fe2e5c40a1b4e2937165ee45a1171231878240f07ff2db96.lto_priv.372
                0x0004411e                s9af9e10166b4dfbcbd649fca5486b552c344542f69d081c660bc42f9606e3c40
                0x00044294                s268808e179520926de9973ff7b3a6217a186a7862d8adaecdfb83b553adb5de7
                0x000442d2                s6cde2f2134fa96584fdcfab30c5890642817dec76c53de88f7945652b79e7ae6
                0x000442e8                s495947f0fcecf09be7c1bc75c6ed4bd12df63a4e6f8314cc576a6d8ccf270fa7
                0x0004430c                sddd99ff8736e059d0ece66ec3df74ab77094df6a97722fbc80a6b0a3c3e55697
                0x00044360                s1573ff43048a4da8c49031b54d796ef8be152c24842a072118e765733677d113
                0x000443b8                sd82094e16fd26f8ee6600184603b3eae0bcdf725b7966df41c5919e2546718c7.part.5
                0x00044410                ll_linkGetWindowWidening
                0x00044468                ll_connEncDataToBuffer
                0x00044490                ll_connEncBufferToData
                0x000444bc                ll_connValidateParams
                0x000444f6                ll_connUpdateMaxPacketLengths
                0x00044564                ll_connGetHandleByConn
                0x00044594                ll_connGetByHandle
                0x000445c0                bg_bit_clr_exclusive.lto_priv.400.lto_priv.694
                0x000445c0                bg_bit_clr_exclusive.lto_priv.403.lto_priv.693
                0x000445c0                bg_bit_clr_exclusive.lto_priv.404.lto_priv.690
                0x000445c0                bg_bit_clr_exclusive.lto_priv.401.lto_priv.692
                0x000445c0                bg_bit_clr_exclusive.lto_priv.402.lto_priv.696
                0x000445d2                bg_bit_set_exclusive.lto_priv.408.lto_priv.681
                0x000445d2                bg_bit_set_exclusive.lto_priv.411.lto_priv.691
                0x000445d2                bg_bit_set_exclusive.lto_priv.407.lto_priv.697
                0x000445d2                bg_bit_set_exclusive.lto_priv.409.lto_priv.500
                0x000445d2                bg_bit_set_exclusive.lto_priv.406.lto_priv.698
                0x000445d2                bg_bit_set_exclusive.lto_priv.405.lto_priv.511
                0x000445e2                ll_connEncryptionConnectionInit
                0x00044618                ll_connRaiseEvents
                0x00044870                bg_bit_clr_atomic.lto_priv.414.lto_priv.720
                0x00044870                bg_bit_clr_atomic.lto_priv.412.lto_priv.682
                0x00044870                bg_bit_clr_atomic.lto_priv.413.lto_priv.680
                0x00044888                bg_bit_set_atomic.lto_priv.416.lto_priv.510
                0x00044888                bg_bit_set_atomic.lto_priv.417.lto_priv.679
                0x00044888                bg_bit_set_atomic.lto_priv.418.lto_priv.499
                0x00044d5c                ll_channelmapUpdate
                0x00044dda                ll_connInitNew
                0x00044fc8                ll_channelmapUsedChannels
                0x00044ff0                ll_channelmapGetChannelMap
                0x00045008                ll_connUpdatedChannelClassification
                0x00045074                ll_advExtUpdateChannelMap
                0x00045094                ll_advGetByHandle
                0x000450dc                gatt_handle_exchange_mtu_rsp
                0x00045128                abort_long_write.lto_priv.381
                0x00045164                end_procedure.lto_priv.382
                0x000451ae                gatt_handle_write_response
                0x000451c0                gatt_handle_execute_write_response
                0x000451f8                send_characteristic_value_event.lto_priv.383
                0x0004526a                gatt_handle_read_multiple_response
                0x00045334                gatt_handle_read_blob_response
                0x0004536a                gatt_handle_read_response
                0x00045454                set_change_awareness
                0x00045490                set_client_features
                0x000454e0                mbedtls_ecp_point_free.part.8
                0x000454fc                mbedtls_ecp_check_pubkey
                0x000456a4                ecp_safe_invert_jac.lto_priv.379
                0x000456ec                mbedtls_ecp_copy
                0x00045718                mbedtls_ecp_point_free
                0x0004571e                crypto_management_release
                0x00045754                mbedtls_aes_init.part.3
                0x0004575c                mbedtls_aes_setkey_enc
                0x00045798                mbedtls_cipher_cmac_update
                0x00045860                sl_free
                0x0004587a                sl_calloc
                0x0004589a                ll_connFree
                0x000458f4                ll_advTaskStopHandle
                0x00045d7c                ll_advExtTaskHandlerWaitTx
                0x00045f94                ll_advTaskHandlerWaitTx
                0x000460b8                ll_connAlloc
                0x00046118                ll_advUpdateMaxEventLength
                0x0004621c                s2c7f8256c21a35c957be583dc5b45f9844e0daca7f8d870e7167cc73e2251152.lto_priv.384
                0x000463d0                gatt_handle_read_by_group_type_response
                0x00046490                gatt_handle_read_by_type_response
                0x000466b4                gatt_handle_find_by_type_value_response
                0x0004676a                gatt_handle_find_information_response
                0x00046954                crypto_management_release_preemption
                0x00046de0                ll_connSendData
                0x00046fb8                ll_connEnableDataFlow
                0x00046fd0                ll_connEncryptionFail
                0x00046fe6                CRYPTO_KeyBufWrite.lto_priv.487
                0x00047020                mbedtls_aes_crypt_ctr
                0x000471b8                mbedtls_aes_crypt_ecb
                0x00047260                ll_connEncryptionSetSessionKey
                0x000472f8                sd7400f1c67758aeba68a9b1772cd5984be401a023cba2a4b0091dfe27b2617d0
                0x00047434                mbedtls_ecp_group_free
                0x00047492                mbedtls_cipher_cmac_finish
                0x000475a8                ecp_normalize_jac_many.lto_priv.380
 .text          0x00047810     0x3904 C:\Users\yucheng\AppData\Local\Temp\cceQCbEs.ltrans8.ltrans.o
                0x000478a8                BG_PRORTC_IRQHandler
                0x000478d8                ll_task_default_callback.lto_priv.710
                0x000478e8                ubt_event_free
                0x00047c40                sli_bt_cmd_mesh_config_client_get_dcd
                0x00047cd8                sli_bt_cmd_mesh_config_client_set_heartbeat_pub
                0x00047da0                sli_bt_cmd_mesh_config_client_bind_model
                0x00047e8c                sli_bt_cmd_mesh_config_client_add_appkey
                0x00047f60                gecko_bgapi_class_mesh_prov_init
                0x00047f84                gecko_bgapi_class_mesh_test_init
                0x00047f8a                gecko_bgapi_class_mesh_generic_client_init
                0x00047f90                gecko_bgapi_class_mesh_config_client_init
                0x00047f96                gecko_bgapi_class_mesh_generic_server_init
                0x00047f9c                uuid_to_handle
                0x00048000                timer_get_time
                0x00048028                smp_ah
                0x000480b8                usch_SendEvent
                0x000480c8                usch_RemoveTask
                0x000480f8                task_fail.lto_priv.695
                0x00048100                add_task.lto_priv.432
                0x00048160                nvm3_deleteObjects
                0x000481f4                ecode2bg
                0x00048234                ubt_pskey_read_callback
                0x0004824a                ubt_pskey_write_callback
                0x00048260                BTLE_LL_EventRaise
                0x000485e8                BTLE_LLToHCIEventSAP
                0x00048620                ll_to_hci_event_handler.lto_priv.709
                0x00048708                mesh_bgapi_listener
                0x00049164                sli_bt_cmd_mesh_config_client_add_model_sub
                0x0004928c                sli_bt_cmd_mesh_config_client_set_model_pub
                0x000494fc                sli_bt_cmd_mesh_prov_init
                0x0004afd0                usch_Schedule
 .text          0x0004b114     0x401c C:\Users\yucheng\AppData\Local\Temp\cceQCbEs.ltrans9.ltrans.o
                0x0004b2b2                sd69063ac414aa9b182b3715be7c99e550c11a43ab43002cd16895150daad7b64
                0x0004b3cc                s8c68a0c6bf1cbdbc58c79dbdbfc6b2edeb50a6cbee567808d4d3648f5780572d
                0x0004b444                sbcd8dae26664b2a215c8d4ec6508b9de986ce387e5ac0c61d32ff9eafa46f02e.lto_priv.426
                0x0004b470                sc49df645112e0087bba00e59c32a79e66f966bcb37e78cbb3bd047b620a0f113
                0x0004b550                sf8de3044167a266727bd3087aa78703eca05d914a537eb9123555524c11c8890.lto_priv.425
                0x0004b5d0                gecko_register_bgapi_library.constprop.306
                0x0004b610                ccm_auth_crypt.constprop.299
                0x0004b8cc                mbedtls_ccm_setkey.constprop.295
                0x0004b920                s6d39ade7f44649b27cc26f65d9f86fa1ec4cc84e98bf51e9e8cfc9e7988777c2.constprop.288
                0x0004b970                s59fda895212499eb341894a754b6a8799cd070e09c2bea080538c1a9504b52d5.constprop.279
                0x0004ba48                sa6d352c37b4fa930ecbaec9816bb56056daa3d3e7623f8c520936b092a43a476.constprop.276
                0x0004ba9c                sdc7cbe274a0bd68f48e0a525a58b269c5262196daafddd164cb38663c5344a77.constprop.275
                0x0004bace                bg_message_enqueue.constprop.250
                0x0004baec                nvm3_readData.constprop.249
                0x0004bb20                bg_pool_init_pool.constprop.238
                0x0004bb9c                bondingdb_find_by_data.part.2.constprop.224
                0x0004bbec                hci_command_init_shared_bgbuf.constprop.222
                0x0004bc40                swap_endianess.constprop.219
                0x0004bc5c                l2cap_send_command_reject.constprop.204
                0x0004bca4                s1111ff367ed81175c48c8adb7f8bb0bb8796a61c1f4772065b2c2f98692b0bfe.constprop.146
                0x0004bcb2                s72f0327aaf4a5b5d1b8846c7ff740323d8b9fb0fa26c3c39306563deba2716ea.constprop.141
                0x0004bf70                sf599ad93e845ca7546af36e637dc40ee97cfb73f1ed75f7f84e849042a89b21c.part.6.constprop.132
                0x0004c0e4                s35a10c806c834b5f02b759b96a6aa0613573e4cd2d69b753a1162c661a106755.constprop.128
                0x0004c2f4                _mesh_foundation_send_byte_array_impl.constprop.124
                0x0004c334                s992c1f8497eff751a815360ace7b41ae6c84e3f304a9140490c2232261d3913d.constprop.123
                0x0004c400                sd2a37a3f28df5a67c6c309e951a8328fe164bc27fefa3b4e4abf9ed9d9caa37d.part.5.constprop.116
                0x0004c484                s46dec11741421a29b011731561b6bd9293ef7ee403a2428c8d41fe77d18d302c.constprop.108
                0x0004c558                s5a1766c84873223f8dc26b867cf62a40b775da77c003414a2378edf79eb83444.part.4.constprop.97
                0x0004c5c6                s5bac01e71862eafde6fc09a0c1f18999006b2bfdf63981372c8cec0087742186.constprop.63
                0x0004c5ec                s0e5cfab3c909f9f71123dba44681d58bb1e6ed5a637f3665f52ae72a84eb1939.constprop.57
                0x0004c704                s6d140d83e16c10405a1aab26ed2df289bb63c150d3c03db1eb5cdfaaf1b9eb39.constprop.53
                0x0004c7dc                s617e494c409f265694ebaceeb984e42905f3b96e1c0246796425f0b3ecac989e.constprop.48
                0x0004c952                se416c492aedb0cb37373f93ac8e17f9ba6085f4b705624dd81bcfb1d1d52c6a4.constprop.45
                0x0004cb34                s62689b10c4ca0d4b17dbc433cdafb3331769d0ae8324352f4a061781fdf3efa3.constprop.34
                0x0004cc44                mbedtls_ecp_group_load.constprop.31
                0x0004ccb0                mbedtls_mpi_write_binary.constprop.16
                0x0004ccf6                s6e114f95379bb5b5d8bdcc12f0a6f184258c2b82d2191d83bb05dc6e358df3ab.constprop.15
                0x0004cd58                sa76c86811b162592dc0102cc6e17d26637d51ef5c1982f87f99ab35a53a7d670.constprop.14
                0x0004cdbc                att_send_read_by_type_request.constprop.8
                0x0004cde6                mbedtls_internal_ecp_grp_capable
                0x0004cdf0                ecp_crypto_ddata_write.lto_priv.437
                0x0004ce66                mpitobigint.lto_priv.435
                0x0004cea4                CRYPTO_InstructionSequenceWait.lto_priv.311.lto_priv.439
                0x0004cea4                CRYPTO_InstructionSequenceWait.lto_priv.310.lto_priv.452
                0x0004ceac                CRYPTO_DDataRead.lto_priv.317.lto_priv.440
                0x0004ceac                CRYPTO_DDataRead.lto_priv.316.lto_priv.453
                0x0004cee6                CRYPTO_DDataWrite.lto_priv.319.lto_priv.444
                0x0004cee6                CRYPTO_DDataWrite.lto_priv.320.lto_priv.438
                0x0004cee6                CRYPTO_DDataWrite.lto_priv.318.lto_priv.448
                0x0004cf0a                CRYPTO_DData0Write260.lto_priv.312.lto_priv.445
                0x0004cf22                CRYPTO_DataReadUnaligned.lto_priv.322.lto_priv.433
                0x0004cf22                CRYPTO_DataReadUnaligned.lto_priv.321.lto_priv.446
                0x0004cf60                CRYPTO_DataWriteUnaligned.lto_priv.323.lto_priv.447
                0x0004cf60                CRYPTO_DataWriteUnaligned.lto_priv.324.lto_priv.434
                0x0004cfa6                mbedtls_zeroize.lto_priv.327.lto_priv.449
                0x0004cfa6                mbedtls_zeroize.lto_priv.326.lto_priv.488
                0x0004cfa6                mbedtls_zeroize.lto_priv.328.lto_priv.443
                0x0004cfa6                mbedtls_zeroize.lto_priv.329.lto_priv.430
                0x0004cfa6                mbedtls_zeroize.lto_priv.325.lto_priv.501
                0x0004cfa6                zeroize
                0x0004cfb6                mbedtls_ccm_free
                0x0004cfc8                mbedtls_cipher_cmac_starts.constprop.291
                0x0004d014                att_send_execute_write_request
                0x0004d032                att_send_prepare_write_request
                0x0004d256                att_gatt_client_handler
                0x0004d56e                sa2d107fa6f8913066e5b4df3cdd87f0997e09273df6a7c6585f33659836c546d.isra.4.lto_priv.429
                0x0004d584                s4a2a986fd5dd9c8779079d62399c235a2b6ddbb601cb5d5b92cb838b240c2f19.part.5.lto_priv.427
                0x0004d584                s087f70de52ac3dee8ffc614ad91b70511c7d160dcba60f1cb04e5d71c8049996.part.6.lto_priv.428
                0x0004d5a8                see718346e034d96d58e5a80fabd20c59a92b6115337c9b9cfec2ec3d4869dfb8
                0x0004d664                sbdec9ad3cd384617597eb97673acfd1f42c77a70767f57c354430d80c2b82071
                0x0004d6e4                sce3ab1eaa7ee027e4a572370dde4aae59fcb8710f9a5aeb9155cb6bd6bec0c2e
                0x0004d772                store_delete.constprop.234
                0x0004d820                ll_advSetData.constprop.185
                0x0004d8a2                nvm3_writeData.constprop.300
                0x0004db2c                crypto_management_acquire_preemption.constprop.191
                0x0004dc70                ecp_crypto_ddata_read.lto_priv.442
                0x0004dd0e                crypto_mpi_div_mod.lto_priv.441
                0x0004df2c                ecp_crypto_device_init.isra.0.lto_priv.436
                0x0004df70                mbedtls_internal_ecp_normalize_jac
                0x0004e37c                mbedtls_ecp_mul.constprop.18
                0x0004e7b4                s958311d77e975b6afb09c253a317568fb99686d6ed7f12efea46b505d98f5d14.constprop.294
                0x0004e862                sd906ef5a2b1a3b6d706927e4c9811336532fa5d100dd96643833a07bb9061ee6.constprop.283
                0x0004ea1c                s39143644810349b74f0af37849af2c7f3c45cd2cff47951227f2f86f0b2e6959.constprop.118
                0x0004ead4                sab502123964e55aa42c788423fe4aca83448c71c429d539ca270feacd99b8114.constprop.92
                0x0004ecb8                s965e05dd09705c2e0e02fbb53c43b72c67dd0c8ea4bd0be2819ad08faf988a7e.lto_priv.424
                0x0004eff6                s27d8feef5a0463c17bbd05963737d3704575411a97f83a4f7c6a3ea78c9bed6b.constprop.262
                0x0004f066                sd4677bf4f06b8b19a17bcc5b67deaae5de05c115d09c753f37f476dfca88290b.constprop.264
                0x0004f0be                s049e1d01f06c5f833f1916c8aa37af2664c3060cc97b8154e5e981264e5c3cfd.constprop.129
 .text.RAIL_InitTxPowerCurvesAlt
                0x0004f130       0x20 C:\Users\yucheng\SimplicityStudio\v4_workspace\soc-btmesh-prov_new\protocol\bluetooth\lib\EFR32XG13X\GCC\libbluetooth_mesh.a(pa_conversions_efr32.o)
                0x0004f130                RAIL_InitTxPowerCurvesAlt
 .text.RAIL_ConvertDbmToRaw
                0x0004f150       0xc0 C:\Users\yucheng\SimplicityStudio\v4_workspace\soc-btmesh-prov_new\protocol\bluetooth\lib\EFR32XG13X\GCC\libbluetooth_mesh.a(pa_conversions_efr32.o)
                0x0004f150                RAIL_ConvertDbmToRaw
 .text.RAIL_ConvertRawToDbm
                0x0004f210       0xb0 C:\Users\yucheng\SimplicityStudio\v4_workspace\soc-btmesh-prov_new\protocol\bluetooth\lib\EFR32XG13X\GCC\libbluetooth_mesh.a(pa_conversions_efr32.o)
                0x0004f210                RAIL_ConvertRawToDbm
 .text.RAILCore_BLE_Init
                0x0004f2c0       0x1c C:\Users\yucheng\SimplicityStudio\v4_workspace\soc-btmesh-prov_new\protocol\bluetooth\lib\EFR32XG13X\GCC\libbluetooth_mesh.a(rail_ble.o)
                0x0004f2c0                RAILINT_5068bbb2b6fcc434fb14cc631c1d5448
 .text.RAIL_BLE_Init
                0x0004f2dc        0x8 C:\Users\yucheng\SimplicityStudio\v4_workspace\soc-btmesh-prov_new\protocol\bluetooth\lib\EFR32XG13X\GCC\libbluetooth_mesh.a(rail_ble.o)
                0x0004f2dc                RAIL_BLE_Init
 .text.RAILCore_BLE_ConfigPhy1MbpsViterbi
                0x0004f2e4       0x20 C:\Users\yucheng\SimplicityStudio\v4_workspace\soc-btmesh-prov_new\protocol\bluetooth\lib\EFR32XG13X\GCC\libbluetooth_mesh.a(rail_ble.o)
                0x0004f2e4                RAILINT_e88543c9b596792889571c0f7b731dba
 .text.RAIL_BLE_ConfigPhy1MbpsViterbi
                0x0004f304        0x8 C:\Users\yucheng\SimplicityStudio\v4_workspace\soc-btmesh-prov_new\protocol\bluetooth\lib\EFR32XG13X\GCC\libbluetooth_mesh.a(rail_ble.o)
                0x0004f304                RAIL_BLE_ConfigPhy1MbpsViterbi
 .text.RAILCore_BLE_ConfigPhy2MbpsViterbi
                0x0004f30c       0x20 C:\Users\yucheng\SimplicityStudio\v4_workspace\soc-btmesh-prov_new\protocol\bluetooth\lib\EFR32XG13X\GCC\libbluetooth_mesh.a(rail_ble.o)
                0x0004f30c                RAILINT_1bbb34915939a1132d22091036a46419
 .text.RAIL_BLE_ConfigPhy2MbpsViterbi
                0x0004f32c        0x8 C:\Users\yucheng\SimplicityStudio\v4_workspace\soc-btmesh-prov_new\protocol\bluetooth\lib\EFR32XG13X\GCC\libbluetooth_mesh.a(rail_ble.o)
                0x0004f32c                RAIL_BLE_ConfigPhy2MbpsViterbi
 .text.RAILCore_BLE_ConfigPhyCoded
                0x0004f334       0x24 C:\Users\yucheng\SimplicityStudio\v4_workspace\soc-btmesh-prov_new\protocol\bluetooth\lib\EFR32XG13X\GCC\libbluetooth_mesh.a(rail_ble.o)
                0x0004f334                RAILINT_2ee23e3f7dca1747f4df921175595919
 .text.RAIL_BLE_ConfigPhyCoded
                0x0004f358        0x8 C:\Users\yucheng\SimplicityStudio\v4_workspace\soc-btmesh-prov_new\protocol\bluetooth\lib\EFR32XG13X\GCC\libbluetooth_mesh.a(rail_ble.o)
                0x0004f358                RAIL_BLE_ConfigPhyCoded
 .text.RAILCore_BLE_ConfigChannelRadioParams
                0x0004f360       0x52 C:\Users\yucheng\SimplicityStudio\v4_workspace\soc-btmesh-prov_new\protocol\bluetooth\lib\EFR32XG13X\GCC\libbluetooth_mesh.a(rail_ble.o)
                0x0004f360                RAILINT_301fd6966b03cc938549fcaff8ed0b8e
 .text.RAIL_BLE_ConfigChannelRadioParams
                0x0004f3b2       0x12 C:\Users\yucheng\SimplicityStudio\v4_workspace\soc-btmesh-prov_new\protocol\bluetooth\lib\EFR32XG13X\GCC\libbluetooth_mesh.a(rail_ble.o)
                0x0004f3b2                RAIL_BLE_ConfigChannelRadioParams
 .text.RAIL_BLE_PhySwitchToRx
                0x0004f3c4       0x20 C:\Users\yucheng\SimplicityStudio\v4_workspace\soc-btmesh-prov_new\protocol\bluetooth\lib\EFR32XG13X\GCC\libbluetooth_mesh.a(rail_ble.o)
                0x0004f3c4                RAIL_BLE_PhySwitchToRx
 .text.RFHAL_ConfigBle2MbpsViterbi
                0x0004f3e4       0x1c C:\Users\yucheng\SimplicityStudio\v4_workspace\soc-btmesh-prov_new\protocol\bluetooth\lib\EFR32XG13X\GCC\libbluetooth_mesh.a(rail_ble_rf_hal.o)
                0x0004f3e4                RAILINT_779afa263ed7c3c82ebba499c78a7403
 .text.RFHAL_ConfigBle1MbpsViterbi
                0x0004f400       0x1c C:\Users\yucheng\SimplicityStudio\v4_workspace\soc-btmesh-prov_new\protocol\bluetooth\lib\EFR32XG13X\GCC\libbluetooth_mesh.a(rail_ble_rf_hal.o)
                0x0004f400                RAILINT_66ff65441ee5a52a57deeb36588ce487
 .text.RFHAL_ConfigBleCoded
                0x0004f41c       0x38 C:\Users\yucheng\SimplicityStudio\v4_workspace\soc-btmesh-prov_new\protocol\bluetooth\lib\EFR32XG13X\GCC\libbluetooth_mesh.a(rail_ble_rf_hal.o)
                0x0004f41c                RAILINT_909b6a7ef307e72517ccf71f477853a4
 .text.RFHAL_BleReinit
                0x0004f454       0x1c C:\Users\yucheng\SimplicityStudio\v4_workspace\soc-btmesh-prov_new\protocol\bluetooth\lib\EFR32XG13X\GCC\libbluetooth_mesh.a(rail_ble_rf_hal.o)
                0x0004f454                RAILINT_04333b69a0dca60b3c740e5ea8c3aaab
 .text.RFHAL_BleInit
                0x0004f470       0x12 C:\Users\yucheng\SimplicityStudio\v4_workspace\soc-btmesh-prov_new\protocol\bluetooth\lib\EFR32XG13X\GCC\libbluetooth_mesh.a(rail_ble_rf_hal.o)
                0x0004f470                RAILINT_c9e391ec0aca95ac3fcb39c2a85bfbd7
 *fill*         0x0004f482        0x2 
 .text.RFHAL_IsBleLongRangeEnabled
                0x0004f484       0x18 C:\Users\yucheng\SimplicityStudio\v4_workspace\soc-btmesh-prov_new\protocol\bluetooth\lib\EFR32XG13X\GCC\libbluetooth_mesh.a(rail_ble_rf_hal.o)
                0x0004f484                RAILINT_b1bc1368cb0ab6c3a512d68344391b7e
 .text.RFHAL_BLEPreambleSyncWordSet
                0x0004f49c       0x44 C:\Users\yucheng\SimplicityStudio\v4_workspace\soc-btmesh-prov_new\protocol\bluetooth\lib\EFR32XG13X\GCC\libbluetooth_mesh.a(rail_ble_rf_hal.o)
                0x0004f49c                RAILINT_ea38e09a46dca6f91d142e88e3db7e0e
 .text.RFHAL_BLEWhiteningSet
                0x0004f4e0       0x68 C:\Users\yucheng\SimplicityStudio\v4_workspace\soc-btmesh-prov_new\protocol\bluetooth\lib\EFR32XG13X\GCC\libbluetooth_mesh.a(rail_ble_rf_hal.o)
                0x0004f4e0                RAILINT_f866b70e0793b3932db6c314ddec02ae
 .text.RFHAL_BlePhySwitchToRx
                0x0004f548       0xc0 C:\Users\yucheng\SimplicityStudio\v4_workspace\soc-btmesh-prov_new\protocol\bluetooth\lib\EFR32XG13X\GCC\libbluetooth_mesh.a(rail_ble_rf_hal.o)
                0x0004f548                RAILINT_385c26eda9eb82a18dffc09180dc91d8
 .text.RAIL_WriteTxFifo
                0x0004f608        0x8 C:\Users\yucheng\SimplicityStudio\v4_workspace\soc-btmesh-prov_new\protocol\bluetooth\lib\EFR32XG13X\GCC\libbluetooth_mesh.a(rail_data.o)
                0x0004f608                RAIL_WriteTxFifo
 .text.RAIL_SetTxFifo
                0x0004f610        0x8 C:\Users\yucheng\SimplicityStudio\v4_workspace\soc-btmesh-prov_new\protocol\bluetooth\lib\EFR32XG13X\GCC\libbluetooth_mesh.a(rail_data.o)
                0x0004f610                RAIL_SetTxFifo
 .text.RAIL_SetRxFifo
                0x0004f618        0x8 C:\Users\yucheng\SimplicityStudio\v4_workspace\soc-btmesh-prov_new\protocol\bluetooth\lib\EFR32XG13X\GCC\libbluetooth_mesh.a(rail_data.o)
                0x0004f618                RAIL_SetRxFifo
 .text.RAILCb_SetupRxFifo
                0x0004f620       0x30 C:\Users\yucheng\SimplicityStudio\v4_workspace\soc-btmesh-prov_new\protocol\bluetooth\lib\EFR32XG13X\GCC\libbluetooth_mesh.a(rail_data.o)
                0x0004f620                RAILCb_SetupRxFifo
 .text.RAIL_GetRxPacketInfo
                0x0004f650        0x8 C:\Users\yucheng\SimplicityStudio\v4_workspace\soc-btmesh-prov_new\protocol\bluetooth\lib\EFR32XG13X\GCC\libbluetooth_mesh.a(rail_data.o)
                0x0004f650                RAIL_GetRxPacketInfo
 .text.RAIL_GetRxPacketDetailsAlt
                0x0004f658        0x8 C:\Users\yucheng\SimplicityStudio\v4_workspace\soc-btmesh-prov_new\protocol\bluetooth\lib\EFR32XG13X\GCC\libbluetooth_mesh.a(rail_data.o)
                0x0004f658                RAIL_GetRxPacketDetailsAlt
 .text.RAIL_GetRxTimePreambleStartAlt
                0x0004f660        0x8 C:\Users\yucheng\SimplicityStudio\v4_workspace\soc-btmesh-prov_new\protocol\bluetooth\lib\EFR32XG13X\GCC\libbluetooth_mesh.a(rail_data.o)
                0x0004f660                RAIL_GetRxTimePreambleStartAlt
 .text.RAIL_ResetFifo
                0x0004f668       0x24 C:\Users\yucheng\SimplicityStudio\v4_workspace\soc-btmesh-prov_new\protocol\bluetooth\lib\EFR32XG13X\GCC\libbluetooth_mesh.a(rail_data.o)
                0x0004f668                RAIL_ResetFifo
 .text.RAIL_ConfigPti
                0x0004f68c        0x6 C:\Users\yucheng\SimplicityStudio\v4_workspace\soc-btmesh-prov_new\protocol\bluetooth\lib\EFR32XG13X\GCC\libbluetooth_mesh.a(rail_pti.o)
                0x0004f68c                RAIL_ConfigPti
 .text.RAIL_EnablePti
                0x0004f692        0x6 C:\Users\yucheng\SimplicityStudio\v4_workspace\soc-btmesh-prov_new\protocol\bluetooth\lib\EFR32XG13X\GCC\libbluetooth_mesh.a(rail_pti.o)
                0x0004f692                RAIL_EnablePti
 .text.radioConfigChangedDefault