Archive member included to satisfy reference by file (symbol)

C:\Users\yucheng\SimplicityStudio\v4_workspace\soc-btmesh-prov_new\protocol\bluetooth\lib\EFR32XG13X\GCC\libpsstore.a(store.c.obj)
                              (__nvm3Base)
C:\Users\yucheng\SimplicityStudio\v4_workspace\soc-btmesh-prov_new\protocol\bluetooth\lib\EFR32XG13X\GCC\libpsstore.a(crc32.c.obj)
                              store.c.obj (symbol from plugin) (bg_crc_init)
C:\Users\yucheng\SimplicityStudio\v4_workspace\soc-btmesh-prov_new\protocol\bluetooth\lib\EFR32XG13X\GCC\libbluetooth_mesh.a(bgapi.c.obj)
                              ./app.o (symbol from plugin) (gecko_cmd_msg_buf)
C:\Users\yucheng\SimplicityStudio\v4_workspace\soc-btmesh-prov_new\protocol\bluetooth\lib\EFR32XG13X\GCC\libbluetooth_mesh.a(bgapi_gatt.c.obj)
                              bgapi.c.obj (symbol from plugin) (bgapi_gatt_listener)
C:\Users\yucheng\SimplicityStudio\v4_workspace\soc-btmesh-prov_new\protocol\bluetooth\lib\EFR32XG13X\GCC\libbluetooth_mesh.a(bgapi_hardware.c.obj)
                              ./app.o (symbol from plugin) (sli_bt_cmd_hardware_set_soft_timer)
C:\Users\yucheng\SimplicityStudio\v4_workspace\soc-btmesh-prov_new\protocol\bluetooth\lib\EFR32XG13X\GCC\libbluetooth_mesh.a(bgapi_le_connection.c.obj)
                              ./app.o (symbol from plugin) (sli_bt_cmd_le_connection_close)
C:\Users\yucheng\SimplicityStudio\v4_workspace\soc-btmesh-prov_new\protocol\bluetooth\lib\EFR32XG13X\GCC\libbluetooth_mesh.a(bgapi_ps.c.obj)
                              ./app.o (symbol from plugin) (sli_bt_cmd_flash_ps_erase_all)
C:\Users\yucheng\SimplicityStudio\v4_workspace\soc-btmesh-prov_new\protocol\bluetooth\lib\EFR32XG13X\GCC\libbluetooth_mesh.a(bgapi_system.c.obj)
                              ./app.o (symbol from plugin) (sli_bt_cmd_system_reset)
C:\Users\yucheng\SimplicityStudio\v4_workspace\soc-btmesh-prov_new\protocol\bluetooth\lib\EFR32XG13X\GCC\libbluetooth_mesh.a(bgbuf.c.obj)
                              bgapi.c.obj (symbol from plugin) (bgbuf_chain_free)
C:\Users\yucheng\SimplicityStudio\v4_workspace\soc-btmesh-prov_new\protocol\bluetooth\lib\EFR32XG13X\GCC\libbluetooth_mesh.a(bglib.c.obj)
                              ./main.o (symbol from plugin) (gecko_wait_event)
C:\Users\yucheng\SimplicityStudio\v4_workspace\soc-btmesh-prov_new\protocol\bluetooth\lib\EFR32XG13X\GCC\libbluetooth_mesh.a(bondingdb.c.obj)
                              bglib.c.obj (symbol from plugin) (bondingdb_get_max_bonds)
C:\Users\yucheng\SimplicityStudio\v4_workspace\soc-btmesh-prov_new\protocol\bluetooth\lib\EFR32XG13X\GCC\libbluetooth_mesh.a(btl_interface.c.obj)
                              bgapi.c.obj (symbol from plugin) (bootloader_getInfo)
C:\Users\yucheng\SimplicityStudio\v4_workspace\soc-btmesh-prov_new\protocol\bluetooth\lib\EFR32XG13X\GCC\libbluetooth_mesh.a(efr32xg1x.c.obj)
                              bglib.c.obj (symbol from plugin) (bg_hal_set_ctune)
C:\Users\yucheng\SimplicityStudio\v4_workspace\soc-btmesh-prov_new\protocol\bluetooth\lib\EFR32XG13X\GCC\libbluetooth_mesh.a(gap.c.obj)
                              bglib.c.obj (symbol from plugin) (gap_reset_state)
C:\Users\yucheng\SimplicityStudio\v4_workspace\soc-btmesh-prov_new\protocol\bluetooth\lib\EFR32XG13X\GCC\libbluetooth_mesh.a(gap_adv.c.obj)
                              gap.c.obj (symbol from plugin) (gap_set_advertising_timeout)
C:\Users\yucheng\SimplicityStudio\v4_workspace\soc-btmesh-prov_new\protocol\bluetooth\lib\EFR32XG13X\GCC\libbluetooth_mesh.a(gap_periodic_adv-stubs.c.obj)
                              bglib.c.obj (symbol from plugin) (ubt_gap_alloc_periodic_adv)
C:\Users\yucheng\SimplicityStudio\v4_workspace\soc-btmesh-prov_new\protocol\bluetooth\lib\EFR32XG13X\GCC\libbluetooth_mesh.a(gap_periodic_scan-stubs.c.obj)
                              bglib.c.obj (symbol from plugin) (ubt_gap_alloc_periodic_scan)
C:\Users\yucheng\SimplicityStudio\v4_workspace\soc-btmesh-prov_new\protocol\bluetooth\lib\EFR32XG13X\GCC\libbluetooth_mesh.a(gap_resolver.c.obj)
                              gap.c.obj (symbol from plugin) (gap_address_resolver_step)
C:\Users\yucheng\SimplicityStudio\v4_workspace\soc-btmesh-prov_new\protocol\bluetooth\lib\EFR32XG13X\GCC\libbluetooth_mesh.a(gap_scan.c.obj)
                              gap.c.obj (symbol from plugin) (gap_status_set_scan_packet)
C:\Users\yucheng\SimplicityStudio\v4_workspace\soc-btmesh-prov_new\protocol\bluetooth\lib\EFR32XG13X\GCC\libbluetooth_mesh.a(gap_whitelist-stubs.c.obj)
                              bondingdb.c.obj (symbol from plugin) (gap_whitelist_clear_list)
C:\Users\yucheng\SimplicityStudio\v4_workspace\soc-btmesh-prov_new\protocol\bluetooth\lib\EFR32XG13X\GCC\libbluetooth_mesh.a(gatt.c.obj)
                              gap.c.obj (symbol from plugin) (gatt_init_connection)
C:\Users\yucheng\SimplicityStudio\v4_workspace\soc-btmesh-prov_new\protocol\bluetooth\lib\EFR32XG13X\GCC\libbluetooth_mesh.a(gatt_db_minimal.c.obj)
[...]
Memory Configuration

Name             Origin             Length             Attributes
FLASH_BOOTLOADER 0x0fe10000         0x00004000         xr
FLASH            0x00000000         0x00080000         xr
RAM              0x20000000         0x00010000         xrw
*default*        0x00000000         0xffffffff

Linker script and memory map

LOAD c:/siliconlabs/simplicitystudio/v4/developer/toolchains/gnu_arm/7.2_2017q4/bin/../lib/gcc/arm-none-eabi/7.2.1/thumb/v7e-m/fpv4-sp/softfp/crti.o
LOAD c:/siliconlabs/simplicitystudio/v4/developer/toolchains/gnu_arm/7.2_2017q4/bin/../lib/gcc/arm-none-eabi/7.2.1/thumb/v7e-m/fpv4-sp/softfp/crtbegin.o
LOAD c:/siliconlabs/simplicitystudio/v4/developer/toolchains/gnu_arm/7.2_2017q4/bin/../lib/gcc/arm-none-eabi/7.2.1/../../../../arm-none-eabi/lib/thumb/v7e-m/fpv4-sp/softfp/crt0.o
START GROUP
LOAD C:\Users\yucheng\AppData\Local\Temp\ccu6yiOa.ltrans0.ltrans.o
LOAD C:\Users\yucheng\AppData\Local\Temp\ccu6yiOa.ltrans1.ltrans.o
LOAD C:\Users\yucheng\AppData\Local\Temp\ccu6yiOa.ltrans2.ltrans.o
LOAD C:\Users\yucheng\AppData\Local\Temp\ccu6yiOa.ltrans3.ltrans.o
LOAD C:\Users\yucheng\AppData\Local\Temp\ccu6yiOa.ltrans4.ltrans.o
LOAD C:\Users\yucheng\AppData\Local\Temp\ccu6yiOa.ltrans5.ltrans.o
LOAD C:\Users\yucheng\AppData\Local\Temp\ccu6yiOa.ltrans6.ltrans.o
LOAD C:\Users\yucheng\AppData\Local\Temp\ccu6yiOa.ltrans7.ltrans.o
LOAD C:\Users\yucheng\AppData\Local\Temp\ccu6yiOa.ltrans8.ltrans.o
LOAD C:\Users\yucheng\AppData\Local\Temp\ccu6yiOa.ltrans9.ltrans.o
LOAD C:\Users\yucheng\SimplicityStudio\v4_workspace\soc-btmesh-prov_new\protocol\bluetooth\lib\EFR32XG13X\GCC\libpsstore.a
LOAD C:\Users\yucheng\SimplicityStudio\v4_workspace\soc-btmesh-prov_new\protocol\bluetooth\lib\EFR32XG13X\GCC\binapploader.o
LOAD C:\Users\yucheng\SimplicityStudio\v4_workspace\soc-btmesh-prov_new\protocol\bluetooth\lib\EFR32XG13X\GCC\libcoex.a
LOAD C:\Users\yucheng\SimplicityStudio\v4_workspace\soc-btmesh-prov_new\protocol\bluetooth\lib\EFR32XG13X\GCC\libbluetooth_mesh.a
LOAD c:/siliconlabs/simplicitystudio/v4/developer/toolchains/gnu_arm/7.2_2017q4/bin/../lib/gcc/arm-none-eabi/7.2.1/../../../../arm-none-eabi/lib/thumb/v7e-m/fpv4-sp/softfp\libm.a
END GROUP
START GROUP
LOAD c:/siliconlabs/simplicitystudio/v4/developer/toolchains/gnu_arm/7.2_2017q4/bin/../lib/gcc/arm-none-eabi/7.2.1/thumb/v7e-m/fpv4-sp/softfp\libgcc.a
LOAD c:/siliconlabs/simplicitystudio/v4/developer/toolchains/gnu_arm/7.2_2017q4/bin/../lib/gcc/arm-none-eabi/7.2.1/../../../../arm-none-eabi/lib/thumb/v7e-m/fpv4-sp/softfp\libc_nano.a
LOAD c:/siliconlabs/simplicitystudio/v4/developer/toolchains/gnu_arm/7.2_2017q4/bin/../lib/gcc/arm-none-eabi/7.2.1/../../../../arm-none-eabi/lib/thumb/v7e-m/fpv4-sp/softfp\libnosys.a
END GROUP
START GROUP
LOAD c:/siliconlabs/simplicitystudio/v4/developer/toolchains/gnu_arm/7.2_2017q4/bin/../lib/gcc/arm-none-eabi/7.2.1/thumb/v7e-m/fpv4-sp/softfp\libgcc.a
LOAD c:/siliconlabs/simplicitystudio/v4/developer/toolchains/gnu_arm/7.2_2017q4/bin/../lib/gcc/arm-none-eabi/7.2.1/../../../../arm-none-eabi/lib/thumb/v7e-m/fpv4-sp/softfp\libg_nano.a
LOAD c:/siliconlabs/simplicitystudio/v4/developer/toolchains/gnu_arm/7.2_2017q4/bin/../lib/gcc/arm-none-eabi/7.2.1/../../../../arm-none-eabi/lib/thumb/v7e-m/fpv4-sp/softfp\libc_nano.a
END GROUP
START GROUP
LOAD c:/siliconlabs/simplicitystudio/v4/developer/toolchains/gnu_arm/7.2_2017q4/bin/../lib/gcc/arm-none-eabi/7.2.1/thumb/v7e-m/fpv4-sp/softfp\libgcc.a
LOAD c:/siliconlabs/simplicitystudio/v4/developer/toolchains/gnu_arm/7.2_2017q4/bin/../lib/gcc/arm-none-eabi/7.2.1/../../../../arm-none-eabi/lib/thumb/v7e-m/fpv4-sp/softfp\libc_nano.a
END GROUP
LOAD c:/siliconlabs/simplicitystudio/v4/developer/toolchains/gnu_arm/7.2_2017q4/bin/../lib/gcc/arm-none-eabi/7.2.1/thumb/v7e-m/fpv4-sp/softfp/crtend.o
LOAD c:/siliconlabs/simplicitystudio/v4/developer/toolchains/gnu_arm/7.2_2017q4/bin/../lib/gcc/arm-none-eabi/7.2.1/thumb/v7e-m/fpv4-sp/softfp/crtn.o

.text_bootloader
                0x0fe10000        0x0
 *(.binbootloader*)
                0x0fe10000                . = ALIGN (0x4000)

.text_apploader
                0x00000000     0xa7c0
 *(.binapploader*)
 .binapploader  0x00000000     0xa7c0 C:\Users\yucheng\SimplicityStudio\v4_workspace\soc-btmesh-prov_new\protocol\bluetooth\lib\EFR32XG13X\GCC\binapploader.o

.text_signature
                0x0000a7c0       0x40
                0x0000a800                . = ALIGN (0x800)
 *fill*         0x0000a7c0       0x40 
                0x0000a800                __text_start__ = .

.text_application
                0x0000a800    0x54448
 *(.vectors)
 .vectors       0x0000a800       0xfc C:\Users\yucheng\AppData\Local\Temp\ccu6yiOa.ltrans0.ltrans.o
                0x0000a800                __Vectors
                0x0000a8fc                __Vectors_End = .
                0x000000fc                __Vectors_Size = (__Vectors_End - __Vectors)
                0x0000a8fc                __end__ = .
 *(.application_properties)
 .application_properties
                0x0000a8fc       0x40 C:\Users\yucheng\AppData\Local\Temp\ccu6yiOa.ltrans0.ltrans.o
                0x0000a8fc                bg_application_properties
 *(.gecko_configuration)
 *(.xo_configuration)
 *(.gatt_header)
 .gatt_header   0x0000a93c       0x34 C:\Users\yucheng\AppData\Local\Temp\ccu6yiOa.ltrans0.ltrans.o
 *(.gatt_data)
 .gatt_data     0x0000a970      0x2c4 C:\Users\yucheng\AppData\Local\Temp\ccu6yiOa.ltrans0.ltrans.o
 *(.text*)
 .text          0x0000ac34       0x40 c:/siliconlabs/simplicitystudio/v4/developer/toolchains/gnu_arm/7.2_2017q4/bin/../lib/gcc/arm-none-eabi/7.2.1/thumb/v7e-m/fpv4-sp/softfp/crtbegin.o
 .text          0x0000ac74       0x74 c:/siliconlabs/simplicitystudio/v4/developer/toolchains/gnu_arm/7.2_2017q4/bin/../lib/gcc/arm-none-eabi/7.2.1/../../../../arm-none-eabi/lib/thumb/v7e-m/fpv4-sp/softfp/crt0.o
                0x0000ac74                _mainCRTStartup
                0x0000ac74                _start
 .text          0x0000ace8    0x15090 C:\Users\yucheng\AppData\Local\Temp\ccu6yiOa.ltrans0.ltrans.o
                0x0000b726                CRYPTO0_IRQHandler
                0x0000b726                Default_Handler
                0x0000b726                EMU_IRQHandler
                0x0000d350                int32_to_buf.lto_priv.726
                0x0000d390                int32_from_buf.lto_priv.723
                0x0000d3c8                uint16_to_buf.lto_priv.724
                0x0000d3f4                uint16_from_buf.lto_priv.721
                0x0000d41e                int16_to_buf.lto_priv.725
                0x0000d44c                int16_from_buf.lto_priv.722
                0x00010e14                SYSTEM_ChipRevisionGet
                0x000113c8                MSC_Deinit
                0x000113ec                MSC_Init
                0x00011ae4                GPIO_PinModeSet
                0x00012adc                EMU_DCDCLnRcoBandSet
                0x00013b0c                CRYPTO_KeyRead
                0x00013b44                CRYPTO_ModulusSet
                0x00013c24                CORE_InitNvicVectorTable
                0x00013cec                CORE_SetNvicRamTableHandler
                0x00013f6a                CORE_ExitAtomic
                0x00013f84                CORE_EnterAtomic
                0x00013fe8                CORE_ExitCritical
                0x00014002                CORE_EnterCritical
                0x000144e8                CMU_ClockSelectGet
                0x00014814                CMU_ClockEnable
                0x00014d48                CMU_OscillatorEnable
                0x0001516c                SLEEP_LowestEnergyModeGet
                0x000151ac                SLEEP_SleepBlockEnd
                0x000151f8                SLEEP_SleepBlockBegin
                0x00015238                SLEEP_Init
                0x000153b6                SystemLFXOClockGet
                0x000153cc                SystemULFRCOClockGet
                0x000153de                SystemLFRCOClockGet
                0x0001541c                Reset_Handler
                0x00015468                SystemHFXOClockGet
                0x00015480                SystemHFClockGet
                0x00015604                CMU_HFXOAutostartEnable
                0x00016454                CMU_ClockSelectSet
                0x00016a00                SLEEP_Sleep
                0x000172d0                _write
                0x00017308                _sbrk
                0x00017348                _read
                0x0001739a                _lseek
                0x000173ce                _isatty
                0x000173f4                _fstat
                0x00017414                _exit
                0x0001741e                _close
                0x0001f914                main
 .text          0x0001fd78     0x7424 C:\Users\yucheng\AppData\Local\Temp\ccu6yiOa.ltrans1.ltrans.o
                0x0001ff1c                gecko_init_alloc
                0x0001ff50                sli_bt_cmd_system_reset
                0x0002040c                hci_increase_token
                0x0002041e                handle_bgapi_output.lto_priv.431
                0x00020494                sli_bt_cmd_handler_delegate
                0x00020560                sli_bt_cmd_flash_ps_erase_all
                0x00020598                sli_bt_cmd_le_connection_close
                0x000205d8                sli_bt_cmd_hardware_set_soft_timer
                0x000206f8                gecko_bgapi_class_test_init
                0x00020728                gecko_bgapi_class_system_init
                0x00020748                gecko_bgapi_class_le_connection_init
                0x0002074e                gecko_bgapi_class_hardware_init
                0x0002076c                gecko_bgapi_class_gatt_server_init
                0x00020772                gecko_bgapi_class_gatt_init
                0x0002078c                gecko_bgapi_class_le_gap_init
                0x00020792                gecko_bgapi_class_flash_init
                0x00020798                gecko_bgapi_class_dfu_init
                0x0002079e                gatt_db_handle_active
                0x0002087c                gatt_db_find_by_type_value
                0x00020c0c                send_gatt_mtu_exchanged_event
                0x00020c36                validate_scanning_phymask.lto_priv.489
                0x00020c64                gap_set_advertising_timeout.part.6
                0x00020cd0                is_explicit_legacy_advertising.lto_priv.490
                0x00020ce0                is_legacy_advertising_preferred.lto_priv.493
                0x00020d36                check_private_address_and_timer
                0x00020e08                bondingdb_is_bonded
                0x00020e28                ubt_sm_set_bond_data
                0x000210cc                gecko_stack_update_callback
                0x000210dc                gecko_external_signal
                0x000210f8                bgbuf_chain_add
                0x0002110c                bgbuf_chain_len
                0x00021120                gap_adv_update
                0x000213a4                bgbuf_prepend_no_alloc
                0x000213e6                bgbuf_chain_pop_packet
                0x0002140e                bgbuf_append_data
                0x00021432                header_invalid
                0x00021450                crc32_calc.lto_priv.344
                0x00021480                find_obj
                0x000214dc                hci_send_command
                0x00021518                hci_state_listener_init
                0x0002153e                gap_scan_update
                0x0002164c                gap_listener
                0x00021808                bgbuf_free
                0x00021890                hci_state_listener_init_default_data_length
                0x00021900                bgbuf_chain_defragment
                0x0002198c                bgbuf_chain_drop_end
                0x000219ce                bgbuf_chain_drop
                0x000219fc                bgbuf_chain_free
                0x00021ff4                cache_adv_scan_packet.lto_priv.491
                0x00022014                bgapi_ubt_listener
                0x00022720                bgbuf_alloc_int.lto_priv.359
                0x000227e0                bgbuf_alloc_size
                0x000227ee                bgbuf_chain_append_data
                0x0002298a                bgbuf_chain_append_byte.lto_priv.496.lto_priv.498
                0x0002298a                bgbuf_chain_append_byte.lto_priv.495.lto_priv.497
                0x000229a0                gap_adv_add_name.lto_priv.492
                0x00022a44                gap_adv_add_attribute.lto_priv.494
                0x00022ae2                bgbuf_clone
                0x00022b54                bgbuf_alloc_copy_data
                0x00022b7e                bgbuf_alloc
                0x00022b8a                bgbuf_split
                0x00022bda                bgbuf_prepend
                0x00022bfe                hci_state_listener_idle
                0x000240b8                gecko_wait_event
                0x0002426c                flash_write_u32.lto_priv.343
                0x000242b2                gecko_stack_init
                0x00024ed0                mesh_lib_deserialize_state
                0x00025aa2                mesh_lib_deserialize_request
                0x00026166                mesh_lib_serialize_state
                0x00026ad2                mesh_lib_serialize_request
 .text          0x0002719c     0x64b8 C:\Users\yucheng\AppData\Local\Temp\ccu6yiOa.ltrans2.ltrans.o
                0x0002719c                s81464a2878d09dbd2de6234ce8934184bf5116fd04efc613284ea48a9619bc39.lto_priv.634
                0x0002734c                s0d9fb6afc7a5b3df58c0cb7bf23273dd9d8d3988520c8c4d91dc3aaadafd363d.lto_priv.642
                0x00027488                sf644eec1fc685a1dcfbc126b2e0f411dddb5a35dbeb82fa6680d1b9ab236a975
                0x00027522                sff5d8edb927019e9aa431e9904c26e53a809fec3d12b5591132c91a055b6bf5d.lto_priv.650
                0x0002753a                se8510f144b688ef6410633a29585bd465ab7a3fbddedff297eefb28fe1b38dc3.lto_priv.644
                0x00027578                s75ee462a9cc5986ce4891cbeee598785d8942dbc3c5ddba79a00fb2769f152d6
                0x00027584                s1ffd0196d252e0f4d7e4477127421ba4a76636428213799e1381acc8a5b2e4c7
                0x000275d4                see1835b268c14345827643d2db8d6e541bbf519fb1efe3eceda8dc536ab8cfcd
                0x00027624                sd8daf9d2f525b9d7df701df05a7e9217ba3ad0f82106a4d8943a37cd8f74f9b6
                0x0002769c                seeb1c0610aeda6bc65ee4f5f170daa5706784586b3b921d785668b719f49817a
                0x000276e0                s157cafae5a5906cab81177591fca8c3c4d0bb591655d10b6e7a9df25541b87de
                0x0002878c                s9a5d365ccb583cf42f95ea1dd7551bc15ab9920f291e7c107d212bf554b7e067
                0x000287f4                s684374d330e48f781771ed004225826b421dc30045bf667a94a6ea755aadefb6
                0x0002885c                s8e98a06aab92489452ed8e5580b2df4e7e9d32f474a0c2c5280664ddea969326
                0x000288b0                sada35b0b5f97c9d9c0b01d164a6dd10afad9da0721f02c7f816ec6277cd179f8
                0x00028914                sdc8e58961101255e6e5d4d599c823819d8fa52629b05ed69310fc4dfcb069502
                0x000289c0                sd21ede9d3dab691913fddfc4a657168bba89221d6d138396a5cb280f108fa9a2
                0x00028a6c                s7d0c37c33df01886308fc9e09a56271d7cda24ab7835f01131eed20750367193
                0x00028ad0                s3458b2ec2faca0458bd702fa08a5034660c4c9dd9a2224fc04c3dd605b42bc65
                0x00028b2c                s8b00edbd50a06bb37f8636d9da31ec6855af90831a16ab747986d7902e796d6c
                0x00028c5c                scea080ffe1e928e878ddced09970d3122788582e7e816f66ccd2a9e774e00225.lto_priv.561
                0x00028ce4                scf4af741e157394c998479cb003d5cf203c5198b2e65a822cfffac72047d77b6.lto_priv.562
                0x00028d2c                s058a35f627504dd2ebcb53ed9c8dd0a2699ae3b3ed9ea263900462988391b489.lto_priv.352.lto_priv.363
                0x00028d2c                s058a35f627504dd2ebcb53ed9c8dd0a2699ae3b3ed9ea263900462988391b489.lto_priv.353.lto_priv.354
                0x00028d2c                s058a35f627504dd2ebcb53ed9c8dd0a2699ae3b3ed9ea263900462988391b489.lto_priv.351.lto_priv.393
                0x00028d2c                s058a35f627504dd2ebcb53ed9c8dd0a2699ae3b3ed9ea263900462988391b489.lto_priv.560
                0x00028d38                s017abe2391b5fa14727ae1b61760bd6e7675c87790a53b5c8ae8b51c16a53d74.lto_priv.557
                0x00028d6c                s3b12f72c86808517df0a3d6331892da2d66b8e9bbaa06d12ff26d860074fcf07.lto_priv.633
                0x00028db8                s836147ef04765530636f5d110318c78d86972384cb0a54d728cf08e7c69545c6
                0x00028dfc                s9de2d04aceb57da7832415dc572ff12ee17c2ef0d1a7d803dad8449d8300e8df
                0x00028dfe                sbf8dd28a6c6118d55cabd21f14cccd4b50441e6dcf23046d431300eda4b6b36b
                0x00028e00                s890fcd60767f256ee5b13f44afc14bb3ab7d1bdd6e247bccd10b99b1568ec506
                0x00028e02                s0a2382009035cc61f3ea65bab00791d9224b6d545564a39cd5476eb181d5decf
                0x00028e04                s44e3124870589b009fc28e44b31cd745f6481542fa286e8583deb621c9b197f1
                0x00028e06                s2213f5792ea4e59af1a2801e7bf4d0c3ab5b7b458e895d2e246136479051afe8
                0x00028e08                s97ae481bbade53fbeed96d22e388a13ab7b6a53bef24a58b595033911f65dfa6
                0x00028e0a                s7cce00725c17b5fa1f05023056c2620e6835260ee6e5dc93f877728d46fc6e96
                0x00028e0c                s55f4ce9f868bcae5747a03eb64c57f53992a4b1c06e24b47225984de0a87da06.lto_priv.612
                0x00028e54                s33ddb09eb4c066f3fb9563f60eed63069124125f2f345325983b85c24e7ad2ae.lto_priv.532
                0x00028ea4                s11db3253dc1118eb68927a6c5bc3869c6e6110f0231614c70c2200aa082c7dd9.lto_priv.374
                0x00028edc                s625a7093dd5adda3ac7c8a79ca8ffc4ccd18af00f4d862c3aead8549aec8bace
                0x00028f1c                sb1bc03e4d3c109dc962987dfcd910a0c7c00d1c755a9367d94b92928f21f161b
                0x00028f66                s8f2763f9f0326e12cd677218e03dd00123dcf327bdc744b9128684e41d3b2e41
                0x0002901c                s5a9ea35d33bf4ab8bcc7b6e7fcb5fcbcbf57fec60faa44fcbcca7ecee176e1a9
                0x00029096                s2961a7c16099e65a023def275a9a79a88d18560bcf6d8b7d3ce6fe445e71f6cd
                0x000290da                s8a5b8a30a2133f3ee9bd748bb73b8e69f6bf9b05e9118e371b70e7ac38206d20
                0x000290dc                sd5699aef6084a290996ea955f957a57987e3c370445af2997004bdc2778afabc
                0x000290de                s2ae6d5f70ead843e752f37b0ab2b8bd6029fcafbd92516271cf81c89ccf34574
                0x000290e0                sca6b944d97bd8e437696a6bdbf8b1a2fbfbd6b175986bdd2f7107d9ccfc49791
                0x000290e2                scadac62caad1a5d40102505cfbb2a19a3f029dac1f04a1735fad62916e1cc1fa
                0x000290e4                s1cd7cde67471ba6cf9414371ab606bf222b7affcbd1724981d662222dffaea86
                0x000290e6                s022dfbeed394e9c9c6835d30619ba5da6546e41f4000dd5f010303deb5f89703
                0x000290e8                s6e790e4389aaf46aab77b6ee048f85f694d1bb0f5dfae966461622fa1912d45f
                0x000290ea                sc533058bf47a8cdb1c2bd08ac2ccfa005925b95915c7feb5c92fc40e16ae2dd0
                0x000290ec                s89badc08722f8dd8cca913bb878f62f6299a5c20da4d6632d3ceb54fd838ce4c
                0x000290ee                s480292f7da1cc04043a015da5983b7d4f87306a4af91aac9046b2d42acb6a9d1
                0x000290f0                s9ca3a558bed4c088f6e6e7d34a19235cec334eb5040ba244da2d4d1467359005
                0x000290f2                sf9d1942b632d8a719f4d2937258048b03526e2949ddfe0c1c576bcfd2a2cf999
                0x000290f4                s85e415f6b5fe7877e76531ce06e83d328dc4031ac98320d4e3e7ec1286612bc9
                0x000290f6                sb674ba5b1042fb9c676d298c5ee18529c6ca3968a94669c58fbab33f9acb3bdc
                0x000290f8                s199f0081f2c9151a0a833b317bdef997cf17ca6ec8276ea394feb57dc6729a2b
                0x000290fa                s0b7f8471f464990d74e7d1f07c813369e5869a90a1c22bc34378f9970642177f
                0x000290fc                s30185812b90e18f9f842b3007d4fc63073066ba883d7ed8aec240672e062cda9
                0x000290fe                s064b9ebe14234db4a190f16cc9cf7bcb5f5784a2d9c4eacc4d1ad7e5af0148df.lto_priv.611
                0x00029128                s19afc5aeb0fa3ad5437453e4974a9aca3c414191115ed0d8573b5b0b1457b096
                0x00029158                s0c21d9c58eaf8c6fa188d6a57f53e2f862fe7079b5332d18aa8911137c359cf4
                0x000293b4                se63787913999295d3840ffda1c593788a4602db3059ec1a85a9aadadb3435d5f
                0x000293c6                s859685f3bb9cd4a78eb6cc50812d921e8f4bcb7ee9fecccb6c5b446b54795a28
                0x0002941e                s374883e05db0975f279acd0c8a7bd3843a3fdaa58062202d513dfaab3dfccf9b
                0x00029452                sb687b9f58812454f1c13f6036a5c63f36284b9e88ca9ad887c426990f7110dc0
                0x000294ae                sbd8d750ca7f3c236d340c1eaec8486d971fb17a5c4354f20d8dfef33ab592bbf.lto_priv.375
                0x000294c0                s50634a7bc4f75d381180e45dbba85383bd69c706f2da09f32bcd83277bcdb9b7.part.19
                0x00029640                s5b1748ad1dc9a094278a70ed0e64dbea6aed97ce55e1be117a5fe3cee4600ae6
                0x00029b6e                sb9218e041d1053735522b97a33a4e2fbf6598a189394289d438524a7aa7a7ef5
                0x00029cf4                s765b1fa193328ffdb2f3f7ce25795e496f38a41b928d124f2cb2abf154b13057
                0x00029d80                sc4c6a823f842d1814601d4202e4663eec22f1c956512ebca334bacebd269355b.lto_priv.544
                0x00029d9c                s7106f745c102199fe27f21960295fdb4457a22b491cfa616eb470481f7a9fe98.lto_priv.556
                0x0002a06c                s9f68a26d035d1f514a015a273071c91891899c1e9d01919edc19081ead2e6093.lto_priv.547
                0x0002a08c                sc1ba439c94aa9693f7b611877a2f066f5e83b256029e30df009fc20d45c324a3.lto_priv.517
                0x0002a22c                s20deffd09798b03c756ec709566daa6a3ebe157775a63efb71262350fa085a04.isra.6.lto_priv.677
                0x0002a22e                s0f6ebafd71f3dadc8ad0cd707109b79f26c3ce57ed94da026d1608e3afee3ce6.isra.2.lto_priv.673
                0x0002a230                s2bd23c8fceacb806d93b517200516653f75b899c45b63f4c5072c942834cc226
                0x0002a25a                s46d7d9b842802e78f5fdb50e96486612796dea28f30965d93e56c1797ed2f74d.lto_priv.358
                0x0002a278                s4942a71b887c9604bea622a56e8b8e7c6834c4b6cd7a90bc47610d8ff0b93624
                0x0002a284                scecbc50c9cf28dd98845aa205755e3e4c50ab3cbc03c879de116cb37f4edb289.lto_priv.676
                0x0002a284                scecbc50c9cf28dd98845aa205755e3e4c50ab3cbc03c879de116cb37f4edb289.lto_priv.543
                0x0002a28e                s140fecb2523112b05563909eca7c4d2a82c55e18e1b26924e4bb89bf66d072a2
                0x0002a2b8                s74943311db63db061f7c520b475f284d4651ef64249671499298784e82a76d2f
                0x0002a344                sc194bd6260d44bcdb87731a44897500a05554a74d57c0234f314a796ae93e2a9.lto_priv.378
                0x0002a360                sd2c0cd54b2e922462473101237e292fddd8f6b6c5a9358c55293140906e83307.lto_priv.360
                0x0002a388                sc8df603c436e9fb473943f05300b26e746f2b703ac67bee8441c4e04c3101c8a
                0x0002a3c8                s6604fae5a3211afd22962df72ac755c4923cd5d9ff830b5113d17fc33f814ed6
                0x0002a3d8                s4fdd739175590387efed4a3fce66a1bca4f17b519a444ac1b9e275fe54fae31a
                0x0002a3f4                s35cb1658b1849af7e6f5595ed9d54ca080a066cf5bec33ae3c3be1271fae72eb
                0x0002a444                s79558a2aefdf9c28e56d0fab6e02360b174da1e51d40a35761c4d4f3855183b9
                0x0002a468                s88e74df6d693c3d7072d1fe7fe4d86667f9069cbeff5f446a6304df81426420e
                0x0002ab24                sa03d0b469bac1de825e65e5240dff1e6682267dbae50d14bf525c5f838fb31fa
                0x0002ac2a                sb9918a94f03b53f9cd2af80918fe902a7d6580fd9d195ae323f65d68154cae84
                0x0002b8fc                s8ed8ce1780dc24cc054ca6860acf0d179d86bf06d7e550447052b1370c24f510
                0x0002b930                s00c2adf39adaa8204c45a2ebd4be1beb97d743e177096d7b15c7ebaccc5930b4
                0x0002b932                sfc7236fc386af335549083bbdc5ab61ee40369ae996f7c33ee573b7f60fa0189
                0x0002b934                sf1326fbdcf95a0ac150c56f1fc8ff59f078eeb25842c2553607970c77669509b
                0x0002c0ce                s4c1fc3457dfbdc8fcb819c6bc5ac84be47e7b227d562b941d553a6ee2cfac050.lto_priv.655
                0x0002c0e8                sf77d105cdc98bf9e14d880cc604dfcddfc60be8d071e863f9d4d7840ad8a2d20.lto_priv.654
                0x0002c13c                s2d253c1bd42f959036e93ea81c20bf17bcbcb274ed57045d0c379f0eb6a9d349.lto_priv.657
                0x0002c142                s558f5b15cd147984a99d08b7166b7a6cf6e549d431a197ddcfcff07fe47084b5.lto_priv.653
                0x0002c148                s92163386b402cdaee8513f7d70b928c7f0c4fb36d887c7843b5aaf6591fb435a.lto_priv.656
                0x0002c14e                s7266788dc15774bebd05401472adf523bae887e0d12494b84d6c2a2f3f03e15e.lto_priv.652
                0x0002c154                s69ca04e7dbbb09afef4238cc50dc02f4200b029dc0211776c95faf30ad860896.lto_priv.651
                0x0002c1ea                s83b592c88f2c5dd51cca1b1dc78a6002636b7d547197ae3460068abd6ecb3360.lto_priv.528
                0x0002c21a                sa37c220e6f0ff233549b1d082445a4acb241951f38e2afbe50814d30f33bbbdb.lto_priv.529
                0x0002c256                s48513b360ea7300b262e06734521d6d41ede06d8596657e7bd86f44506c097d1.lto_priv.635
                0x0002c764                s830e7e15d99e0b1643bf7b25846216b8e631a7100ee9b18b575da33de7099d1c.lto_priv.641
                0x0002c9a4                sdf47c9e324a5222f56ae184e90d9afb14c827d98f884492480980fa3f559625a
                0x0002ca8c                sd0a94330b4a104a8b342e6aa42697660429b35303c23dc8cbf35eebd6849be4b
                0x0002d108                s4fc10562aba71efd48b0256b2d84a9f6d2e8dfc1dc39feab41477ea452f4905b.lto_priv.643
                0x0002d15a                s738cccb74b99702612fc16313b01b070afc556cbb766cf28ed1ebee1a1794ff8.lto_priv.674
                0x0002d190                s1336475d042e8b0ad634cd8d355dadbbacdaf7d6d0d27e86768701f730075cd1
                0x0002d294                sb4cbcfb27a049a42f8c328b3b32e31225fa58acd8fa1fbd156c1086204d42f54
                0x0002d30c                se2dfec209fa446700a33541d6c1bb13dfaa01e1e866573701ba5f9140c7a7c00.lto_priv.542
                0x0002d540                s630c48516aeb8590a31d7c39d77f44f92188e774044cf17033dea58668f1b433.lto_priv.678
                0x0002d5f8                s76cb0009c38d97748c40fb80af8eb69e087d975dcb9e945047195ce1b5cf8e07
 .text.unlikely
                0x0002d654       0xb8 C:\Users\yucheng\AppData\Local\Temp\ccu6yiOa.ltrans2.ltrans.o
                0x0002d654                s1a8ee2bcac1599feb58e1b1ed33e45a95bd03febd32de637684d473d3eae735c.lto_priv.598
                0x0002d6a8                seec249431fcb9d5d5ea133fee50277659005ff96792d0f1161e15cb24ac3da5c.lto_priv.599
 .text          0x0002d70c     0x5d40 C:\Users\yucheng\AppData\Local\Temp\ccu6yiOa.ltrans3.ltrans.o
                0x0002d824                s811283eda8925aa908a29c0fb184c1693eb6e29d68029a5072949c207b4f7cb8.lto_priv.339
                0x0002d830                ccm_aes_setkey_wrap.lto_priv.336
                0x0002d834                aes_ctx_free.lto_priv.335
                0x0002d848                aes_ctx_alloc.lto_priv.334
                0x0002d85e                ccm_ctx_alloc.lto_priv.337
                0x0002d878                aes_setkey_enc_wrap.lto_priv.332
                0x0002d87c                aes_crypt_ctr_wrap.lto_priv.331
                0x0002d8c0                aes_crypt_ecb_wrap.lto_priv.330
                0x0002d8c4                ccm_ctx_free.lto_priv.338
                0x0002d8d6                bgapi_test_lib_msg_handler
                0x0002d934                sli_bt_cmd_le_gap_set_advertise_configuration
                0x0002d9fc                sli_bt_cmd_le_gap_set_advertise_report_scan_request
                0x0002da70                sli_bt_cmd_le_gap_set_advertise_channel_map
                0x0002dad4                sli_bt_cmd_le_gap_set_discovery_type
                0x0002db2c                sli_bt_cmd_le_gap_set_discovery_timing
                0x0002dbb0                sli_bt_cmd_le_gap_start_discovery
                0x0002dc40                sli_bt_cmd_le_gap_end_procedure
                0x0002dc8c                sli_bt_cmd_le_gap_start_advertising
                0x0002e09c                sli_bt_cmd_le_gap_set_advertise_timing
                0x0002e130                sli_bt_cmd_le_gap_bt5_set_adv_data
                0x0002e260                s41cf796d48d7b53f8fa7d175a2a127293b7721f1e0ec3523449edaa208a8969d
                0x0002e264                s1b49cd26019356c4c454a01517f002dc201ba322e198f3e78a2fcb7c8ad003c4
                0x0002e268                s39306f0a0d9350665a5c86f8165bd54d865e6ef7333bd8c797eb65a1fe3d3b4d
                0x0002e26c                sa5db633a61810b7b4e88e9a5213a81d5ba7ebefca2a78d7df1d0d08ca1e4089c
                0x0002e270                scc1e99b60b7e9541180287ab3d84674f647171c0094f228159f4e1db85d79750
                0x0002e274                s7fa5a335c460b33b60b9bf12f950cf0b87e4e5e1581f6561812f2a67a6b3815f
                0x0002e344                s5a9f6f074040ce74d93e3f684d76bca764d82305f4061ed5d88dfbc6574b4486
                0x0002e47c                s4ed80eb4c9e0990d91d711f47158efeab22935dcfb71e38ba6c10e05aa9130e1
                0x0002e964                s3ea5e3ec1b3dd59c69e4ba352b8f3cba76d5f8f595abc3770e933496ba25b55b
                0x0002e9b0                cmac_xor_block.lto_priv.450
                0x0002e9c6                cmac_multiply_by_u.lto_priv.451
                0x0002ea10                mbedtls_cipher_update
                0x0002eab4                mbedtls_cipher_setup
                0x0002eae8                mbedtls_cipher_free
                0x0002eb18                mbedtls_mpi_cmp_mpi
                0x0002eb98                mbedtls_mpi_cmp_int
                0x0002ebb2                mbedtls_mpi_cmp_abs
                0x0002ec14                mbedtls_mpi_bitlen
                0x0002ec54                mbedtls_mpi_grow
                0x0002ecac                mbedtls_mpi_lset
                0x0002ecd4                mbedtls_mpi_shift_r
                0x0002ed48                mbedtls_mpi_safe_cond_assign
                0x0002edb0                mbedtls_mpi_shrink
                0x0002ee1e                mbedtls_mpi_free
                0x0002ee4a                mbedtls_mpi_read_binary
                0x0002eeb6                mbedtls_mpi_copy
                0x0002ef0e                mbedtls_mpi_mul_mpi
                0x0002f510                mbedtls_mpi_sub_abs
                0x0002f69e                mbedtls_mpi_sub_mpi
                0x0002f6e8                mbedtls_mpi_add_mpi
                0x0002f730                bg_random_get_data
                0x0002f7d4                s3aac575e28da0d7964dad5ad5d6c85d4997f65b29590a405fb0f8c020dbac66b
                0x0002f8ce                bg_pool_free
                0x0002f920                bg_pool_alloc
                0x0002f93c                bg_message_run
                0x0002f9cc                bg_message_call
                0x0002f9fa                bg_message_remove_receivers
                0x0002fa30                bg_message_enqueue_free_callback.lto_priv.347
                0x0002faf4                bg_message_send
                0x0002fb3a                bg_message_cancel_matching
                0x0002fb94                bg_malloc
                0x0002fbb2                bg_message_add_receiver
                0x0002fbd6                bg_event_raise
                0x0002fc00                bg_event_allocate
                0x0002fc2c                att_buf_send
                0x0002fc48                att_send_pdu
                0x0002fc54                att_alloc_pdu_copy_data
                0x0002fc8e                att_alloc_buf
                0x0002fca6                att_alloc_pdu
                0x0002fcb6                att_send_execute_write_response
                0x0002fcd0                att_send_error_response
                0x0002fcf6                acl_find_by_index
                0x0002fd10                acl_find_by_hci_handle
                0x0002fd2c                acl_release_
                0x0002fddc                sde1a9ba2693b3ad6aac10ee8b861b8b7d7cd04179ce6c38a709765b6792f2330
                0x0002fe10                s6d380183df0b781240090db6d22dec74d362caf943d3f86b6a7a8dec2b7beb1e
                0x0002fe70                se27ffd4e335c1b287068f894ab12cd726a9f6a2615712701a687f5fd281d4cff
                0x0002fe96                s209982b582be70cf7990f9b873281f2e890fc861caea8609036859f4f0205138
                0x0002feb8                sf7e2afdb3823d4035da9afeba95a4a5af41fd8124ffccc0f72e60a1fa3a01a9f.part.0
                0x0002ffc0                s400811aa0cd11c4cb41e52ce55495c20a1bbba83da63015ee4f93f619f033e7b
                0x00030008                s3af4da5ae226a5fafe91e81ba2c31fb669ea28b51513723d8faa1123a21ee5d1
                0x00030050                s1f40accdd736e425e48d817527fb227caae2b320c9f97e70010bfc8cfe92324a
                0x0003039e                s01772fb76dbed7b3183333f0ce6d75f7231a12170ebba267e48e2c10a6f03513.part.6
                0x000303ee                sb1a0f761cc5f42b2788cab3ad9ca54ac472c702ee6f9d32aa9b48379c26abce8
                0x0003041c                s78100db7be33e72f198dd455e36a69667451e1481a8917036bb90e7f7efa52a0
                0x000304b4                sb13f131771b26c25ba0fe8c84354089a2bb045683557277aba9ec535f6236b07.part.1
                0x000307a6                se527918f4c901aeb7216061e2ab885f1e1cff68b74e80ce6403486bd4f3b8099
                0x000307e0                s97afb8527847f11a55577e950df24069f7e5a5b7f4ceff80ab51e912f6dab521
                0x00030892                sa7f5314f00bfcc4521a7d1b365a6b91c07974c97dd4da76ba113d6e86800e261
                0x00030904                s5f5c3c304aac6756cdf41d57d95d8bc3ea5739f23dfff6bb027f9a2c284c4388
                0x0003094a                sb67c72a8d289d4ba6fed3c33dec3e7e8b61af4dd0b87c24de750f5f7d271693c
                0x000309fc                s3de5170f4552a3c69475eaf4560185b592e86ecaa1683d7edd54757fdc76e33f
                0x00030a56                s671b6088cd303b07b712b0a1be2aedede858afd9462658e78c0cdbe2d753299a.lto_priv.464.lto_priv.570
                0x00030a56                s671b6088cd303b07b712b0a1be2aedede858afd9462658e78c0cdbe2d753299a.lto_priv.469.lto_priv.553
                0x00030a56                s671b6088cd303b07b712b0a1be2aedede858afd9462658e78c0cdbe2d753299a.lto_priv.466.lto_priv.614
                0x00030a56                s671b6088cd303b07b712b0a1be2aedede858afd9462658e78c0cdbe2d753299a.lto_priv.467.lto_priv.555
                0x00030a56                s671b6088cd303b07b712b0a1be2aedede858afd9462658e78c0cdbe2d753299a.lto_priv.459.lto_priv.580
                0x00030a56                s671b6088cd303b07b712b0a1be2aedede858afd9462658e78c0cdbe2d753299a.lto_priv.462.lto_priv.572
                0x00030a56                s671b6088cd303b07b712b0a1be2aedede858afd9462658e78c0cdbe2d753299a.lto_priv.470.lto_priv.605
                0x00030a56                s671b6088cd303b07b712b0a1be2aedede858afd9462658e78c0cdbe2d753299a.lto_priv.365
                0x00030a56                s671b6088cd303b07b712b0a1be2aedede858afd9462658e78c0cdbe2d753299a.lto_priv.456.lto_priv.558
                0x00030a56                s671b6088cd303b07b712b0a1be2aedede858afd9462658e78c0cdbe2d753299a.lto_priv.460.lto_priv.577
                0x00030a56                s671b6088cd303b07b712b0a1be2aedede858afd9462658e78c0cdbe2d753299a.lto_priv.463.lto_priv.571
                0x00030a56                s671b6088cd303b07b712b0a1be2aedede858afd9462658e78c0cdbe2d753299a.lto_priv.468.lto_priv.554
                0x00030a56                s671b6088cd303b07b712b0a1be2aedede858afd9462658e78c0cdbe2d753299a.lto_priv.465.lto_priv.568
                0x00030a56                s671b6088cd303b07b712b0a1be2aedede858afd9462658e78c0cdbe2d753299a.lto_priv.458.lto_priv.559
                0x00030a56                s671b6088cd303b07b712b0a1be2aedede858afd9462658e78c0cdbe2d753299a.lto_priv.457.lto_priv.581
                0x00030a56                s671b6088cd303b07b712b0a1be2aedede858afd9462658e78c0cdbe2d753299a.lto_priv.461.lto_priv.574
                0x00030a7a                s29429ac4445a8672f9894f8cb9e80d8079c3fd3b99c5a5a98ab30c5076ab5dbc
                0x00030af0                s1cbe3fe16558876dc5e8411c6e00e76e73d0dc824929cdfa88bb3c699cc6be52
                0x00030ba0                sdea61585e18ca5ec2653cd57eba0f5f5cb260711df5713dc02714c82ca8cfa1f
                0x00030ce0                s8cd570e7c4ed3e3540ac5c675077a70067e7bf80be7cabc7685a7c7bb44dff1b.part.4.lto_priv.608
                0x00030d44                s68a2e0afa498fcd2704fb14ae53ceeb80b149f4e726c3ffc6d2123e5cbe977d2.part.2.lto_priv.604
                0x00030d74                sde778c787f98f879fb24013e79bf2879330a17453cb0da1321a8695b37de5995.lto_priv.369
                0x00030df0                sd9038c93eed87bddb38a63c2f0e6d0e0c9a54e9ebc8659ec70537589ba45d407.lto_priv.607
                0x00030e24                sa9fa4419e9b98f124930888065baf4e06b65a8189054d093682a52abbff1d8e7.lto_priv.535
                0x00030e38                sc96c8ee327dbf4788de6c825351bb9921e20a75bff30be820055db7982e78ac4.lto_priv.539
                0x00030e50                s4e7adfb85a0516b47aa7b4d1a2c14f2ebff439c70cb5c934109625c077ca51a3.lto_priv.534
                0x00030e90                s0954221c1a9f9708187a6b78840c6ef452f586287a276713ec25353eb8f9406a.lto_priv.603
                0x00030ebc                sb01c0c6b5f7fad080c3b853b80a384592a7c04f998589695044f39b9dd8cc496
                0x00030f6c                sd09e90db062aba7a485b818a8b8292be87b116a80119968fb7e55f47408b4cf8.lto_priv.533
                0x00031020                sefadbf67c58fb46c289d1ab9c5d80dc12486d7cee315da1c8833f928991bae32
                0x00031050                s47d58c22dd520fdc4819aa8b4ba43c5e1bd5085d1d507c1ccc868cc96765a39d.lto_priv.537
                0x00031070                s82dd3ab8003cd2497ba2ed2c0c21b4458767185e45364604942182c9348f9aaa.lto_priv.474.lto_priv.541
                0x00031070                s82dd3ab8003cd2497ba2ed2c0c21b4458767185e45364604942182c9348f9aaa.lto_priv.364
                0x00031070                s82dd3ab8003cd2497ba2ed2c0c21b4458767185e45364604942182c9348f9aaa.lto_priv.473.lto_priv.675
                0x0003107e                s14c4813b24e87bb88444bb6a3386809cb9a78b23a4513fc89a4ee471c67c6c08.lto_priv.538
                0x00031100                s113e2670c561fa1b518d06d7a71031984f646f284cc10f4d51f7b7cb1b8d3f20.part.11
                0x00031116                sd781d953cd4f054f4e694d937d5dc29ebbf7f8922d52a3e9252aba27db72d3c9
                0x0003112c                sa9857b5d797c92bedc6af155e7303a2b28fe0c67080bd8d007b028484be03fe0
                0x0003115c                s97883586fbc16cac6a15bf423cb4894369f84caca35876f6be3e2698e78f4cb8
                0x0003118c                sefcf855296e3ebeb40461302ec77153dbc14d8b7343459d104494c055f36f37a
                0x00031208                sb3ab9401e541618ef9464dc9dc279a39fe8a98408c8627c4657039eaab26f0de
                0x0003124c                s8987b89eb8d003cb3c46e146f226893cd7d4dc045215a206c1aa1d49e810f691
                0x00031288                s1050f3816948dec04ec1c09d009193abb842d1939e7d5426d2d4a9c153fa19e4
                0x000312b8                sb0a0e7dcc0aff66940393115d537bebc9e159573c855ec5411edbeb12839bac0
                0x000312d4                sd589b776b3f7a27d2ad9980e25f89155292f3d2d0184175f503e08437ef8f345.lto_priv.606
                0x00031318                se98db4dd27ee87b19a138a390e62f7893fe203dbb85bab88a77cc8b8a614fb8f.lto_priv.579
                0x00031348                s2e706f4c17d4ea23e81bf66fdff240bb90fd55d0186c6d1eda5cbcb22504ad5e.lto_priv.536
                0x00031428                s08c36e5c93079ccf4d81647e3db1428a7d5a579a54b1e6e7f35f8d273d18e26d
                0x00031454                sfc184ab84ea5e9956e3f0cb94dc3ae7f61c042516f939e8654763716d14a7a81
                0x00031480                s1902c353513a46e4cd63cc1f67ad9b3ed6b03db525594ff1190d66187c988aaa.lto_priv.346
                0x000314e8                s31b72b6e17f66a75028f13e3b569068eab7b7f76390102ba2f9865df1577ae62
                0x00031524                se263be2a0b7c61240fd9e57a89877d3f5530a3065eb9518d2e80626d679449e1
                0x00031558                se91d2d306eb5d0ca273d89eef66266a6868c41357fc968635bd81cc32c64186a
                0x00031604                sbf2ac1065610d3d5d84bda651927927d88cb7a9e0ca536e5fd8e2941ebe14da2
                0x00031680                se2ac50849b88f78cfc22b491336fffca4e4fd919eda671a79ff653737fdaeee5
                0x000316f4                s0a1bfc2a0c5d787842e86cdcb14f277dd1cacdc8dd398d0d81fe73935d236f0b
                0x0003170c                secc6bf91f48f6e16151fd077159682ea379e98faa6c2e6e80454c04fb3c507d4
                0x00031764                s15c3aa335e4014577105e5f7ac7d6df0d79f2fc33405a5c6dc0a2a3b1c4da159
                0x000317a4                s187bcaadfa1d4bd2089d46791a381f7ca2a439c4c30cfa85d232cfc3df36bdd9.lto_priv.540
                0x0003182c                s25929c1204e68b223c0255688b49ce994e55547f2bbfbdd52bc24fe9c8c4b42a.lto_priv.531
                0x00031854                s0c6bfff49a261ea18faf7e5beb1c85f478315014f2a74981dcb05064c886f467
                0x00031a3c                s2d25e67a1dff175339e8a52a5bfc7f39aefdd0e3e7af7e01f51a5a6470bd83cf
                0x00031b50                s5df900385b51eb670f368b1ea2c786b3a6dc6727b4c5c9fb538f07fb23ed7df6
                0x00031c18                s18ca20e6edd7b1dafa111ed259e869b324c456749ccf13e15a084847d5bff424
                0x00031d14                sdae12e034c336a2007efc5ff5da68577c816387d0e5e9ac4bc409b4dd2ae493f
                0x00031db0                sd9e94f8fc36e83d2d2b276da826a5a682079ce5f587c74329cc207f253f1f473
                0x00031dfc                sb60ae40d295f456443d07c2a32c37c5a0e63f7321cd92bf5ac322a4d3a78b530
                0x00031e48                s8633ed229e1c84f4429ddba42c890c6191d9c432c0e6a84977fc4264d4c644fc
                0x00031ea4                sd9986e35a85516bf26ff6b1218cf202e6f1172c3527907ac829ee61275658a4a
                0x00031ef8                sfc9cd36a1bbb920521ea04ce8c64ab351e3bc801eff8f04e8bc97e393a4dba42
                0x00031f18                sdae43e33b155587c01dcd99a12efa714bd1bea37c2e312cdcf6f5d3015940365
                0x00031f48                saad99ac0ad18b3524a4f97ecdae7c27474b69cf8f9a5152e1dca53104d5872f6
                0x00031f60                sad25edc3cc896798a2dbff4577d09756b38b0ba95a822d83d4da80677cd8fd4e
                0x00031fc4                s4476b960ac1dbf2ac96d5a2c51857539a577e6cef3fd0127721ea1216eff0a2c
                0x000320a8                s454e80092bb670d8ea836663e842b03a18eec19a32bfe4f8a0c65cad898738dd
                0x000321a4                sa010cd761afb93ce24ca32913863e8806dbe6ba7274dae9953e7846a24bcc635
                0x00032208                sfb7bec1d149166c9890d3e0ce20dddbe96136e7a3fccd166ae1f48e6d15f6743
                0x0003258c                sccc159e0818bc3416cf5ea5e03b2db05ae2a5f61d3e670403df7b3380971840b
                0x00032608                s798b40a10a9d0a2d1c74eedfa0b5ef0cb6434a48ab5a7e5e11a862555e73c3de
                0x00032616                s53d65179ce58217b8dbbda4d6a962b325730c74ab87b5d6e6462a55cdc28bc31
                0x00032634                aes_setkey_dec_wrap.lto_priv.333
                0x000326cc                sfccfa04b675878208b0bdd7c5ae9bb6285224f7f9545ce4640a144450783d728
                0x000327b8                sc61fcdde71e46892d60e95ecb0602537c22b68b895619f4a46516071c6966c2b
                0x00032998                sf18520a544a8bfb6e33c5f6b7b9192c354f1134662a3cab32accef9a53a74ea9
                0x00032b74                s7ba794e11b8949de9e5275129b4ba633ce9f1faf54f25f6e280481b07fab0490
                0x00032da4                s13cabea84cbad62e2df1cf6ba1004329592d58650d6092e7d5d09b34d629a011
                0x00032ea8                s55aa115f5304976b41d66a7ca64ddfff017dc83836a40847cf51b17a7c642872
                0x00033308                sbdab0a659a16ba137b7d899db62f0b250227ca35db821e3eae0ad86b6f52ca17
 .text.unlikely
                0x0003344c       0xa0 C:\Users\yucheng\AppData\Local\Temp\ccu6yiOa.ltrans3.ltrans.o
                0x0003344c                mbedtls_mpi_shift_l
                0x000334da                sb757ea2164791fd86a5ee7def8113152704c255e6fc33d18b31fd6b63f0e7dfb.lto_priv.576
 .text          0x000334ec     0x54c4 C:\Users\yucheng\AppData\Local\Temp\ccu6yiOa.ltrans4.ltrans.o
                0x0003350c                s203c11a0e296da6702f974aa7096ebe966ea61a0ec7b70ba6d359e8bda6a59aa.lto_priv.664
                0x00033570                s64ec19537b527aa778a6ec009b06ebbe07b609befdc684ca07977921956276c2.lto_priv.663
                0x000335a0                s005973216bcb99fc86eb4ed314903a24bab65fe7bae1a6fa154d0eaba59507a5
                0x000335f8                s9509cad1f456d59cc5150bfdea7c49c330c5cf96288e7ca6269a009a5fe14525.lto_priv.395
                0x00033630                s8ef4b9ac3d309209e66d2226bce04413939e3e1624b0e39e6489d7577688b80b.lto_priv.660
                0x000336e8                sba37ae8601690b0896cea959395272b96624ac4b5aad20973574360601a0ed90.lto_priv.637
                0x00033c94                sb49906d77020e8eaa1b54b4f4fca378c8eacaaf023408ef9b7a29e38c8e2ae00.lto_priv.659
                0x00033e40                s195bd06d3d7dced800230fa572adb64d223a3b6c1382fc621c40b28a20ce051a
                0x00033e44                s8d64c438403c36792474ee14f02ef44de28731e5538b6b61deb7027fb9f1213d
                0x00033e48                sef1316e1438ae2cf117c40ca6556dc740ddd34034083b129a49abc7f7a4a9153
                0x00033e4c                s5519abc2b89ababc4364a73ca9bf14192bbaf331bb8f600cb502ad89d69dc189
                0x000341a0                s8f0aab60a3fbcd802f9fed3db875d19b8cb1f50f4f88cf48c5f223c481ff8068
                0x000342c8                s7d71c9802e3958162b5fdd55fa253c867fa29d2fb4c4ba23cdcbc795d5c42be2
                0x00034328                sfba4a69959f432b6a16997869735d5345a408c9f4f869c7678226c11563073aa.lto_priv.506
                0x0003441c                s90457651413029d1b805c9791502f80dad2bc331f03b9db5ed195366407d1399.lto_priv.505
                0x00034480                s6595fbcfaef90445a8a7fe8b1058808e3c4bf4a91e1235f3abbf289f9d80551a
                0x000344ac                s48391b375243824efb73ec6dd3ead576df93eaa7e3ccbb6390c54c7f7943dce1.lto_priv.361
                0x000344f4                s9ff64dc159da670e77c85b13eee3f9cbfaa7038e9c63174821f1d22e366c436c.lto_priv.349.lto_priv.350
                0x000344f4                s9ff64dc159da670e77c85b13eee3f9cbfaa7038e9c63174821f1d22e366c436c.lto_priv.519.lto_priv.669
                0x000344f4                s9ff64dc159da670e77c85b13eee3f9cbfaa7038e9c63174821f1d22e366c436c.lto_priv.520.lto_priv.609
                0x000344f4                s9ff64dc159da670e77c85b13eee3f9cbfaa7038e9c63174821f1d22e366c436c.lto_priv.348.lto_priv.392
                0x00034504                sc0bbe4f47f33af52dada84dab2be3fc53ee775c69299aff02a8271f1c942b4fb.lto_priv.509
                0x00034534                sc0b927b5dab52591298ea90e5bafc5313839b5ed12b0d58d571261e45a9b3b28
                0x000345f6                s033743affbe89c62aec89e2ef002f98eda2e968afa369e1474fb9500aad6eb05
                0x0003462c                sf365a46675558c2f81c154bfd91549a0b25271febea7a3335ac1aa340784dcfd
                0x000346a4                s679d72007eb32f71aba107132f47390d6606383fd5a0a51bd02d786edf6f1055
                0x000346c4                s8afa8bd57a010aaa072e78cbb63f2f498a52b945ba2ab92e73978fbb5a72aff7
                0x0003473a                s142612325e982800554450aa041378f4a8504d71b5dd193dd4a126296bae52a1
                0x00034776                s3c8561c978fd97690e535f33470c7a4cae732740e95669ae53f051876cf36cf6
                0x00034776                bgbuf_copy_to
                0x00035008                s7a2ef2cf9caf09b2e7bf287f1aab8a6e6825474a67084bfad2c92beb912ebc6a
                0x00035050                swapl.lto_priv.503
                0x00035054                s947f6669e09c6036614206fb2c14e49b1ae9d094fa52d588c71a512d123143d2
                0x00035228                s1e8e801ca7427338dc34d3e97947e5bfe3d14495fcb70cb319c4b8281406ab6e
                0x000353c0                sdc528b59434616cacd0b3a6d4e3017e72844ba46e00cfb5cbc5115adf3488bcc
                0x00035534                s998ea7f5216b6e1ca0e897fe0feb989b23cf8c68c723b283079a5d8c035fa2a2
                0x000356dc                s1c8bb5f1550650306aab296e8862df91c69b6ffa3e6906f99102c7b26fc89414.lto_priv.370
                0x00035730                s34fbf48579147efba8ae800ebb75fe70c3b70da86ede68139bcfdd890a68d444.lto_priv.670
                0x00035968                bgbuf_chain_links.lto_priv.525.lto_priv.575
                0x00035968                bgbuf_chain_links.lto_priv.355.lto_priv.394
                0x00035968                bgbuf_chain_links.lto_priv.523.lto_priv.718
                0x00035968                bgbuf_chain_links.lto_priv.526.lto_priv.569
                0x00035968                bgbuf_chain_links.lto_priv.356.lto_priv.357
                0x00035968                bgbuf_chain_links.lto_priv.524.lto_priv.610
                0x000359e4                s49a5aef00ed35d07789c1a79de9e63fc357b634005e3f893e064f4a74e900002.lto_priv.666
                0x000359e6                sc1caa8d631e234034408bfda5382abeb136472432d5432eb4abfc0f4c4b28078
                0x00035b00                s89514f25042a56d1f6d876f640c2de839850d5baeae349e3d922d77a14be4872
                0x00035b24                s15a8e3b6fcc9da0cc72a5c562b5f743a4f4be5adc234b47cf314c1a381c4b9b4.lto_priv.665
                0x00035bb4                s1e6876ced0d548b56d377ef41dc0f3f0b12b41ce6a9494dc8c35c87e8e3b22d7.lto_priv.667
                0x00035bf2                s3033267058558a9277cf69c7eeac6de89f91399fd2564e66cdfa2e0f949820b8.lto_priv.672
                0x00035c7a                sa36264136eaef7bbdc807fb560b6eda803241d39164a2730557470734ef84f43.lto_priv.668
                0x00035ce0                s8681d0293da3d4e9319e50b9d093b5eed863ee1d4c03d481b4634a636ecc899a.lto_priv.662
                0x00035d36                s262d060773e899a6be2dace8de0c67edeba542acbdb5ed7bfef1868a039bafd4
                0x00035de4                s217a21a7a8f3f1091596dbf4f08a61fd3c16462ef6f203ac78993ce8701dc5dd
                0x00035dfc                sc15e72523a4fff591eb1c022dda22a453478a0af2d8130b937420b069e3b7fb1
                0x00035e18                sd8a21cfa0a7aa956f6c22fc1950b44e920a03eec22249fc0b05680e2c5b406e9
                0x00035e30                s1ee9b56ab38b39eefe77c768c6fb6fddfac9d7e905cc009948dce405026bda2a
                0x00035f00                s7ae258203eebfbaaaaaa28f4a7f0e29f3444686b97ed7d00e4196a644b70ff9b.lto_priv.601
                0x00035f20                sd77738b41f860799fd52f2514eb6f59f3efc0192ddfd7b83755c1bf4311d15ed.lto_priv.602
                0x00035f3c                se056d6ad4bc905c0d7e7668c45efc58a601a7f9acbc82512b49f4a00da725978.lto_priv.573
                0x00035f4c                s61fa9467253c29a9338eb58eb8c5b76571e4a1d231c64732156dc5c669825e2c
                0x00035fa8                sb7363b9be572e36de0710513bade175b535417dd45fb4477e006a11698462f0b
                0x00035fba                s7511782b6bff733265fdc80150f483bb1a5d0f42f56c21cff7ea617278ca4bb0.lto_priv.661
                0x00035fec                s10c080622db43a528090d85d73850e3517522bdd586825533e33a2d54cddd554
                0x00036002                s5e290897ff78a4ad7bd82581b9c65827804f5ec06f676a869310df758b520ef0.lto_priv.376
                0x0003646c                se8fdcc5ebebb2334f8147607aaedca497aabf1a2f0fda9e3453c5bc59ef66f3a
                0x000364f4                s591a9d3cb97d7811692b6a6021ab401f26f51c579983fb0160bc789a43c9f31b.lto_priv.377
                0x00036524                s8b5065da1c624e6b155427ded5f11e0bb6982d11672f4d51c0870e5d8eae9f18.lto_priv.309
                0x0003654a                s9f70271461b894a5b87688c6623a275bc4aa51fdf1911c0861c253b26d2e5b8d.lto_priv.613
                0x00036570                scf693e2c0b279b154d67dd44d9403714592aefeeb7b25ed901c1737727362cc5
                0x000365c0                s776b64871e16c5fe4fd0ce9b7c158901e9ee87f3d75d954796a56d0090cebfc3.lto_priv.507
                0x00036730                s6062338c4e5acca2f7fd6a19f8db1a69bf6bd45f2ce1aa73909386af8c2ebce5.lto_priv.671
                0x000367a8                s7363c4a1809b88f585f1a98af055457294968d3f2103b534d684d54ef15926d8.lto_priv.508
                0x0003681e                sb5e3f4eb369f16c4402c3b1112765b69eb90375593ae58bc3f93192c54da5e3f
                0x00036974                s3277fbf5ab0c15a80b6b614e5aa3e78205fc99258e41a17ccc003a0c86a182cf.lto_priv.636
                0x00036b30                s9d53c1a2ffea051bd6441e519f88905446467a57e789caff4796045f80852b69
                0x00036b5c                sa4a3dd4d9c89d330f1ed88b0ab06f5ce086e9510afbb612cc8bcfb63dcee141b
                0x00036bba                sf0565216273da3f4f72c20fec26d2e0647b3b064af3e75fbb354b3fef1f61a80
                0x00036c24                s14394823fdb1a4dd6c5f0097ea0f4fa3ca90f45831c90889c96e2be2e299fb7f
                0x00036dc0                s6f57eb6a7c74529af588693aa5038e89b6815648f3a1132e31b95a690f78472a
                0x00036e42                s5cb4210b3e08c6887fc9d1d25cf45b4247e34312f4c813ceb3edbc8c31061806
                0x00036ec4                sfb236dad0e3b9a6ba5f71bf6154df58253ecfeeddf8ab1c9e230f8ce02543e59
                0x00036ff8                s15a0a36617ab2c00edef932b212592c232eef8642d944829cc0bfe4e7e296016
                0x00037082                s0d70aa0b448be667b438bb513c65613c732fa5051f0a702e0c113acb7cdca1e6
                0x00037108                sd197966131b96fedbbe10724ff77a88880847d9dd59b96f5a4210833cd3175e0.lto_priv.638
                0x00037154                s815b4ab54b5d66d4f4c099599897597aab9547f6f150416983323418fbcfcd63.lto_priv.600
                0x000372ec                s200c6d33388bd70e28fea2ed27096296cd2454fa4a17f18b07f8eb83b666fb74
                0x00037424                s0c051ca4cd653994c4bdbefc91d4a2de441889bfd6d8701556b78812eeb7d5ce
                0x00037498                sb4abdc41eb49b8e076241efa49704a180ff0e0d6e8eaefdba762fb55a4ac2ca3
                0x00037562                scfc0e2e1128071105522c23c9451e1bb2465ed08baa33cf1d9181b1d53169813
                0x000375b0                s449e7a51a7e703ed2efe63cbb5046a7a7e9db7e8d0813ad844005c51e298a967
                0x00037612                s680ca2cdc74432d47b868ed0a6658cac2b21c8f60b9eef4d342f00260234efbd
                0x00037644                s4e0e563de4943801a7497127e88f346bae5b856bfb1a2a22b704fd5999e6e691
                0x00037850                s52a958eed992c5285bed4345ee3d727bb229196b3be3728a0283b14bea5bbfac
 .text          0x000389b0     0x4d9c C:\Users\yucheng\AppData\Local\Temp\ccu6yiOa.ltrans5.ltrans.o
                0x00038aa8                ll_radioTimerExpired.lto_priv.658
                0x00038b9e                bg_pre_sleep
                0x00038ba0                bg_post_wakeup
                0x00038ba2                ll_hciCmdLeReadPhy
                0x00038dc2                ll_bgbuf_callback.lto_priv.707
                0x00039078                ll_hciCmdSetAdvertisingSetRandomAddress
                0x000390b8                ll_hciCmdSetExtendedScanResponseData
                0x000390f4                ll_hciCmdSetExtendedAdvertisingData
                0x00039130                ll_radioGetMaxTxPower
                0x00039148                ll_hciCmdSetExtendedAdvertisingParameters
                0x00039340                ll_radioLoadPacket
                0x0003938c                ll_radioGetPacketTimeWithPhy
                0x000393b0                ll_radioRandom
                0x000393d4                ll_radioReadRxPacketDetails
                0x0003942c                ll_radioReadRxPacket
                0x00039538                ll_hciCall
                0x00039558                hci_command_shared_response
                0x00039568                hci_command_init_shared
                0x00039590                hci_command_alloc
                0x000395be                hci_le_set_ext_scan_enable
                0x000395f4                hci_le_set_extended_advertising_enable
                0x00039630                hci_close_acl
                0x0003967c                hci_state_listener
                0x00039748                ll_radioSetMaxTxPower
                0x000397cc                ll_radioSetRfPathCompensation
                0x000397f0                ll_radioInit
                0x00039930                ll_startOrQueueProcedure
                0x00039bf8                hci_send_acl
                0x00039ce8                l2cap_send_update_parameters_response.lto_priv.719
                0x00039d30                l2cap_message_handler
                0x00039d6c                l2cap_send_fixed_channel
                0x0003a6d0                ll_llcpUpdateChannelMap_sender.lto_priv.399
                0x0003aa84                ll_radioRxAfterTx
                0x0003aae4                ll_radioTxAfterRx
                0x0003abe4                ll_radioTxSchedule
                0x0003ac34                ll_radioTxStart
                0x0003ac6c                ll_radioStop
                0x0003aef8                ll_radioRxSchedule
                0x0003afe0                ll_radioConfigureChannel
                0x0003baa4                ll_scanTaskPrimaryHandler
                0x0003bdb8                gecko_priority_handle
 .text          0x0003d74c     0x5334 C:\Users\yucheng\AppData\Local\Temp\ccu6yiOa.ltrans6.ltrans.o
                0x0003d74c                s9a038438b96a59eed64aababe6ec97f449cc898c03ab04d2c74a7f7c4bbc2e05.lto_priv.640
                0x0003d7dc                s57c5640bfee223650e674e78dbd5151760c9d90d8f8237f6f1859df9e8569b27.lto_priv.518
                0x0003dae4                s0c6edf4f07cfb851a379f0548f82fb1ee757c5198913c6efe66b0133af5b6da5
                0x0003db0c                sli_bt_cmd_mesh_prov_scan_unprov_beacons
                0x0003dcba                sli_bt_cmd_mesh_test_get_local_model_pub
                0x0003dd48                sli_bt_cmd_mesh_test_set_local_model_pub
                0x0003dde4                sli_bt_cmd_mesh_test_get_local_model_sub
                0x0003de80                sli_bt_cmd_mesh_test_add_local_model_sub
                0x0003dec8                sli_bt_cmd_mesh_test_bind_local_model_app
                0x0003e01c                sli_bt_cmd_mesh_generic_server_init
                0x0003e0f8                sli_bt_cmd_mesh_generic_client_init
                0x0003e1c4                sli_bt_cmd_mesh_generic_server_publish
                0x0003e224                sli_bt_cmd_mesh_generic_server_response
                0x0003e334                sli_bt_cmd_mesh_generic_server_update
                0x0003e3d8                sli_bt_cmd_mesh_prov_ddb_list_devices
                0x0003e444                sd21e5cb6df134a863b9117ed27d24e0d5823fd423e9e6d2bd0132ddb13ae527a
                0x0003e4dc                s673c2e09828377038f72219ed3bce0c4002572f9cee7aed2248f2e7834b98704
                0x0003e4ee                s7fe1a4702ca4a2a031bdce15fd77581a4c941b085e2c142edc451046c61a5642
                0x0003e4fc                sli_bt_cmd_mesh_generic_client_publish
                0x0003e5d8                sli_bt_cmd_mesh_generic_client_set
                0x0003e6c0                sli_bt_cmd_mesh_generic_client_get
                0x0003e750                sb21d7d9824ef40fe23b69077ce3609377a142dd1ba0927d96ca257ab62b323de
                0x0003e7d4                sli_bt_cmd_mesh_prov_create_appkey
                0x0003e8a0                sli_bt_cmd_mesh_prov_provision_gatt_device
                0x0003e8e8                sli_bt_cmd_mesh_prov_provision_device
                0x0003e928                sb2b9c601cc46226b5bb2932854316060b0f4ecbc09e3ac85b0759af8fd5e17e5.lto_priv.582
                0x0003e9f4                s09c27f1dcf1aa2f8cd58408797518d3afd58b33f4e6e6c4b2454fb1500044f00
                0x0003ea30                s6511bdaeedecfe11658fc89b4e16b5429bdfd823fd9bc082d860b1649aba5995
                0x0003ea74                s6e0b82721891021f166f3779383940d1ce408eff5bb1cec4e2e615bf8a262f55
                0x0003ea98                sf745b9eddd638232923ca3229e88cacaacf2aafa74770371da5c4d5d60daf09b
                0x0003eac0                s59dfc794530d0975de1f2f53f94b104bcbf320c923927523ab8443b14be389a0.lto_priv.362
                0x0003eadc                sd71f0cf7eddd46b6d8ac861f620a55ba20f6f433336a75e89e01978e5e78f4c5.isra.12.lto_priv.366
                0x0003eade                s7605ee873f62bfeb488db1a6fcaa463289294d441dcb665e91461cea0669233e.isra.8.lto_priv.550
                0x0003eae0                sd8f89ec1100339a81538c46217710e24913a0ef7e9fb11d872efd8f54d61b5a8.isra.7.lto_priv.548
                0x0003eae2                s555e05d96c28502d6d0733c44e1c44652a56e2eba66e844d22bdba7a41206103.lto_priv.504
                0x0003eb4c                sbcb44dbbb4e15915ca392a362af3aa0be96eec60363c5bfb54f719c936b2c4b0.lto_priv.502
                0x0003eb6c                s3090f14c3265652bdeef45fd059dd45b630cfd2e384a89d274e91ccf2eee559c.lto_priv.545
                0x0003ec44                s05aa84cedcc11cf1c562137c390b3cbb385eae382cb5349ed3cdb9cbe87d95ac
                0x0003ecb0                s9610a5a138da8a33629598358a9ac6e952b2e337f916aa05ee616ccd21fcd676.lto_priv.578
                0x0003ed1a                seb5bf1da0c9ed9347cd8bc15e5634dc71718bcd4cab32c48dcb28bea072dc14a
                0x0003ed4c                s43b667355dd07062fe0261de806a446b9e11c49e03ade53aa00d1d143b39cd91.lto_priv.368
                0x0003ed9c                s1f5aa6f1203ab098ddb83c749573190ebbab63dcccd24d476c32d143c6ee4e13.lto_priv.551
                0x0003edd4                sbe611936fb650bb99f0f716692b319df56b7830ef06d395f77006712fe85dcb8
                0x0003edd4                s2384d1b9c68b740f6854fc208e7a4057cce5d2ec610e13e0a2ffa4bd59c74f9f
                0x0003edd6                s61e8044af69aa24a7b2ee8b8b10d9f667017fa329e84958144542c19b7f4fbc7.lto_priv.639
                0x00040e50                sli_bt_cmd_mesh_prov_create_network
                0x00040f1c                s21b03dd586d728cd675973bf87cc7df0b94301a77a7148ef41693704498750f5.isra.22.lto_priv.549
                0x00041054                mesh_trans_send_sdu
                0x0004177c                s4df97908585f13e4f95c41529f173c5feae8db8c963509c90b492826dbcc9c34.lto_priv.367
                0x000419b8                s8f611065e0c9bc6023b9164d9f68d2ec67a5c05ebeaa8547ea295b13df3b6a3c.lto_priv.546
                0x00041a0c                s2d8d60151f84e2fe74c36f9345a673a736f6d41e148e924262ba779b16ff2942
 .text.unlikely
                0x00042a80       0x3a C:\Users\yucheng\AppData\Local\Temp\ccu6yiOa.ltrans6.ltrans.o
                0x00042a80                s13c87fcd1e7b3daa26d5cd11518ed7984adeafe4dfd73084375b248b53f47225
 *fill*         0x00042aba        0x2 
 .text          0x00042abc     0x4f24 C:\Users\yucheng\AppData\Local\Temp\ccu6yiOa.ltrans7.ltrans.o
                0x00042abc                s5ad1fa4191f3ccb36fb97c2ef6225191588ef0fd75f8cc98a16e688db40d5bfa.lto_priv.340
                0x00042b16                s5152318604d3b3e95e664e84eb14a56c721d1c0cc372c068ae948753661e95a5
                0x00042e26                se70c2aa28d2f59c7577823c670ab2389ad7d7455a3313477adcd39c3bac98240
                0x0004301e                se177993e65d25aec1d94c79eefcc5f6dd32b2769de76fe9a4aa781e2e8085566.lto_priv.646
                0x0004302c                saf6eefd7356a5287edab9e35c4253f99abf7f72c8c7ceefbf9056fe4ea564aeb.lto_priv.645
                0x00043038                s72779115b1b07fe678f0d68ddd2c3b732b8d9d0591b9f1ea6615a8f2754843c9
                0x00043850                s7a7660b4e42ffc7178b6ee3d394b9b3f153dfab2816d5cc25a0a94fb491fb79b.lto_priv.388
                0x000438b0                sf76c7740676ad4b729d57b6fb75ee679e37dbe08d3b7483121a75727256f9e5b.lto_priv.389
                0x000438ee                s1054add7b737c2e8a1eb5454fa7d500e5da5ca554d4238ec791bfb1eadc21f34.lto_priv.386
                0x00043920                s82671978564b6495334f191e363e3cbca289c131b22d30ffc25c1755db7043f4.lto_priv.385
                0x0004394c                s47da7acdfd98a4e5a9c2b636de26ba92ecfab08d82f1eafe492c3698cf5756d9.lto_priv.391
                0x000439c8                sd978329e24d702e6d54df91f0a63a8cbd7fd71bad0754ab6583e659137bb6805.lto_priv.390
                0x00043a40                s0dc9f3dac3978978783c93d16465792ca693c636ffb19cce20e8809d9cbaf0af.lto_priv.387
                0x00043ab8                s4a2a986fd5dd9c8779079d62399c235a2b6ddbb601cb5d5b92cb838b240c2f19.lto_priv.342
                0x00043ae8                s087f70de52ac3dee8ffc614ad91b70511c7d160dcba60f1cb04e5d71c8049996.lto_priv.341
                0x00043b1c                s1b037843a5798a501b1bf997ec66a5d32c1273f48a95622356b6cfeb2de10fb3
                0x00043b44                s806233bbd3dc53cce472d676990bebc134264d01b979aade18a51e7c661ab5e4.lto_priv.345
                0x00043b8c                s6f00d7ff79989e47e4de58201b5928a1b2e1bf2cf48f9b8ba9ec412c85f3a7ae
                0x00043e80                sbae177fa25566daf82f1d50c5c368d6ef771ae8a26258ae2eb392a54af1cf514
                0x00044034                s0198e9aaf28957347d4660bf7c76298dfdfc28068911f0cfb72e1c7f7b92ce83
                0x00044040                s4b0768ec1694b4462a50c6a0009d2c968480882bab2f3870f44b96db31289e11.lto_priv.552
                0x0004405c                scab1be5017b41f56d14d3fcef52a148bb609efd81dc7cc82de3aa10b50cc8043
                0x000440a6                s3cab21e792d54b7541fed56ab1cdc2638fc0c5dfa65136d194a7115f225fe29a
                0x000440ba                s1c191b5248f708c675e993605301d9ca96e7511e19170fce8d2ba23302a66c37.lto_priv.373
                0x000440d4                sad9cedfdff57fcf1f2e8a7cb957987afcdd37d68e343d6fb4af70f8cc2d26818.lto_priv.371
                0x000441c8                sdc285a045a4d184ba1f96a679bf976dad3cc4dd6d580b7bdcc8d7221f193317a
                0x0004420c                sad68bd15d6e2e6b2fe2e5c40a1b4e2937165ee45a1171231878240f07ff2db96.lto_priv.372
                0x000442ee                s9af9e10166b4dfbcbd649fca5486b552c344542f69d081c660bc42f9606e3c40
                0x00044464                s268808e179520926de9973ff7b3a6217a186a7862d8adaecdfb83b553adb5de7
                0x000444a2                s6cde2f2134fa96584fdcfab30c5890642817dec76c53de88f7945652b79e7ae6
                0x000444b8                s495947f0fcecf09be7c1bc75c6ed4bd12df63a4e6f8314cc576a6d8ccf270fa7
                0x000444dc                sddd99ff8736e059d0ece66ec3df74ab77094df6a97722fbc80a6b0a3c3e55697
                0x00044530                s1573ff43048a4da8c49031b54d796ef8be152c24842a072118e765733677d113
                0x00044588                sd82094e16fd26f8ee6600184603b3eae0bcdf725b7966df41c5919e2546718c7.part.5
                0x000445e0                ll_linkGetWindowWidening
                0x00044638                ll_connEncDataToBuffer
                0x00044660                ll_connEncBufferToData
                0x0004468c                ll_connValidateParams
                0x000446c6                ll_connUpdateMaxPacketLengths
                0x00044734                ll_connGetHandleByConn
                0x00044764                ll_connGetByHandle
                0x00044790                bg_bit_clr_exclusive.lto_priv.400.lto_priv.694
                0x00044790                bg_bit_clr_exclusive.lto_priv.403.lto_priv.693
                0x00044790                bg_bit_clr_exclusive.lto_priv.404.lto_priv.690
                0x00044790                bg_bit_clr_exclusive.lto_priv.401.lto_priv.692
                0x00044790                bg_bit_clr_exclusive.lto_priv.402.lto_priv.696
                0x000447a2                bg_bit_set_exclusive.lto_priv.408.lto_priv.681
                0x000447a2                bg_bit_set_exclusive.lto_priv.411.lto_priv.691
                0x000447a2                bg_bit_set_exclusive.lto_priv.407.lto_priv.697
                0x000447a2                bg_bit_set_exclusive.lto_priv.409.lto_priv.500
                0x000447a2                bg_bit_set_exclusive.lto_priv.406.lto_priv.698
                0x000447a2                bg_bit_set_exclusive.lto_priv.405.lto_priv.511
                0x000447b2                ll_connEncryptionConnectionInit
                0x000447e8                ll_connRaiseEvents
                0x00044a40                bg_bit_clr_atomic.lto_priv.414.lto_priv.720
                0x00044a40                bg_bit_clr_atomic.lto_priv.412.lto_priv.682
                0x00044a40                bg_bit_clr_atomic.lto_priv.413.lto_priv.680
                0x00044a58                bg_bit_set_atomic.lto_priv.416.lto_priv.510
                0x00044a58                bg_bit_set_atomic.lto_priv.417.lto_priv.679
                0x00044a58                bg_bit_set_atomic.lto_priv.418.lto_priv.499
                0x00044f2c                ll_channelmapUpdate
                0x00044faa                ll_connInitNew
                0x00045198                ll_channelmapUsedChannels
                0x000451c0                ll_channelmapGetChannelMap
                0x000451d8                ll_connUpdatedChannelClassification
                0x00045244                ll_advExtUpdateChannelMap
                0x00045264                ll_advGetByHandle
                0x000452ac                gatt_handle_exchange_mtu_rsp
                0x000452f8                abort_long_write.lto_priv.381
                0x00045334                end_procedure.lto_priv.382
                0x0004537e                gatt_handle_write_response
                0x00045390                gatt_handle_execute_write_response
                0x000453c8                send_characteristic_value_event.lto_priv.383
                0x0004543a                gatt_handle_read_multiple_response
                0x00045504                gatt_handle_read_blob_response
                0x0004553a                gatt_handle_read_response
                0x00045624                set_change_awareness
                0x00045660                set_client_features
                0x000456b0                mbedtls_ecp_point_free.part.8
                0x000456cc                mbedtls_ecp_check_pubkey
                0x00045874                ecp_safe_invert_jac.lto_priv.379
                0x000458bc                mbedtls_ecp_copy
                0x000458e8                mbedtls_ecp_point_free
                0x000458ee                crypto_management_release
                0x00045924                mbedtls_aes_init.part.3
                0x0004592c                mbedtls_aes_setkey_enc
                0x00045968                mbedtls_cipher_cmac_update
                0x00045a30                sl_free
                0x00045a4a                sl_calloc
                0x00045a6a                ll_connFree
                0x00045ac4                ll_advTaskStopHandle
                0x00045f4c                ll_advExtTaskHandlerWaitTx
                0x00046164                ll_advTaskHandlerWaitTx
                0x00046288                ll_connAlloc
                0x000462e8                ll_advUpdateMaxEventLength
                0x000463ec                s2c7f8256c21a35c957be583dc5b45f9844e0daca7f8d870e7167cc73e2251152.lto_priv.384
                0x000465a0                gatt_handle_read_by_group_type_response
                0x00046660                gatt_handle_read_by_type_response
                0x00046884                gatt_handle_find_by_type_value_response
                0x0004693a                gatt_handle_find_information_response
                0x00046b24                crypto_management_release_preemption
                0x00046fb0                ll_connSendData
                0x00047188                ll_connEnableDataFlow
                0x000471a0                ll_connEncryptionFail
                0x000471b6                CRYPTO_KeyBufWrite.lto_priv.487
                0x000471f0                mbedtls_aes_crypt_ctr
                0x00047388                mbedtls_aes_crypt_ecb
                0x00047430                ll_connEncryptionSetSessionKey
                0x000474c8                sd7400f1c67758aeba68a9b1772cd5984be401a023cba2a4b0091dfe27b2617d0
                0x00047604                mbedtls_ecp_group_free
                0x00047662                mbedtls_cipher_cmac_finish
                0x00047778                ecp_normalize_jac_many.lto_priv.380
 .text          0x000479e0     0x3904 C:\Users\yucheng\AppData\Local\Temp\ccu6yiOa.ltrans8.ltrans.o
                0x00047a78                BG_PRORTC_IRQHandler
                0x00047aa8                ll_task_default_callback.lto_priv.710
                0x00047ab8                ubt_event_free
                0x00047e10                sli_bt_cmd_mesh_config_client_get_dcd
                0x00047ea8                sli_bt_cmd_mesh_config_client_set_heartbeat_pub
                0x00047f70                sli_bt_cmd_mesh_config_client_bind_model
                0x0004805c                sli_bt_cmd_mesh_config_client_add_appkey
                0x00048130                gecko_bgapi_class_mesh_prov_init
                0x00048154                gecko_bgapi_class_mesh_test_init
                0x0004815a                gecko_bgapi_class_mesh_generic_client_init
                0x00048160                gecko_bgapi_class_mesh_config_client_init
                0x00048166                gecko_bgapi_class_mesh_generic_server_init
                0x0004816c                uuid_to_handle
                0x000481d0                timer_get_time
                0x000481f8                smp_ah
                0x00048288                usch_SendEvent
                0x00048298                usch_RemoveTask
                0x000482c8                task_fail.lto_priv.695
                0x000482d0                add_task.lto_priv.432
                0x00048330                nvm3_deleteObjects
                0x000483c4                ecode2bg
                0x00048404                ubt_pskey_read_callback
                0x0004841a                ubt_pskey_write_callback
                0x00048430                BTLE_LL_EventRaise
                0x000487b8                BTLE_LLToHCIEventSAP
                0x000487f0                ll_to_hci_event_handler.lto_priv.709
                0x000488d8                mesh_bgapi_listener
                0x00049334                sli_bt_cmd_mesh_config_client_add_model_sub
                0x0004945c                sli_bt_cmd_mesh_config_client_set_model_pub
                0x000496cc                sli_bt_cmd_mesh_prov_init
                0x0004b1a0                usch_Schedule
 .text          0x0004b2e4     0x401c C:\Users\yucheng\AppData\Local\Temp\ccu6yiOa.ltrans9.ltrans.o
                0x0004b482                sd69063ac414aa9b182b3715be7c99e550c11a43ab43002cd16895150daad7b64
                0x0004b59c                s8c68a0c6bf1cbdbc58c79dbdbfc6b2edeb50a6cbee567808d4d3648f5780572d
                0x0004b614                sbcd8dae26664b2a215c8d4ec6508b9de986ce387e5ac0c61d32ff9eafa46f02e.lto_priv.426
                0x0004b640                sc49df645112e0087bba00e59c32a79e66f966bcb37e78cbb3bd047b620a0f113
                0x0004b720                sf8de3044167a266727bd3087aa78703eca05d914a537eb9123555524c11c8890.lto_priv.425
                0x0004b7a0                gecko_register_bgapi_library.constprop.306
                0x0004b7e0                ccm_auth_crypt.constprop.299
                0x0004ba9c                mbedtls_ccm_setkey.constprop.295
                0x0004baf0                s6d39ade7f44649b27cc26f65d9f86fa1ec4cc84e98bf51e9e8cfc9e7988777c2.constprop.288
                0x0004bb40                s59fda895212499eb341894a754b6a8799cd070e09c2bea080538c1a9504b52d5.constprop.279
                0x0004bc18                sa6d352c37b4fa930ecbaec9816bb56056daa3d3e7623f8c520936b092a43a476.constprop.276
                0x0004bc6c                sdc7cbe274a0bd68f48e0a525a58b269c5262196daafddd164cb38663c5344a77.constprop.275
                0x0004bc9e                bg_message_enqueue.constprop.250
                0x0004bcbc                nvm3_readData.constprop.249
                0x0004bcf0                bg_pool_init_pool.constprop.238
                0x0004bd6c                bondingdb_find_by_data.part.2.constprop.224
                0x0004bdbc                hci_command_init_shared_bgbuf.constprop.222
                0x0004be10                swap_endianess.constprop.219
                0x0004be2c                l2cap_send_command_reject.constprop.204
                0x0004be74                s1111ff367ed81175c48c8adb7f8bb0bb8796a61c1f4772065b2c2f98692b0bfe.constprop.146
                0x0004be82                s72f0327aaf4a5b5d1b8846c7ff740323d8b9fb0fa26c3c39306563deba2716ea.constprop.141
                0x0004c140                sf599ad93e845ca7546af36e637dc40ee97cfb73f1ed75f7f84e849042a89b21c.part.6.constprop.132
                0x0004c2b4                s35a10c806c834b5f02b759b96a6aa0613573e4cd2d69b753a1162c661a106755.constprop.128
                0x0004c4c4                _mesh_foundation_send_byte_array_impl.constprop.124
                0x0004c504                s992c1f8497eff751a815360ace7b41ae6c84e3f304a9140490c2232261d3913d.constprop.123
                0x0004c5d0                sd2a37a3f28df5a67c6c309e951a8328fe164bc27fefa3b4e4abf9ed9d9caa37d.part.5.constprop.116
                0x0004c654                s46dec11741421a29b011731561b6bd9293ef7ee403a2428c8d41fe77d18d302c.constprop.108
                0x0004c728                s5a1766c84873223f8dc26b867cf62a40b775da77c003414a2378edf79eb83444.part.4.constprop.97
                0x0004c796                s5bac01e71862eafde6fc09a0c1f18999006b2bfdf63981372c8cec0087742186.constprop.63
                0x0004c7bc                s0e5cfab3c909f9f71123dba44681d58bb1e6ed5a637f3665f52ae72a84eb1939.constprop.57
                0x0004c8d4                s6d140d83e16c10405a1aab26ed2df289bb63c150d3c03db1eb5cdfaaf1b9eb39.constprop.53
                0x0004c9ac                s617e494c409f265694ebaceeb984e42905f3b96e1c0246796425f0b3ecac989e.constprop.48
                0x0004cb22                se416c492aedb0cb37373f93ac8e17f9ba6085f4b705624dd81bcfb1d1d52c6a4.constprop.45
                0x0004cd04                s62689b10c4ca0d4b17dbc433cdafb3331769d0ae8324352f4a061781fdf3efa3.constprop.34
                0x0004ce14                mbedtls_ecp_group_load.constprop.31
                0x0004ce80                mbedtls_mpi_write_binary.constprop.16
                0x0004cec6                s6e114f95379bb5b5d8bdcc12f0a6f184258c2b82d2191d83bb05dc6e358df3ab.constprop.15
                0x0004cf28                sa76c86811b162592dc0102cc6e17d26637d51ef5c1982f87f99ab35a53a7d670.constprop.14
                0x0004cf8c                att_send_read_by_type_request.constprop.8
                0x0004cfb6                mbedtls_internal_ecp_grp_capable
                0x0004cfc0                ecp_crypto_ddata_write.lto_priv.437
                0x0004d036                mpitobigint.lto_priv.435
                0x0004d074                CRYPTO_InstructionSequenceWait.lto_priv.311.lto_priv.439
                0x0004d074                CRYPTO_InstructionSequenceWait.lto_priv.310.lto_priv.452
                0x0004d07c                CRYPTO_DDataRead.lto_priv.317.lto_priv.440
                0x0004d07c                CRYPTO_DDataRead.lto_priv.316.lto_priv.453
                0x0004d0b6                CRYPTO_DDataWrite.lto_priv.319.lto_priv.444
                0x0004d0b6                CRYPTO_DDataWrite.lto_priv.320.lto_priv.438
                0x0004d0b6                CRYPTO_DDataWrite.lto_priv.318.lto_priv.448
                0x0004d0da                CRYPTO_DData0Write260.lto_priv.312.lto_priv.445
                0x0004d0f2                CRYPTO_DataReadUnaligned.lto_priv.322.lto_priv.433
                0x0004d0f2                CRYPTO_DataReadUnaligned.lto_priv.321.lto_priv.446
                0x0004d130                CRYPTO_DataWriteUnaligned.lto_priv.323.lto_priv.447
                0x0004d130                CRYPTO_DataWriteUnaligned.lto_priv.324.lto_priv.434
                0x0004d176                mbedtls_zeroize.lto_priv.327.lto_priv.449
                0x0004d176                mbedtls_zeroize.lto_priv.326.lto_priv.488
                0x0004d176                mbedtls_zeroize.lto_priv.328.lto_priv.443
                0x0004d176                mbedtls_zeroize.lto_priv.329.lto_priv.430
                0x0004d176                mbedtls_zeroize.lto_priv.325.lto_priv.501
                0x0004d176                zeroize
                0x0004d186                mbedtls_ccm_free
                0x0004d198                mbedtls_cipher_cmac_starts.constprop.291
                0x0004d1e4                att_send_execute_write_request
                0x0004d202                att_send_prepare_write_request
                0x0004d426                att_gatt_client_handler
                0x0004d73e                sa2d107fa6f8913066e5b4df3cdd87f0997e09273df6a7c6585f33659836c546d.isra.4.lto_priv.429
                0x0004d754                s4a2a986fd5dd9c8779079d62399c235a2b6ddbb601cb5d5b92cb838b240c2f19.part.5.lto_priv.427
                0x0004d754                s087f70de52ac3dee8ffc614ad91b70511c7d160dcba60f1cb04e5d71c8049996.part.6.lto_priv.428
                0x0004d778                see718346e034d96d58e5a80fabd20c59a92b6115337c9b9cfec2ec3d4869dfb8
                0x0004d834                sbdec9ad3cd384617597eb97673acfd1f42c77a70767f57c354430d80c2b82071
                0x0004d8b4                sce3ab1eaa7ee027e4a572370dde4aae59fcb8710f9a5aeb9155cb6bd6bec0c2e
                0x0004d942                store_delete.constprop.234
                0x0004d9f0                ll_advSetData.constprop.185
                0x0004da72                nvm3_writeData.constprop.300
                0x0004dcfc                crypto_management_acquire_preemption.constprop.191
                0x0004de40                ecp_crypto_ddata_read.lto_priv.442
                0x0004dede                crypto_mpi_div_mod.lto_priv.441
                0x0004e0fc                ecp_crypto_device_init.isra.0.lto_priv.436
                0x0004e140                mbedtls_internal_ecp_normalize_jac
                0x0004e54c                mbedtls_ecp_mul.constprop.18
                0x0004e984                s958311d77e975b6afb09c253a317568fb99686d6ed7f12efea46b505d98f5d14.constprop.294
                0x0004ea32                sd906ef5a2b1a3b6d706927e4c9811336532fa5d100dd96643833a07bb9061ee6.constprop.283
                0x0004ebec                s39143644810349b74f0af37849af2c7f3c45cd2cff47951227f2f86f0b2e6959.constprop.118
                0x0004eca4                sab502123964e55aa42c788423fe4aca83448c71c429d539ca270feacd99b8114.constprop.92
                0x0004ee88                s965e05dd09705c2e0e02fbb53c43b72c67dd0c8ea4bd0be2819ad08faf988a7e.lto_priv.424
                0x0004f1c6                s27d8feef5a0463c17bbd05963737d3704575411a97f83a4f7c6a3ea78c9bed6b.constprop.262
                0x0004f236                sd4677bf4f06b8b19a17bcc5b67deaae5de05c115d09c753f37f476dfca88290b.constprop.264
                0x0004f28e                s049e1d01f06c5f833f1916c8aa37af2664c3060cc97b8154e5e981264e5c3cfd.constprop.129
 .text.RAIL_InitTxPowerCurvesAlt
                0x0004f300       0x20 C:\Users\yucheng\SimplicityStudio\v4_workspace\soc-btmesh-prov_new\protocol\bluetooth\lib\EFR32XG13X\GCC\libbluetooth_mesh.a(pa_conversions_efr32.o)
                0x0004f300                RAIL_InitTxPowerCurvesAlt
 .text.RAIL_ConvertDbmToRaw
                0x0004f320       0xc0 C:\Users\yucheng\SimplicityStudio\v4_workspace\soc-btmesh-prov_new\protocol\bluetooth\lib\EFR32XG13X\GCC\libbluetooth_mesh.a(pa_conversions_efr32.o)
                0x0004f320                RAIL_ConvertDbmToRaw
 .text.RAIL_ConvertRawToDbm
                0x0004f3e0       0xb0 C:\Users\yucheng\SimplicityStudio\v4_workspace\soc-btmesh-prov_new\protocol\bluetooth\lib\EFR32XG13X\GCC\libbluetooth_mesh.a(pa_conversions_efr32.o)
                0x0004f3e0                RAIL_ConvertRawToDbm
 .text.RAILCore_BLE_Init
                0x0004f490       0x1c C:\Users\yucheng\SimplicityStudio\v4_workspace\soc-btmesh-prov_new\protocol\bluetooth\lib\EFR32XG13X\GCC\libbluetooth_mesh.a(rail_ble.o)
                0x0004f490                RAILINT_5068bbb2b6fcc434fb14cc631c1d5448
 .text.RAIL_BLE_Init
                0x0004f4ac        0x8 C:\Users\yucheng\SimplicityStudio\v4_workspace\soc-btmesh-prov_new\protocol\bluetooth\lib\EFR32XG13X\GCC\libbluetooth_mesh.a(rail_ble.o)
                0x0004f4ac                RAIL_BLE_Init
 .text.RAILCore_BLE_ConfigPhy1MbpsViterbi
                0x0004f4b4       0x20 C:\Users\yucheng\SimplicityStudio\v4_workspace\soc-btmesh-prov_new\protocol\bluetooth\lib\EFR32XG13X\GCC\libbluetooth_mesh.a(rail_ble.o)
                0x0004f4b4                RAILINT_e88543c9b596792889571c0f7b731dba
 .text.RAIL_BLE_ConfigPhy1MbpsViterbi
                0x0004f4d4        0x8 C:\Users\yucheng\SimplicityStudio\v4_workspace\soc-btmesh-prov_new\protocol\bluetooth\lib\EFR32XG13X\GCC\libbluetooth_mesh.a(rail_ble.o)
                0x0004f4d4                RAIL_BLE_ConfigPhy1MbpsViterbi
 .text.RAILCore_BLE_ConfigPhy2MbpsViterbi
                0x0004f4dc       0x20 C:\Users\yucheng\SimplicityStudio\v4_workspace\soc-btmesh-prov_new\protocol\bluetooth\lib\EFR32XG13X\GCC\libbluetooth_mesh.a(rail_ble.o)
                0x0004f4dc                RAILINT_1bbb34915939a1132d22091036a46419
 .text.RAIL_BLE_ConfigPhy2MbpsViterbi
                0x0004f4fc        0x8 C:\Users\yucheng\SimplicityStudio\v4_workspace\soc-btmesh-prov_new\protocol\bluetooth\lib\EFR32XG13X\GCC\libbluetooth_mesh.a(rail_ble.o)
                0x0004f4fc                RAIL_BLE_ConfigPhy2MbpsViterbi
 .text.RAILCore_BLE_ConfigPhyCoded
                0x0004f504       0x24 C:\Users\yucheng\SimplicityStudio\v4_workspace\soc-btmesh-prov_new\protocol\bluetooth\lib\EFR32XG13X\GCC\libbluetooth_mesh.a(rail_ble.o)
                0x0004f504                RAILINT_2ee23e3f7dca1747f4df921175595919
 .text.RAIL_BLE_ConfigPhyCoded
                0x0004f528        0x8 C:\Users\yucheng\SimplicityStudio\v4_workspace\soc-btmesh-prov_new\protocol\bluetooth\lib\EFR32XG13X\GCC\libbluetooth_mesh.a(rail_ble.o)
                0x0004f528                RAIL_BLE_ConfigPhyCoded
 .text.RAILCore_BLE_ConfigChannelRadioParams
                0x0004f530       0x52 C:\Users\yucheng\SimplicityStudio\v4_workspace\soc-btmesh-prov_new\protocol\bluetooth\lib\EFR32XG13X\GCC\libbluetooth_mesh.a(rail_ble.o)
                0x0004f530                RAILINT_301fd6966b03cc938549fcaff8ed0b8e
 .text.RAIL_BLE_ConfigChannelRadioParams
                0x0004f582       0x12 C:\Users\yucheng\SimplicityStudio\v4_workspace\soc-btmesh-prov_new\protocol\bluetooth\lib\EFR32XG13X\GCC\libbluetooth_mesh.a(rail_ble.o)
                0x0004f582                RAIL_BLE_ConfigChannelRadioParams
 .text.RAIL_BLE_PhySwitchToRx
                0x0004f594       0x20 C:\Users\yucheng\SimplicityStudio\v4_workspace\soc-btmesh-prov_new\protocol\bluetooth\lib\EFR32XG13X\GCC\libbluetooth_mesh.a(rail_ble.o)
                0x0004f594                RAIL_BLE_PhySwitchToRx
 .text.RFHAL_ConfigBle2MbpsViterbi
                0x0004f5b4       0x1c C:\Users\yucheng\SimplicityStudio\v4_workspace\soc-btmesh-prov_new\protocol\bluetooth\lib\EFR32XG13X\GCC\libbluetooth_mesh.a(rail_ble_rf_hal.o)
                0x0004f5b4                RAILINT_779afa263ed7c3c82ebba499c78a7403
 .text.RFHAL_ConfigBle1MbpsViterbi
                0x0004f5d0       0x1c C:\Users\yucheng\SimplicityStudio\v4_workspace\soc-btmesh-prov_new\protocol\bluetooth\lib\EFR32XG13X\GCC\libbluetooth_mesh.a(rail_ble_rf_hal.o)
                0x0004f5d0                RAILINT_66ff65441ee5a52a57deeb36588ce487
 .text.RFHAL_ConfigBleCoded
                0x0004f5ec       0x38 C:\Users\yucheng\SimplicityStudio\v4_workspace\soc-btmesh-prov_new\protocol\bluetooth\lib\EFR32XG13X\GCC\libbluetooth_mesh.a(rail_ble_rf_hal.o)
                0x0004f5ec                RAILINT_909b6a7ef307e72517ccf71f477853a4
 .text.RFHAL_BleReinit
                0x0004f624       0x1c C:\Users\yucheng\SimplicityStudio\v4_workspace\soc-btmesh-prov_new\protocol\bluetooth\lib\EFR32XG13X\GCC\libbluetooth_mesh.a(rail_ble_rf_hal.o)
                0x0004f624                RAILINT_04333b69a0dca60b3c740e5ea8c3aaab
 .text.RFHAL_BleInit
                0x0004f640       0x12 C:\Users\yucheng\SimplicityStudio\v4_workspace\soc-btmesh-prov_new\protocol\bluetooth\lib\EFR32XG13X\GCC\libbluetooth_mesh.a(rail_ble_rf_hal.o)
                0x0004f640                RAILINT_c9e391ec0aca95ac3fcb39c2a85bfbd7
 *fill*         0x0004f652        0x2 
 .text.RFHAL_IsBleLongRangeEnabled
                0x0004f654       0x18 C:\Users\yucheng\SimplicityStudio\v4_workspace\soc-btmesh-prov_new\protocol\bluetooth\lib\EFR32XG13X\GCC\libbluetooth_mesh.a(rail_ble_rf_hal.o)
                0x0004f654                RAILINT_b1bc1368cb0ab6c3a512d68344391b7e
 .text.RFHAL_BLEPreambleSyncWordSet
                0x0004f66c       0x44 C:\Users\yucheng\SimplicityStudio\v4_workspace\soc-btmesh-prov_new\protocol\bluetooth\lib\EFR32XG13X\GCC\libbluetooth_mesh.a(rail_ble_rf_hal.o)
                0x0004f66c                RAILINT_ea38e09a46dca6f91d142e88e3db7e0e
 .text.RFHAL_BLEWhiteningSet
                0x0004f6b0       0x68 C:\Users\yucheng\SimplicityStudio\v4_workspace\soc-btmesh-prov_new\protocol\bluetooth\lib\EFR32XG13X\GCC\libbluetooth_mesh.a(rail_ble_rf_hal.o)
                0x0004f6b0                RAILINT_f866b70e0793b3932db6c314ddec02ae
 .text.RFHAL_BlePhySwitchToRx
                0x0004f718       0xc0 C:\Users\yucheng\SimplicityStudio\v4_workspace\soc-btmesh-prov_new\protocol\bluetooth\lib\EFR32XG13X\GCC\libbluetooth_mesh.a(rail_ble_rf_hal.o)
                0x0004f718                RAILINT_385c26eda9eb82a18dffc09180dc91d8
 .text.RAIL_WriteTxFifo
                0x0004f7d8        0x8 C:\Users\yucheng\SimplicityStudio\v4_workspace\soc-btmesh-prov_new\protocol\bluetooth\lib\EFR32XG13X\GCC\libbluetooth_mesh.a(rail_data.o)
                0x0004f7d8                RAIL_WriteTxFifo
 .text.RAIL_SetTxFifo
                0x0004f7e0        0x8 C:\Users\yucheng\SimplicityStudio\v4_workspace\soc-btmesh-prov_new\protocol\bluetooth\lib\EFR32XG13X\GCC\libbluetooth_mesh.a(rail_data.o)
                0x0004f7e0                RAIL_SetTxFifo
 .text.RAIL_SetRxFifo
                0x0004f7e8        0x8 C:\Users\yucheng\SimplicityStudio\v4_workspace\soc-btmesh-prov_new\protocol\bluetooth\lib\EFR32XG13X\GCC\libbluetooth_mesh.a(rail_data.o)
                0x0004f7e8                RAIL_SetRxFifo
 .text.RAILCb_SetupRxFifo
                0x0004f7f0       0x30 C:\Users\yucheng\SimplicityStudio\v4_workspace\soc-btmesh-prov_new\protocol\bluetooth\lib\EFR32XG13X\GCC\libbluetooth_mesh.a(rail_data.o)
                0x0004f7f0                RAILCb_SetupRxFifo
 .text.RAIL_GetRxPacketInfo
                0x0004f820        0x8 C:\Users\yucheng\SimplicityStudio\v4_workspace\soc-btmesh-prov_new\protocol\bluetooth\lib\EFR32XG13X\GCC\libbluetooth_mesh.a(rail_data.o)
                0x0004f820                RAIL_GetRxPacketInfo
 .text.RAIL_GetRxPacketDetailsAlt
                0x0004f828        0x8 C:\Users\yucheng\SimplicityStudio\v4_workspace\soc-btmesh-prov_new\protocol\bluetooth\lib\EFR32XG13X\GCC\libbluetooth_mesh.a(rail_data.o)
                0x0004f828                RAIL_GetRxPacketDetailsAlt
 .text.RAIL_GetRxTimePreambleStartAlt
                0x0004f830        0x8 C:\Users\yucheng\SimplicityStudio\v4_workspace\soc-btmesh-prov_new\protocol\bluetooth\lib\EFR32XG13X\GCC\libbluetooth_mesh.a(rail_data.o)
                0x0004f830                RAIL_GetRxTimePreambleStartAlt
 .text.RAIL_ResetFifo
                0x0004f838       0x24 C:\Users\yucheng\SimplicityStudio\v4_workspace\soc-btmesh-prov_new\protocol\bluetooth\lib\EFR32XG13X\GCC\libbluetooth_mesh.a(rail_data.o)
                0x0004f838                RAIL_ResetFifo
 .text.RAIL_ConfigPti
                0x0004f85c        0x6 C:\Users\yucheng\SimplicityStudio\v4_workspace\soc-btmesh-prov_new\protocol\bluetooth\lib\EFR32XG13X\GCC\libbluetooth_mesh.a(rail_pti.o)
                0x0004f85c                RAIL_ConfigPti
 .text.RAIL_EnablePti
                0x0004f862        0x6 C:\Users\yucheng\SimplicityStudio\v4_workspace\soc-btmesh-prov_new\protocol\bluetooth\lib\EFR32XG13X\GCC\libbluetooth_mesh.a(rail_pti.o)
                0x0004f862                RAIL_EnablePti
 .text.radioConfigChangedDefault
                0x0004f868        0x2 C:\Users\yucheng\SimplicityStudio\v4_workspace\soc-btmesh-prov_new\protocol\bluetooth\lib\EFR32XG13X\GCC\libbluetooth_mesh.a(rail_rf.o)