Archive member included to satisfy reference by file (symbol)

C:\Users\shzheng\SimplicityStudio\v4_workspace\soc-btmesh-prov_v1.4\protocol\bluetooth\lib\EFR32XG13X\GCC\libpsstore.a(store.c.obj)
                              (__nvm3Base)
C:\Users\shzheng\SimplicityStudio\v4_workspace\soc-btmesh-prov_v1.4\protocol\bluetooth\lib\EFR32XG13X\GCC\libpsstore.a(crc32.c.obj)
                              store.c.obj (symbol from plugin) (bg_crc_init)
C:\Users\shzheng\SimplicityStudio\v4_workspace\soc-btmesh-prov_v1.4\protocol\bluetooth\lib\EFR32XG13X\GCC\libbluetooth_mesh.a(bgapi.c.obj)
                              ./app.o (symbol from plugin) (gecko_cmd_msg_buf)
C:\Users\shzheng\SimplicityStudio\v4_workspace\soc-btmesh-prov_v1.4\protocol\bluetooth\lib\EFR32XG13X\GCC\libbluetooth_mesh.a(bgapi_gatt.c.obj)
                              bgapi.c.obj (symbol from plugin) (bgapi_gatt_listener)
C:\Users\shzheng\SimplicityStudio\v4_workspace\soc-btmesh-prov_v1.4\protocol\bluetooth\lib\EFR32XG13X\GCC\libbluetooth_mesh.a(bgapi_hardware.c.obj)
                              ./app.o (symbol from plugin) (sli_bt_cmd_hardware_set_soft_timer)
C:\Users\shzheng\SimplicityStudio\v4_workspace\soc-btmesh-prov_v1.4\protocol\bluetooth\lib\EFR32XG13X\GCC\libbluetooth_mesh.a(bgapi_le_connection.c.obj)
                              ./app.o (symbol from plugin) (sli_bt_cmd_le_connection_close)
C:\Users\shzheng\SimplicityStudio\v4_workspace\soc-btmesh-prov_v1.4\protocol\bluetooth\lib\EFR32XG13X\GCC\libbluetooth_mesh.a(bgapi_ps.c.obj)
                              ./app.o (symbol from plugin) (sli_bt_cmd_flash_ps_erase_all)
C:\Users\shzheng\SimplicityStudio\v4_workspace\soc-btmesh-prov_v1.4\protocol\bluetooth\lib\EFR32XG13X\GCC\libbluetooth_mesh.a(bgapi_system.c.obj)
                              ./app.o (symbol from plugin) (sli_bt_cmd_system_reset)
C:\Users\shzheng\SimplicityStudio\v4_workspace\soc-btmesh-prov_v1.4\protocol\bluetooth\lib\EFR32XG13X\GCC\libbluetooth_mesh.a(bgbuf.c.obj)
                              bgapi.c.obj (symbol from plugin) (bgbuf_chain_free)
C:\Users\shzheng\SimplicityStudio\v4_workspace\soc-btmesh-prov_v1.4\protocol\bluetooth\lib\EFR32XG13X\GCC\libbluetooth_mesh.a(bglib.c.obj)
                              ./main.o (symbol from plugin) (gecko_wait_event)
C:\Users\shzheng\SimplicityStudio\v4_workspace\soc-btmesh-prov_v1.4\protocol\bluetooth\lib\EFR32XG13X\GCC\libbluetooth_mesh.a(bondingdb.c.obj)
                              bglib.c.obj (symbol from plugin) (bondingdb_get_max_bonds)
C:\Users\shzheng\SimplicityStudio\v4_workspace\soc-btmesh-prov_v1.4\protocol\bluetooth\lib\EFR32XG13X\GCC\libbluetooth_mesh.a(btl_interface.c.obj)
                              bgapi.c.obj (symbol from plugin) (bootloader_getInfo)
C:\Users\shzheng\SimplicityStudio\v4_workspace\soc-btmesh-prov_v1.4\protocol\bluetooth\lib\EFR32XG13X\GCC\libbluetooth_mesh.a(efr32xg1x.c.obj)
                              bglib.c.obj (symbol from plugin) (bg_hal_set_ctune)
C:\Users\shzheng\SimplicityStudio\v4_workspace\soc-btmesh-prov_v1.4\protocol\bluetooth\lib\EFR32XG13X\GCC\libbluetooth_mesh.a(gap.c.obj)
                              bglib.c.obj (symbol from plugin) (gap_reset_state)
C:\Users\shzheng\SimplicityStudio\v4_workspace\soc-btmesh-prov_v1.4\protocol\bluetooth\lib\EFR32XG13X\GCC\libbluetooth_mesh.a(gap_adv.c.obj)
                              gap.c.obj (symbol from plugin) (gap_set_advertising_timeout)
C:\Users\shzheng\SimplicityStudio\v4_workspace\soc-btmesh-prov_v1.4\protocol\bluetooth\lib\EFR32XG13X\GCC\libbluetooth_mesh.a(gap_periodic_adv-stubs.c.obj)
                              bglib.c.obj (symbol from plugin) (ubt_gap_alloc_periodic_adv)
C:\Users\shzheng\SimplicityStudio\v4_workspace\soc-btmesh-prov_v1.4\protocol\bluetooth\lib\EFR32XG13X\GCC\libbluetooth_mesh.a(gap_periodic_scan-stubs.c.obj)
                              bglib.c.obj (symbol from plugin) (ubt_gap_alloc_periodic_scan)
C:\Users\shzheng\SimplicityStudio\v4_workspace\soc-btmesh-prov_v1.4\protocol\bluetooth\lib\EFR32XG13X\GCC\libbluetooth_mesh.a(gap_resolver.c.obj)
                              gap.c.obj (symbol from plugin) (gap_address_resolver_step)
C:\Users\shzheng\SimplicityStudio\v4_workspace\soc-btmesh-prov_v1.4\protocol\bluetooth\lib\EFR32XG13X\GCC\libbluetooth_mesh.a(gap_scan.c.obj)
                              gap.c.obj (symbol from plugin) (gap_status_set_scan_packet)
C:\Users\shzheng\SimplicityStudio\v4_workspace\soc-btmesh-prov_v1.4\protocol\bluetooth\lib\EFR32XG13X\GCC\libbluetooth_mesh.a(gap_whitelist-stubs.c.obj)
                              bondingdb.c.obj (symbol from plugin) (gap_whitelist_clear_list)
C:\Users\shzheng\SimplicityStudio\v4_workspace\soc-btmesh-prov_v1.4\protocol\bluetooth\lib\EFR32XG13X\GCC\libbluetooth_mesh.a(gatt.c.obj)
                              gap.c.obj (symbol from plugin) (gatt_init_connection)
[...]
Memory Configuration

Name             Origin             Length             Attributes
FLASH_BOOTLOADER 0x0fe10000         0x00004000         xr
FLASH            0x00000000         0x00080000         xr
RAM              0x20000000         0x00010000         xrw
*default*        0x00000000         0xffffffff

Linker script and memory map

LOAD c:/siliconlabs/simplicitystudio/v4/developer/toolchains/gnu_arm/7.2_2017q4/bin/../lib/gcc/arm-none-eabi/7.2.1/thumb/v7e-m/fpv4-sp/softfp/crti.o
LOAD c:/siliconlabs/simplicitystudio/v4/developer/toolchains/gnu_arm/7.2_2017q4/bin/../lib/gcc/arm-none-eabi/7.2.1/thumb/v7e-m/fpv4-sp/softfp/crtbegin.o
LOAD c:/siliconlabs/simplicitystudio/v4/developer/toolchains/gnu_arm/7.2_2017q4/bin/../lib/gcc/arm-none-eabi/7.2.1/../../../../arm-none-eabi/lib/thumb/v7e-m/fpv4-sp/softfp/crt0.o
START GROUP
LOAD C:\Users\shzheng\AppData\Local\Temp\ccyDfyge.ltrans0.ltrans.o
LOAD C:\Users\shzheng\AppData\Local\Temp\ccyDfyge.ltrans1.ltrans.o
LOAD C:\Users\shzheng\AppData\Local\Temp\ccyDfyge.ltrans2.ltrans.o
LOAD C:\Users\shzheng\AppData\Local\Temp\ccyDfyge.ltrans3.ltrans.o
LOAD C:\Users\shzheng\AppData\Local\Temp\ccyDfyge.ltrans4.ltrans.o
LOAD C:\Users\shzheng\AppData\Local\Temp\ccyDfyge.ltrans5.ltrans.o
LOAD C:\Users\shzheng\AppData\Local\Temp\ccyDfyge.ltrans6.ltrans.o
LOAD C:\Users\shzheng\AppData\Local\Temp\ccyDfyge.ltrans7.ltrans.o
LOAD C:\Users\shzheng\AppData\Local\Temp\ccyDfyge.ltrans8.ltrans.o
LOAD C:\Users\shzheng\SimplicityStudio\v4_workspace\soc-btmesh-prov_v1.4\protocol\bluetooth\lib\EFR32XG13X\GCC\libpsstore.a
LOAD C:\Users\shzheng\SimplicityStudio\v4_workspace\soc-btmesh-prov_v1.4\protocol\bluetooth\lib\EFR32XG13X\GCC\binapploader.o
LOAD C:\Users\shzheng\SimplicityStudio\v4_workspace\soc-btmesh-prov_v1.4\protocol\bluetooth\lib\EFR32XG13X\GCC\libcoex.a
LOAD C:\Users\shzheng\SimplicityStudio\v4_workspace\soc-btmesh-prov_v1.4\protocol\bluetooth\lib\EFR32XG13X\GCC\libbluetooth_mesh.a
LOAD c:/siliconlabs/simplicitystudio/v4/developer/toolchains/gnu_arm/7.2_2017q4/bin/../lib/gcc/arm-none-eabi/7.2.1/../../../../arm-none-eabi/lib/thumb/v7e-m/fpv4-sp/softfp\libm.a
END GROUP
START GROUP
LOAD c:/siliconlabs/simplicitystudio/v4/developer/toolchains/gnu_arm/7.2_2017q4/bin/../lib/gcc/arm-none-eabi/7.2.1/thumb/v7e-m/fpv4-sp/softfp\libgcc.a
LOAD c:/siliconlabs/simplicitystudio/v4/developer/toolchains/gnu_arm/7.2_2017q4/bin/../lib/gcc/arm-none-eabi/7.2.1/../../../../arm-none-eabi/lib/thumb/v7e-m/fpv4-sp/softfp\libc_nano.a
LOAD c:/siliconlabs/simplicitystudio/v4/developer/toolchains/gnu_arm/7.2_2017q4/bin/../lib/gcc/arm-none-eabi/7.2.1/../../../../arm-none-eabi/lib/thumb/v7e-m/fpv4-sp/softfp\libnosys.a
END GROUP
START GROUP
LOAD c:/siliconlabs/simplicitystudio/v4/developer/toolchains/gnu_arm/7.2_2017q4/bin/../lib/gcc/arm-none-eabi/7.2.1/thumb/v7e-m/fpv4-sp/softfp\libgcc.a
LOAD c:/siliconlabs/simplicitystudio/v4/developer/toolchains/gnu_arm/7.2_2017q4/bin/../lib/gcc/arm-none-eabi/7.2.1/../../../../arm-none-eabi/lib/thumb/v7e-m/fpv4-sp/softfp\libg_nano.a
LOAD c:/siliconlabs/simplicitystudio/v4/developer/toolchains/gnu_arm/7.2_2017q4/bin/../lib/gcc/arm-none-eabi/7.2.1/../../../../arm-none-eabi/lib/thumb/v7e-m/fpv4-sp/softfp\libc_nano.a
END GROUP
START GROUP
LOAD c:/siliconlabs/simplicitystudio/v4/developer/toolchains/gnu_arm/7.2_2017q4/bin/../lib/gcc/arm-none-eabi/7.2.1/thumb/v7e-m/fpv4-sp/softfp\libgcc.a
LOAD c:/siliconlabs/simplicitystudio/v4/developer/toolchains/gnu_arm/7.2_2017q4/bin/../lib/gcc/arm-none-eabi/7.2.1/../../../../arm-none-eabi/lib/thumb/v7e-m/fpv4-sp/softfp\libc_nano.a
END GROUP
LOAD c:/siliconlabs/simplicitystudio/v4/developer/toolchains/gnu_arm/7.2_2017q4/bin/../lib/gcc/arm-none-eabi/7.2.1/thumb/v7e-m/fpv4-sp/softfp/crtend.o
LOAD c:/siliconlabs/simplicitystudio/v4/developer/toolchains/gnu_arm/7.2_2017q4/bin/../lib/gcc/arm-none-eabi/7.2.1/thumb/v7e-m/fpv4-sp/softfp/crtn.o

.text_bootloader
                0x0fe10000        0x0
 *(.binbootloader*)
                0x0fe10000                . = ALIGN (0x4000)

.text_apploader
                0x00000000     0xa7c0
 *(.binapploader*)
 .binapploader  0x00000000     0xa7c0 C:\Users\shzheng\SimplicityStudio\v4_workspace\soc-btmesh-prov_v1.4\protocol\bluetooth\lib\EFR32XG13X\GCC\binapploader.o

.text_signature
                0x0000a7c0       0x40
                0x0000a800                . = ALIGN (0x800)
 *fill*         0x0000a7c0       0x40 
                0x0000a800                __text_start__ = .

.text_application
                0x0000a800    0x3be6c
 *(.vectors)
 .vectors       0x0000a800       0xfc C:\Users\shzheng\AppData\Local\Temp\ccyDfyge.ltrans5.ltrans.o
                0x0000a800                __Vectors
                0x0000a8fc                __Vectors_End = .
                0x000000fc                __Vectors_Size = (__Vectors_End - __Vectors)
                0x0000a8fc                __end__ = .
 *(.application_properties)
 .application_properties
                0x0000a8fc       0x40 C:\Users\shzheng\AppData\Local\Temp\ccyDfyge.ltrans5.ltrans.o
                0x0000a8fc                bg_application_properties
 *(.gecko_configuration)
 *(.xo_configuration)
 *(.gatt_header)
 .gatt_header   0x0000a93c       0x34 C:\Users\shzheng\AppData\Local\Temp\ccyDfyge.ltrans8.ltrans.o
                0x0000a93c                bg_gattdb_data
 *(.gatt_data)
 .gatt_data     0x0000a970      0x2bc C:\Users\shzheng\AppData\Local\Temp\ccyDfyge.ltrans8.ltrans.o
                0x0000a970                bg_gattdb_data_attribute_field_30
                0x0000a978                bg_gattdb_data_attribute_field_29
                0x0000a98e                bg_gattdb_data_attribute_field_28
                0x0000a9a0                bg_gattdb_data_attribute_field_26
                0x0000a9a8                bg_gattdb_data_attribute_field_25
                0x0000a9b0                bg_gattdb_data_attribute_field_24
                0x0000a9b8                bg_gattdb_data_attribute_field_23
                0x0000a9c0                bg_gattdb_data_attribute_field_22
                0x0000a9c4                bg_gattdb_data_attribute_field_20
                0x0000a9cc                bg_gattdb_data_attribute_field_19
                0x0000a9d4                bg_gattdb_data_attribute_field_18
                0x0000a9dc                bg_gattdb_data_attribute_field_17
                0x0000a9e4                bg_gattdb_data_attribute_field_16
                0x0000a9e8                bg_gattdb_data_attribute_field_15
                0x0000a9f6                bg_gattdb_data_attribute_field_14
                0x0000a9fe                bg_gattdb_data_attribute_field_13
                0x0000aa02                bg_gattdb_data_attribute_field_12
                0x0000aa06                bg_gattdb_data_attribute_field_11
                0x0000aa10                bg_gattdb_data_attribute_field_10
                0x0000aa18                bg_gattdb_data_attribute_field_9
                0x0000aa20                bg_gattdb_data_attribute_field_8
                0x0000aa24                bg_gattdb_data_attribute_field_7
                0x0000aa2c                bg_gattdb_data_attribute_field_6
                0x0000aa34                bg_gattdb_data_attribute_field_5
                0x0000aa3c                bg_gattdb_data_attribute_field_4
                0x0000aa44                bg_gattdb_data_attribute_field_2
                0x0000aa4c                bg_gattdb_data_attribute_field_1
                0x0000aa54                bg_gattdb_data_attribute_field_0
                0x0000aa58                bg_gattdb_data_adv_uuid128_map
                0x0000aa59                bg_gattdb_data_adv_uuid16_map
                0x0000aa5e                bg_gattdb_data_attributes_dynamic_mapping_map
                0x0000aa70                bg_gattdb_data_uuidtable_128_map
                0x0000aa90                bg_gattdb_data_uuidtable_16_map
                0x0000aab8                bg_gattdb_data_attributes_map
 *(.text*)
 .text          0x0000ac2c       0x40 c:/siliconlabs/simplicitystudio/v4/developer/toolchains/gnu_arm/7.2_2017q4/bin/../lib/gcc/arm-none-eabi/7.2.1/thumb/v7e-m/fpv4-sp/softfp/crtbegin.o
 .text          0x0000ac6c       0x74 c:/siliconlabs/simplicitystudio/v4/developer/toolchains/gnu_arm/7.2_2017q4/bin/../lib/gcc/arm-none-eabi/7.2.1/../../../../arm-none-eabi/lib/thumb/v7e-m/fpv4-sp/softfp/crt0.o
                0x0000ac6c                _mainCRTStartup
                0x0000ac6c                _start
 .text          0x0000ace0     0x5350 C:\Users\shzheng\AppData\Local\Temp\ccyDfyge.ltrans0.ltrans.o
                0x0000ad74                BG_PRORTC_IRQHandler
                0x0000adac                ll_task_default_callback.lto_priv.400
                0x0000b2ec                s392d549afc178c0d7a5681ebd5332cd1899f8a76570c5c04b5025b656c20919c.lto_priv.846
                0x0000b3a8                s3a41d548aa29d3c66fb789961631ac654dcebb97302223d310cca14354ddd4c7.lto_priv.845
                0x0000b444                sli_bt_cmd_mesh_config_client_get_dcd
                0x0000b4dc                sli_bt_cmd_mesh_config_client_set_heartbeat_pub
                0x0000b5a4                sli_bt_cmd_mesh_config_client_bind_model
                0x0000b690                sli_bt_cmd_mesh_config_client_add_appkey
                0x0000b724                ubt_event_free
                0x0000b8a4                uuid_to_handle
                0x0000b908                timer_get_time
                0x0000b930                smp_ah
                0x0000b9c0                usch_SendEvent
                0x0000b9d0                usch_Schedule
                0x0000bb14                usch_RemoveTask
                0x0000bb44                add_task.lto_priv.521
                0x0000bcf0                nvm3_deleteObjects
                0x0000bd84                ecode2bg
                0x0000bdc4                ubt_pskey_read_callback
                0x0000bdda                ubt_pskey_write_callback
                0x0000bdf0                ll_scanTaskStopHandle.lto_priv.811
                0x0000bee0                ll_scanValidatePacket
                0x0000bf50                ll_scanTaskTxHandle
                0x0000bf74                ll_scanBackoffProcedure
                0x0000bfe8                ll_scanSendScanReq
                0x0000c03c                BTLE_LLToHCIEventSAP
                0x0000c070                ll_to_hci_event_handler.lto_priv.402
                0x0000c368                BTLE_LL_EventRaise
                0x0000c3f8                ll_scanExtRxProcess
                0x0000c93a                ll_scanTaskExtConnectReqSent
                0x0000c9ec                sli_bt_cmd_mesh_config_client_add_model_sub
                0x0000cb14                sli_bt_cmd_mesh_config_client_set_model_pub
                0x0000cd80                sli_bt_cmd_mesh_prov_init
                0x0000e764                gecko_priority_handle
 .text          0x00010030     0x5ba4 C:\Users\shzheng\AppData\Local\Temp\ccyDfyge.ltrans1.ltrans.o
                0x00010070                ll_radioTimerExpired.lto_priv.759
                0x00010094                ll_llcpCallbackLocalTerminate.lto_priv.767
                0x000100c4                bg_pre_sleep
                0x000100c6                bg_post_wakeup
                0x0001022c                gecko_init_alloc
                0x00010264                ll_bgbuf_callback.lto_priv.401
                0x00010558                ll_scanCheckStop.lto_priv.793
                0x0001056c                ll_scanNextChannelOrPhy.lto_priv.795
                0x000105b4                ll_scanTaskEnd
                0x000106a8                ll_radioGetMaxTxPower
                0x000106c0                ll_radioLoadPacket
                0x0001070c                ll_radioGetPacketTimeWithPhy
                0x00010730                ll_radioRandom
                0x00010754                toPhysChannel.lto_priv.797
                0x0001077e                ll_radioReadRxPacketDetails
                0x000107d8                bgbuf_chain_free
                0x00010826                getSupportedPhys.lto_priv.790
                0x0001083e                ll_llcpSend
                0x00010858                ll_llcpSendReject
                0x0001089c                ll_hciSendHCIEvent
                0x000108b8                ll_hciSendEncryptionChange
                0x000108f0                ll_hciSetCommandStatusHeader
                0x00010912                ll_hciSetMetaEventHeader
                0x0001092c                ll_hciSendAdvSetTerminated.part.4
                0x00010968                ll_hciSendLeConnectionComplete
                0x000109d0                ll_hciSetCommandCompleteHeader
                0x00010d00                ll_hciSendGenericCommandComplete
                0x00010d0e                hci_state_listener
                0x00010d40                handle_bgapi_output.lto_priv.520
                0x00010db8                sli_bt_cmd_handler_delegate
                0x00010e08                user_signal_message_handler.lto_priv.398
                0x00010e34                gatt_db_find_attribute_by_type
                0x00010e6c                gatt_db_get_16bit_char_handle
                0x00010e92                gatt_db_handle_active
                0x00010f68                gatt_db_find_by_type_value
                0x000111c8                gatt_db_calculate_hash
                0x000112f8                gatt_get_next_connection
                0x00011320                send_gatt_mtu_exchanged_event
                0x0001134a                validate_scanning_phymask.lto_priv.582
                0x00011378                gap_set_advertising_timeout.part.6
                0x000113e4                is_explicit_legacy_advertising.lto_priv.583
                0x000113f4                is_legacy_advertising_preferred.lto_priv.586
                0x0001144a                check_private_address_and_timer
                0x0001151c                bondingdb_handle_valid.lto_priv.450
                0x00011540                ubt_sm_get_bond_data
                0x00011758                bondingdb_is_bonded
                0x00011778                ubt_sm_set_bond_data
                0x000117d0                gatt_server_report_gattdb_change
                0x00011c40                gecko_stack_update_callback
                0x00011c50                gecko_external_signal
                0x00011c68                bgbuf_chain_defragment
                0x00011cf4                bgbuf_chain_drop_end
                0x00011d36                bgbuf_chain_drop
                0x00011d64                bgbuf_chain_add
                0x00011d78                bgbuf_chain_len
                0x00011d8c                gatt_db_set_data
                0x000120fc                gap_adv_update
                0x00012380                cache_adv_scan_packet.lto_priv.584
                0x000123a0                bgbuf_split
                0x000123f0                bgbuf_prepend_no_alloc
                0x00012430                bgbuf_prepend
                0x00012454                bgbuf_chain_pop_packet
                0x0001247a                bgbuf_append_data
                0x0001249e                ll_radioReadRxPacket
                0x000125ac                bgbuf_chain_append_data
                0x0001273a                bgbuf_chain_append_byte.lto_priv.589.lto_priv.591
                0x0001273a                bgbuf_chain_append_byte.lto_priv.588.lto_priv.590
                0x00012750                gap_adv_add_name.lto_priv.585
                0x000127ee                gap_adv_add_attribute.lto_priv.587
                0x0001288c                ll_radioSetMaxTxPower
                0x0001290c                ll_radioSetRfPathCompensation
                0x00012930                ll_radioInit
                0x00012a70                ll_startOrQueueProcedure
                0x00012abe                ll_llcpFeatureExchange
                0x00012c58                ll_hciSendNumberOfCompletedPackets
                0x00012d04                hci_send_acl
                0x00012e40                l2cap_message_handler
                0x00012e7c                l2cap_send_fixed_channel
                0x00012f2c                hci_close_acl
                0x000143d0                gap_scan_update
                0x000144d8                gap_listener
                0x000146ac                ll_llcpSendLengthReq
                0x0001471e                ll_llcpHandleFeatureReq.lto_priv.788
                0x000147cc                ll_radioRxAfterTx
                0x0001482c                ll_radioTxAfterRx
                0x00014848                ll_scanCheckConnectReq
                0x00014928                ll_radioTxSchedule
                0x00014978                ll_radioTxStart
                0x000149ac                ll_radioStop
                0x000149dc                ll_radioRxSchedule
                0x00014a58                ll_radioRxStart
                0x00014ac4                ll_radioConfigureChannel
                0x00014b68                ll_scanTaskPrimaryHandler
                0x00014f70                ll_connSetLlcpCallback
                0x00014fd4                ll_connClearLlcpCallback
                0x000150ac                ll_connAbortLlcp
                0x000150d6                ll_llcpCallbackPhyUpdate
                0x00015118                ll_llcpLtkReply.part.3
                0x000151d0                ll_llcpCallbackEncryption.lto_priv.761
                0x000153c8                ll_llcpCallbackChannelMapUpdate.lto_priv.762
                0x00015416                ll_llcpLinkLost
                0x00015450                ll_llcpUpdatePhyAtInstant.lto_priv.789
                0x00015498                ll_llcpMasterUpdatePhy.lto_priv.791
                0x00015580                ll_llcpStartEncryption_sender.lto_priv.764
                0x000156e4                ll_llcpReadVersionInformation_sender.lto_priv.766
                0x00015784                ll_llcpUpdateChannelMap_sender.lto_priv.487
                0x000157e8                ll_llcpConnectionUpdate_sender.lto_priv.765
                0x000158a0                ll_llcpCallbackConnectionUpdatePreListen.lto_priv.763
                0x000158e0                ll_llcpHandlePacketCommon
 .text          0x00015bd4     0x63a0 C:\Users\shzheng\AppData\Local\Temp\ccyDfyge.ltrans2.ltrans.o
                0x00015bd4                s81464a2878d09dbd2de6234ce8934184bf5116fd04efc613284ea48a9619bc39.lto_priv.736
                0x00015d52                s0d9fb6afc7a5b3df58c0cb7bf23273dd9d8d3988520c8c4d91dc3aaadafd363d.lto_priv.744
                0x00015da4                s19afc5aeb0fa3ad5437453e4974a9aca3c414191115ed0d8573b5b0b1457b096
                0x00015dd4                s0c21d9c58eaf8c6fa188d6a57f53e2f862fe7079b5332d18aa8911137c359cf4
                0x00015f08                sf644eec1fc685a1dcfbc126b2e0f411dddb5a35dbeb82fa6680d1b9ab236a975
                0x00015fa0                sff5d8edb927019e9aa431e9904c26e53a809fec3d12b5591132c91a055b6bf5d.lto_priv.751
                0x00015fb8                se8510f144b688ef6410633a29585bd465ab7a3fbddedff297eefb28fe1b38dc3.lto_priv.746
                0x00015ff8                s75ee462a9cc5986ce4891cbeee598785d8942dbc3c5ddba79a00fb2769f152d6
                0x00016004                s1ffd0196d252e0f4d7e4477127421ba4a76636428213799e1381acc8a5b2e4c7
                0x00016054                see1835b268c14345827643d2db8d6e541bbf519fb1efe3eceda8dc536ab8cfcd
                0x000160a4                sd8daf9d2f525b9d7df701df05a7e9217ba3ad0f82106a4d8943a37cd8f74f9b6
                0x0001611c                seeb1c0610aeda6bc65ee4f5f170daa5706784586b3b921d785668b719f49817a
                0x00016160                s157cafae5a5906cab81177591fca8c3c4d0bb591655d10b6e7a9df25541b87de
                0x000173f4                s9a5d365ccb583cf42f95ea1dd7551bc15ab9920f291e7c107d212bf554b7e067
                0x0001745c                s684374d330e48f781771ed004225826b421dc30045bf667a94a6ea755aadefb6
                0x000174c4                s8e98a06aab92489452ed8e5580b2df4e7e9d32f474a0c2c5280664ddea969326
                0x00017518                sada35b0b5f97c9d9c0b01d164a6dd10afad9da0721f02c7f816ec6277cd179f8
                0x0001757c                sdc8e58961101255e6e5d4d599c823819d8fa52629b05ed69310fc4dfcb069502
                0x00017628                sd21ede9d3dab691913fddfc4a657168bba89221d6d138396a5cb280f108fa9a2
                0x000176d4                s7d0c37c33df01886308fc9e09a56271d7cda24ab7835f01131eed20750367193
                0x00017738                s3458b2ec2faca0458bd702fa08a5034660c4c9dd9a2224fc04c3dd605b42bc65
                0x00017794                s8b00edbd50a06bb37f8636d9da31ec6855af90831a16ab747986d7902e796d6c
                0x000178c4                scea080ffe1e928e878ddced09970d3122788582e7e816f66ccd2a9e774e00225.lto_priv.662
                0x0001794c                scf4af741e157394c998479cb003d5cf203c5198b2e65a822cfffac72047d77b6.lto_priv.663
                0x00017994                s058a35f627504dd2ebcb53ed9c8dd0a2699ae3b3ed9ea263900462988391b489.lto_priv.443.lto_priv.457
                0x00017994                s058a35f627504dd2ebcb53ed9c8dd0a2699ae3b3ed9ea263900462988391b489.lto_priv.442.lto_priv.482
                0x00017994                s058a35f627504dd2ebcb53ed9c8dd0a2699ae3b3ed9ea263900462988391b489.lto_priv.444.lto_priv.445
                0x00017994                s058a35f627504dd2ebcb53ed9c8dd0a2699ae3b3ed9ea263900462988391b489.lto_priv.661
                0x000179a0                s017abe2391b5fa14727ae1b61760bd6e7675c87790a53b5c8ae8b51c16a53d74.lto_priv.658
                0x000179d4                s3b12f72c86808517df0a3d6331892da2d66b8e9bbaa06d12ff26d860074fcf07.lto_priv.735
                0x00017a20                s836147ef04765530636f5d110318c78d86972384cb0a54d728cf08e7c69545c6
                0x00017a64                s9de2d04aceb57da7832415dc572ff12ee17c2ef0d1a7d803dad8449d8300e8df
                0x00017a66                sbf8dd28a6c6118d55cabd21f14cccd4b50441e6dcf23046d431300eda4b6b36b
                0x00017a68                s890fcd60767f256ee5b13f44afc14bb3ab7d1bdd6e247bccd10b99b1568ec506
                0x00017a6a                s0a2382009035cc61f3ea65bab00791d9224b6d545564a39cd5476eb181d5decf
                0x00017a6c                s44e3124870589b009fc28e44b31cd745f6481542fa286e8583deb621c9b197f1
                0x00017a6e                s2213f5792ea4e59af1a2801e7bf4d0c3ab5b7b458e895d2e246136479051afe8
                0x00017a70                s97ae481bbade53fbeed96d22e388a13ab7b6a53bef24a58b595033911f65dfa6
                0x00017a72                s7cce00725c17b5fa1f05023056c2620e6835260ee6e5dc93f877728d46fc6e96
                0x00017a74                s55f4ce9f868bcae5747a03eb64c57f53992a4b1c06e24b47225984de0a87da06.lto_priv.713
                0x00017abc                s33ddb09eb4c066f3fb9563f60eed63069124125f2f345325983b85c24e7ad2ae.lto_priv.632
                0x00017b0c                s11db3253dc1118eb68927a6c5bc3869c6e6110f0231614c70c2200aa082c7dd9.lto_priv.468
                0x00017b44                s625a7093dd5adda3ac7c8a79ca8ffc4ccd18af00f4d862c3aead8549aec8bace
                0x00017b84                sb1bc03e4d3c109dc962987dfcd910a0c7c00d1c755a9367d94b92928f21f161b
                0x00017bce                s8f2763f9f0326e12cd677218e03dd00123dcf327bdc744b9128684e41d3b2e41
                0x00017c82                s5a9ea35d33bf4ab8bcc7b6e7fcb5fcbcbf57fec60faa44fcbcca7ecee176e1a9
                0x00017cfc                s2961a7c16099e65a023def275a9a79a88d18560bcf6d8b7d3ce6fe445e71f6cd
                0x00017d40                s8a5b8a30a2133f3ee9bd748bb73b8e69f6bf9b05e9118e371b70e7ac38206d20
                0x00017d42                sd5699aef6084a290996ea955f957a57987e3c370445af2997004bdc2778afabc
                0x00017d44                s2ae6d5f70ead843e752f37b0ab2b8bd6029fcafbd92516271cf81c89ccf34574
                0x00017d46                sca6b944d97bd8e437696a6bdbf8b1a2fbfbd6b175986bdd2f7107d9ccfc49791
                0x00017d48                scadac62caad1a5d40102505cfbb2a19a3f029dac1f04a1735fad62916e1cc1fa
                0x00017d4a                s1cd7cde67471ba6cf9414371ab606bf222b7affcbd1724981d662222dffaea86
                0x00017d4c                s022dfbeed394e9c9c6835d30619ba5da6546e41f4000dd5f010303deb5f89703
                0x00017d4e                s6e790e4389aaf46aab77b6ee048f85f694d1bb0f5dfae966461622fa1912d45f
                0x00017d50                sc533058bf47a8cdb1c2bd08ac2ccfa005925b95915c7feb5c92fc40e16ae2dd0
                0x00017d52                s89badc08722f8dd8cca913bb878f62f6299a5c20da4d6632d3ceb54fd838ce4c
                0x00017d54                s480292f7da1cc04043a015da5983b7d4f87306a4af91aac9046b2d42acb6a9d1
                0x00017d56                s9ca3a558bed4c088f6e6e7d34a19235cec334eb5040ba244da2d4d1467359005
                0x00017d58                sf9d1942b632d8a719f4d2937258048b03526e2949ddfe0c1c576bcfd2a2cf999
                0x00017d5a                s85e415f6b5fe7877e76531ce06e83d328dc4031ac98320d4e3e7ec1286612bc9
                0x00017d5c                sb674ba5b1042fb9c676d298c5ee18529c6ca3968a94669c58fbab33f9acb3bdc
                0x00017d5e                s199f0081f2c9151a0a833b317bdef997cf17ca6ec8276ea394feb57dc6729a2b
                0x00017d60                s0b7f8471f464990d74e7d1f07c813369e5869a90a1c22bc34378f9970642177f
                0x00017d62                s30185812b90e18f9f842b3007d4fc63073066ba883d7ed8aec240672e062cda9
                0x00017d64                se63787913999295d3840ffda1c593788a4602db3059ec1a85a9aadadb3435d5f
                0x00017d76                s859685f3bb9cd4a78eb6cc50812d921e8f4bcb7ee9fecccb6c5b446b54795a28
                0x00017dce                s374883e05db0975f279acd0c8a7bd3843a3fdaa58062202d513dfaab3dfccf9b
                0x00017e02                sb687b9f58812454f1c13f6036a5c63f36284b9e88ca9ad887c426990f7110dc0
                0x00017e5e                sbd8d750ca7f3c236d340c1eaec8486d971fb17a5c4354f20d8dfef33ab592bbf.lto_priv.469
                0x00017e70                s50634a7bc4f75d381180e45dbba85383bd69c706f2da09f32bcd83277bcdb9b7.part.19
                0x00017ff0                s5b1748ad1dc9a094278a70ed0e64dbea6aed97ce55e1be117a5fe3cee4600ae6
                0x0001850e                sb9218e041d1053735522b97a33a4e2fbf6598a189394289d438524a7aa7a7ef5
                0x00018694                s765b1fa193328ffdb2f3f7ce25795e496f38a41b928d124f2cb2abf154b13057
                0x00018720                sc4c6a823f842d1814601d4202e4663eec22f1c956512ebca334bacebd269355b.lto_priv.644
                0x0001873c                s7106f745c102199fe27f21960295fdb4457a22b491cfa616eb470481f7a9fe98.lto_priv.657
                0x000189f0                s9f68a26d035d1f514a015a273071c91891899c1e9d01919edc19081ead2e6093.lto_priv.648
                0x00018a10                sc1ba439c94aa9693f7b611877a2f066f5e83b256029e30df009fc20d45c324a3.lto_priv.611
                0x00018ba0                s20deffd09798b03c756ec709566daa6a3ebe157775a63efb71262350fa085a04.isra.6.lto_priv.856
                0x00018ba2                s0f6ebafd71f3dadc8ad0cd707109b79f26c3ce57ed94da026d1608e3afee3ce6.isra.2.lto_priv.852
                0x00018ba4                s2bd23c8fceacb806d93b517200516653f75b899c45b63f4c5072c942834cc226
                0x00018bce                s46d7d9b842802e78f5fdb50e96486612796dea28f30965d93e56c1797ed2f74d.lto_priv.449
                0x00018bec                s4942a71b887c9604bea622a56e8b8e7c6834c4b6cd7a90bc47610d8ff0b93624
                0x00018bf8                scecbc50c9cf28dd98845aa205755e3e4c50ab3cbc03c879de116cb37f4edb289.lto_priv.855
                0x00018bf8                scecbc50c9cf28dd98845aa205755e3e4c50ab3cbc03c879de116cb37f4edb289.lto_priv.643
                0x00018c02                s140fecb2523112b05563909eca7c4d2a82c55e18e1b26924e4bb89bf66d072a2
                0x00018c2c                s74943311db63db061f7c520b475f284d4651ef64249671499298784e82a76d2f
                0x00018cb8                sc194bd6260d44bcdb87731a44897500a05554a74d57c0234f314a796ae93e2a9.lto_priv.472
                0x00018cd4                sd2c0cd54b2e922462473101237e292fddd8f6b6c5a9358c55293140906e83307.lto_priv.454
                0x00018cfc                sc8df603c436e9fb473943f05300b26e746f2b703ac67bee8441c4e04c3101c8a
                0x00018d3c                s6604fae5a3211afd22962df72ac755c4923cd5d9ff830b5113d17fc33f814ed6
                0x00018d4c                s4fdd739175590387efed4a3fce66a1bca4f17b519a444ac1b9e275fe54fae31a
                0x00018d68                s35cb1658b1849af7e6f5595ed9d54ca080a066cf5bec33ae3c3be1271fae72eb
                0x00018db8                s79558a2aefdf9c28e56d0fab6e02360b174da1e51d40a35761c4d4f3855183b9
                0x00018ddc                s88e74df6d693c3d7072d1fe7fe4d86667f9069cbeff5f446a6304df81426420e
                0x0001947c                sa03d0b469bac1de825e65e5240dff1e6682267dbae50d14bf525c5f838fb31fa
                0x00019580                sb9918a94f03b53f9cd2af80918fe902a7d6580fd9d195ae323f65d68154cae84
                0x0001a230                s8ed8ce1780dc24cc054ca6860acf0d179d86bf06d7e550447052b1370c24f510
                0x0001a264                s00c2adf39adaa8204c45a2ebd4be1beb97d743e177096d7b15c7ebaccc5930b4
                0x0001a266                sfc7236fc386af335549083bbdc5ab61ee40369ae996f7c33ee573b7f60fa0189
                0x0001a268                sf1326fbdcf95a0ac150c56f1fc8ff59f078eeb25842c2553607970c77669509b
                0x0001a9fa                sf77d105cdc98bf9e14d880cc604dfcddfc60be8d071e863f9d4d7840ad8a2d20.lto_priv.755
                0x0001aa14                s4c1fc3457dfbdc8fcb819c6bc5ac84be47e7b227d562b941d553a6ee2cfac050.lto_priv.756
                0x0001aa68                s2d253c1bd42f959036e93ea81c20bf17bcbcb274ed57045d0c379f0eb6a9d349.lto_priv.758
                0x0001aa6e                s558f5b15cd147984a99d08b7166b7a6cf6e549d431a197ddcfcff07fe47084b5.lto_priv.754
                0x0001aa74                s92163386b402cdaee8513f7d70b928c7f0c4fb36d887c7843b5aaf6591fb435a.lto_priv.757
                0x0001aa7a                s7266788dc15774bebd05401472adf523bae887e0d12494b84d6c2a2f3f03e15e.lto_priv.753
                0x0001aa80                s69ca04e7dbbb09afef4238cc50dc02f4200b029dc0211776c95faf30ad860896.lto_priv.752
                0x0001ab16                s83b592c88f2c5dd51cca1b1dc78a6002636b7d547197ae3460068abd6ecb3360.lto_priv.622
                0x0001ab46                sa37c220e6f0ff233549b1d082445a4acb241951f38e2afbe50814d30f33bbbdb.lto_priv.623
                0x0001ab82                s48513b360ea7300b262e06734521d6d41ede06d8596657e7bd86f44506c097d1.lto_priv.737
                0x0001b090                s830e7e15d99e0b1643bf7b25846216b8e631a7100ee9b18b575da33de7099d1c.lto_priv.743
                0x0001b2d0                sdf47c9e324a5222f56ae184e90d9afb14c827d98f884492480980fa3f559625a
                0x0001b3b8                sd0a94330b4a104a8b342e6aa42697660429b35303c23dc8cbf35eebd6849be4b
                0x0001ba28                s4fc10562aba71efd48b0256b2d84a9f6d2e8dfc1dc39feab41477ea452f4905b.lto_priv.745
                0x0001ba7a                s738cccb74b99702612fc16313b01b070afc556cbb766cf28ed1ebee1a1794ff8.lto_priv.853
                0x0001bab0                s1336475d042e8b0ad634cd8d355dadbbacdaf7d6d0d27e86768701f730075cd1
                0x0001bbb4                sb4cbcfb27a049a42f8c328b3b32e31225fa58acd8fa1fbd156c1086204d42f54
                0x0001bc2c                se2dfec209fa446700a33541d6c1bb13dfaa01e1e866573701ba5f9140c7a7c00.lto_priv.642
                0x0001be60                s630c48516aeb8590a31d7c39d77f44f92188e774044cf17033dea58668f1b433.lto_priv.857
                0x0001bf18                s76cb0009c38d97748c40fb80af8eb69e087d975dcb9e945047195ce1b5cf8e07
 .text.unlikely
                0x0001bf74       0xb8 C:\Users\shzheng\AppData\Local\Temp\ccyDfyge.ltrans2.ltrans.o
                0x0001bf74                s1a8ee2bcac1599feb58e1b1ed33e45a95bd03febd32de637684d473d3eae735c.lto_priv.699
                0x0001bfc8                seec249431fcb9d5d5ea133fee50277659005ff96792d0f1161e15cb24ac3da5c.lto_priv.700
 .text          0x0001c02c     0x5c70 C:\Users\shzheng\AppData\Local\Temp\ccyDfyge.ltrans3.ltrans.o
                0x0001c144                s811283eda8925aa908a29c0fb184c1693eb6e29d68029a5072949c207b4f7cb8.lto_priv.433
                0x0001c150                ccm_aes_setkey_wrap.lto_priv.430
                0x0001c154                aes_ctx_free.lto_priv.429
                0x0001c168                aes_ctx_alloc.lto_priv.428
                0x0001c17e                ccm_ctx_alloc.lto_priv.431
                0x0001c198                aes_setkey_enc_wrap.lto_priv.426
                0x0001c19c                aes_crypt_ctr_wrap.lto_priv.425
                0x0001c1e0                aes_crypt_ecb_wrap.lto_priv.424
                0x0001c1e4                ccm_ctx_free.lto_priv.432
                0x0001c1f6                bgapi_test_lib_msg_handler
                0x0001c248                sli_bt_cmd_le_gap_set_advertise_configuration
                0x0001c310                sli_bt_cmd_le_gap_set_advertise_report_scan_request
                0x0001c37c                sli_bt_cmd_le_gap_set_advertise_channel_map
                0x0001c3dc                sli_bt_cmd_le_gap_set_discovery_type
                0x0001c434                sli_bt_cmd_le_gap_set_discovery_timing
                0x0001c4b0                sli_bt_cmd_le_gap_start_discovery
                0x0001c538                sli_bt_cmd_le_gap_end_procedure
                0x0001c580                sli_bt_cmd_le_gap_start_advertising
                0x0001c986                sli_bt_cmd_le_gap_set_advertise_timing
                0x0001ca1c                sli_bt_cmd_le_gap_bt5_set_adv_data
                0x0001cb48                s41cf796d48d7b53f8fa7d175a2a127293b7721f1e0ec3523449edaa208a8969d
                0x0001cb4c                s1b49cd26019356c4c454a01517f002dc201ba322e198f3e78a2fcb7c8ad003c4
                0x0001cb50                s39306f0a0d9350665a5c86f8165bd54d865e6ef7333bd8c797eb65a1fe3d3b4d
                0x0001cb54                sa5db633a61810b7b4e88e9a5213a81d5ba7ebefca2a78d7df1d0d08ca1e4089c
                0x0001cb58                scc1e99b60b7e9541180287ab3d84674f647171c0094f228159f4e1db85d79750
                0x0001cb5c                s7fa5a335c460b33b60b9bf12f950cf0b87e4e5e1581f6561812f2a67a6b3815f
                0x0001cc24                s5a9f6f074040ce74d93e3f684d76bca764d82305f4061ed5d88dfbc6574b4486
                0x0001cd50                s4ed80eb4c9e0990d91d711f47158efeab22935dcfb71e38ba6c10e05aa9130e1
                0x0001d228                s3ea5e3ec1b3dd59c69e4ba352b8f3cba76d5f8f595abc3770e933496ba25b55b
                0x0001d274                cmac_xor_block.lto_priv.539
                0x0001d28a                cmac_multiply_by_u.lto_priv.540
                0x0001d2d4                mbedtls_cipher_update
                0x0001d378                mbedtls_cipher_setup
                0x0001d3ac                mbedtls_cipher_free
                0x0001d3dc                mbedtls_mpi_cmp_mpi
                0x0001d45c                mbedtls_mpi_cmp_int
                0x0001d476                mbedtls_mpi_cmp_abs
                0x0001d4d8                mbedtls_mpi_bitlen
                0x0001d518                mbedtls_mpi_grow
                0x0001d56c                mbedtls_mpi_lset
                0x0001d594                mbedtls_mpi_shift_r
                0x0001d608                mbedtls_mpi_safe_cond_assign
                0x0001d670                mbedtls_mpi_shrink
                0x0001d6de                mbedtls_mpi_free
                0x0001d70a                mbedtls_mpi_read_binary
                0x0001d776                mbedtls_mpi_copy
                0x0001d7ca                mbedtls_mpi_mul_mpi
                0x0001ddcc                mbedtls_mpi_sub_abs
                0x0001df5a                mbedtls_mpi_sub_mpi
                0x0001dfa0                mbedtls_mpi_add_mpi
                0x0001dfe4                bg_random_get_data
                0x0001e088                s3aac575e28da0d7964dad5ad5d6c85d4997f65b29590a405fb0f8c020dbac66b
                0x0001e182                bg_pool_free
                0x0001e1d4                bg_pool_alloc
                0x0001e1f0                bg_message_run
                0x0001e280                bg_message_call
                0x0001e2ae                bg_message_remove_receivers
                0x0001e2e0                bg_message_enqueue_free_callback.lto_priv.438
                0x0001e390                bg_message_send
                0x0001e3d4                bg_message_cancel_matching
                0x0001e42c                bg_malloc
                0x0001e44a                bg_message_add_receiver
                0x0001e46e                bg_event_raise
                0x0001e49c                bg_event_allocate
                0x0001e4c4                att_buf_send
                0x0001e4e0                att_send_pdu
                0x0001e4ec                att_alloc_pdu_copy_data
                0x0001e526                att_alloc_buf
                0x0001e53e                att_alloc_pdu
                0x0001e54e                att_send_execute_write_response
                0x0001e568                att_send_error_response
                0x0001e58e                acl_find_by_index
                0x0001e5a8                acl_find_by_hci_handle
                0x0001e5c0                acl_release_
                0x0001e66c                sde1a9ba2693b3ad6aac10ee8b861b8b7d7cd04179ce6c38a709765b6792f2330
                0x0001e6a0                s6d380183df0b781240090db6d22dec74d362caf943d3f86b6a7a8dec2b7beb1e
                0x0001e6fc                se27ffd4e335c1b287068f894ab12cd726a9f6a2615712701a687f5fd281d4cff
                0x0001e722                s209982b582be70cf7990f9b873281f2e890fc861caea8609036859f4f0205138
                0x0001e744                sf7e2afdb3823d4035da9afeba95a4a5af41fd8124ffccc0f72e60a1fa3a01a9f.part.0
                0x0001e84c                s400811aa0cd11c4cb41e52ce55495c20a1bbba83da63015ee4f93f619f033e7b
                0x0001e894                s3af4da5ae226a5fafe91e81ba2c31fb669ea28b51513723d8faa1123a21ee5d1
                0x0001e8dc                s1f40accdd736e425e48d817527fb227caae2b320c9f97e70010bfc8cfe92324a
                0x0001ec06                s01772fb76dbed7b3183333f0ce6d75f7231a12170ebba267e48e2c10a6f03513.part.6
                0x0001ec56                sb1a0f761cc5f42b2788cab3ad9ca54ac472c702ee6f9d32aa9b48379c26abce8
                0x0001ec84                s78100db7be33e72f198dd455e36a69667451e1481a8917036bb90e7f7efa52a0
                0x0001ed1c                sb13f131771b26c25ba0fe8c84354089a2bb045683557277aba9ec535f6236b07.part.1
                0x0001f00c                se527918f4c901aeb7216061e2ab885f1e1cff68b74e80ce6403486bd4f3b8099
                0x0001f046                s97afb8527847f11a55577e950df24069f7e5a5b7f4ceff80ab51e912f6dab521
                0x0001f0f8                sa7f5314f00bfcc4521a7d1b365a6b91c07974c97dd4da76ba113d6e86800e261
                0x0001f16a                s5f5c3c304aac6756cdf41d57d95d8bc3ea5739f23dfff6bb027f9a2c284c4388
                0x0001f1b0                sb67c72a8d289d4ba6fed3c33dec3e7e8b61af4dd0b87c24de750f5f7d271693c
                0x0001f262                s3de5170f4552a3c69475eaf4560185b592e86ecaa1683d7edd54757fdc76e33f
                0x0001f2bc                s671b6088cd303b07b712b0a1be2aedede858afd9462658e78c0cdbe2d753299a.lto_priv.559.lto_priv.715
                0x0001f2bc                s671b6088cd303b07b712b0a1be2aedede858afd9462658e78c0cdbe2d753299a.lto_priv.459
                0x0001f2bc                s671b6088cd303b07b712b0a1be2aedede858afd9462658e78c0cdbe2d753299a.lto_priv.552.lto_priv.681
                0x0001f2bc                s671b6088cd303b07b712b0a1be2aedede858afd9462658e78c0cdbe2d753299a.lto_priv.562.lto_priv.654
                0x0001f2bc                s671b6088cd303b07b712b0a1be2aedede858afd9462658e78c0cdbe2d753299a.lto_priv.553.lto_priv.678
                0x0001f2bc                s671b6088cd303b07b712b0a1be2aedede858afd9462658e78c0cdbe2d753299a.lto_priv.561.lto_priv.655
                0x0001f2bc                s671b6088cd303b07b712b0a1be2aedede858afd9462658e78c0cdbe2d753299a.lto_priv.549.lto_priv.659
                0x0001f2bc                s671b6088cd303b07b712b0a1be2aedede858afd9462658e78c0cdbe2d753299a.lto_priv.551.lto_priv.660
                0x0001f2bc                s671b6088cd303b07b712b0a1be2aedede858afd9462658e78c0cdbe2d753299a.lto_priv.554.lto_priv.675
                0x0001f2bc                s671b6088cd303b07b712b0a1be2aedede858afd9462658e78c0cdbe2d753299a.lto_priv.550.lto_priv.682
                0x0001f2bc                s671b6088cd303b07b712b0a1be2aedede858afd9462658e78c0cdbe2d753299a.lto_priv.558.lto_priv.669
                0x0001f2bc                s671b6088cd303b07b712b0a1be2aedede858afd9462658e78c0cdbe2d753299a.lto_priv.560.lto_priv.656
                0x0001f2bc                s671b6088cd303b07b712b0a1be2aedede858afd9462658e78c0cdbe2d753299a.lto_priv.557.lto_priv.671
                0x0001f2bc                s671b6088cd303b07b712b0a1be2aedede858afd9462658e78c0cdbe2d753299a.lto_priv.563.lto_priv.706
                0x0001f2bc                s671b6088cd303b07b712b0a1be2aedede858afd9462658e78c0cdbe2d753299a.lto_priv.556.lto_priv.672
                0x0001f2bc                s671b6088cd303b07b712b0a1be2aedede858afd9462658e78c0cdbe2d753299a.lto_priv.555.lto_priv.673
                0x0001f2e0                s29429ac4445a8672f9894f8cb9e80d8079c3fd3b99c5a5a98ab30c5076ab5dbc
                0x0001f356                s1cbe3fe16558876dc5e8411c6e00e76e73d0dc824929cdfa88bb3c699cc6be52
                0x0001f406                sdea61585e18ca5ec2653cd57eba0f5f5cb260711df5713dc02714c82ca8cfa1f
                0x0001f540                s8cd570e7c4ed3e3540ac5c675077a70067e7bf80be7cabc7685a7c7bb44dff1b.part.4.lto_priv.709
                0x0001f5a4                s68a2e0afa498fcd2704fb14ae53ceeb80b149f4e726c3ffc6d2123e5cbe977d2.part.2.lto_priv.705
                0x0001f5d4                sde778c787f98f879fb24013e79bf2879330a17453cb0da1321a8695b37de5995.lto_priv.463
                0x0001f650                sd9038c93eed87bddb38a63c2f0e6d0e0c9a54e9ebc8659ec70537589ba45d407.lto_priv.708
                0x0001f684                sa9fa4419e9b98f124930888065baf4e06b65a8189054d093682a52abbff1d8e7.lto_priv.635
                0x0001f698                sc96c8ee327dbf4788de6c825351bb9921e20a75bff30be820055db7982e78ac4.lto_priv.639
                0x0001f6b0                s4e7adfb85a0516b47aa7b4d1a2c14f2ebff439c70cb5c934109625c077ca51a3.lto_priv.634
                0x0001f6f0                s0954221c1a9f9708187a6b78840c6ef452f586287a276713ec25353eb8f9406a.lto_priv.704
                0x0001f71c                sb01c0c6b5f7fad080c3b853b80a384592a7c04f998589695044f39b9dd8cc496
                0x0001f7cc                sd09e90db062aba7a485b818a8b8292be87b116a80119968fb7e55f47408b4cf8.lto_priv.633
                0x0001f880                sefadbf67c58fb46c289d1ab9c5d80dc12486d7cee315da1c8833f928991bae32
                0x0001f8b0                s47d58c22dd520fdc4819aa8b4ba43c5e1bd5085d1d507c1ccc868cc96765a39d.lto_priv.637
                0x0001f8d0                s82dd3ab8003cd2497ba2ed2c0c21b4458767185e45364604942182c9348f9aaa.lto_priv.567.lto_priv.641
                0x0001f8d0                s82dd3ab8003cd2497ba2ed2c0c21b4458767185e45364604942182c9348f9aaa.lto_priv.458
                0x0001f8d0                s82dd3ab8003cd2497ba2ed2c0c21b4458767185e45364604942182c9348f9aaa.lto_priv.566.lto_priv.854
                0x0001f8de                s14c4813b24e87bb88444bb6a3386809cb9a78b23a4513fc89a4ee471c67c6c08.lto_priv.638
                0x0001f960                s113e2670c561fa1b518d06d7a71031984f646f284cc10f4d51f7b7cb1b8d3f20.part.11
                0x0001f976                sd781d953cd4f054f4e694d937d5dc29ebbf7f8922d52a3e9252aba27db72d3c9
                0x0001f98c                sa9857b5d797c92bedc6af155e7303a2b28fe0c67080bd8d007b028484be03fe0
                0x0001f9bc                s97883586fbc16cac6a15bf423cb4894369f84caca35876f6be3e2698e78f4cb8
                0x0001f9ec                sefcf855296e3ebeb40461302ec77153dbc14d8b7343459d104494c055f36f37a
                0x0001fa68                sb3ab9401e541618ef9464dc9dc279a39fe8a98408c8627c4657039eaab26f0de
                0x0001faac                s8987b89eb8d003cb3c46e146f226893cd7d4dc045215a206c1aa1d49e810f691
                0x0001fae8                s1050f3816948dec04ec1c09d009193abb842d1939e7d5426d2d4a9c153fa19e4
                0x0001fb18                sb0a0e7dcc0aff66940393115d537bebc9e159573c855ec5411edbeb12839bac0
                0x0001fb34                sd589b776b3f7a27d2ad9980e25f89155292f3d2d0184175f503e08437ef8f345.lto_priv.707
                0x0001fb78                se98db4dd27ee87b19a138a390e62f7893fe203dbb85bab88a77cc8b8a614fb8f.lto_priv.680
                0x0001fba8                s2e706f4c17d4ea23e81bf66fdff240bb90fd55d0186c6d1eda5cbcb22504ad5e.lto_priv.636
                0x0001fc88                s08c36e5c93079ccf4d81647e3db1428a7d5a579a54b1e6e7f35f8d273d18e26d
                0x0001fcb4                sfc184ab84ea5e9956e3f0cb94dc3ae7f61c042516f939e8654763716d14a7a81
                0x0001fce0                s1902c353513a46e4cd63cc1f67ad9b3ed6b03db525594ff1190d66187c988aaa.lto_priv.437
                0x0001fd48                s31b72b6e17f66a75028f13e3b569068eab7b7f76390102ba2f9865df1577ae62
                0x0001fd84                se263be2a0b7c61240fd9e57a89877d3f5530a3065eb9518d2e80626d679449e1
                0x0001fdb8                se91d2d306eb5d0ca273d89eef66266a6868c41357fc968635bd81cc32c64186a
                0x0001fe64                sbf2ac1065610d3d5d84bda651927927d88cb7a9e0ca536e5fd8e2941ebe14da2
                0x0001fedc                se2ac50849b88f78cfc22b491336fffca4e4fd919eda671a79ff653737fdaeee5
                0x0001ff50                s0a1bfc2a0c5d787842e86cdcb14f277dd1cacdc8dd398d0d81fe73935d236f0b
                0x0001ff68                secc6bf91f48f6e16151fd077159682ea379e98faa6c2e6e80454c04fb3c507d4
                0x0001ffc0                s15c3aa335e4014577105e5f7ac7d6df0d79f2fc33405a5c6dc0a2a3b1c4da159
                0x00020000                s187bcaadfa1d4bd2089d46791a381f7ca2a439c4c30cfa85d232cfc3df36bdd9.lto_priv.640
                0x00020088                s25929c1204e68b223c0255688b49ce994e55547f2bbfbdd52bc24fe9c8c4b42a.lto_priv.625
                0x000200b0                s0c6bfff49a261ea18faf7e5beb1c85f478315014f2a74981dcb05064c886f467
                0x00020298                s2d25e67a1dff175339e8a52a5bfc7f39aefdd0e3e7af7e01f51a5a6470bd83cf
                0x000203ac                s5df900385b51eb670f368b1ea2c786b3a6dc6727b4c5c9fb538f07fb23ed7df6
                0x00020470                s18ca20e6edd7b1dafa111ed259e869b324c456749ccf13e15a084847d5bff424
                0x0002056c                sdae12e034c336a2007efc5ff5da68577c816387d0e5e9ac4bc409b4dd2ae493f
                0x00020604                sd9e94f8fc36e83d2d2b276da826a5a682079ce5f587c74329cc207f253f1f473
                0x00020650                sb60ae40d295f456443d07c2a32c37c5a0e63f7321cd92bf5ac322a4d3a78b530
                0x0002069c                s8633ed229e1c84f4429ddba42c890c6191d9c432c0e6a84977fc4264d4c644fc
                0x000206f8                sd9986e35a85516bf26ff6b1218cf202e6f1172c3527907ac829ee61275658a4a
                0x0002074c                sfc9cd36a1bbb920521ea04ce8c64ab351e3bc801eff8f04e8bc97e393a4dba42
                0x0002076c                sdae43e33b155587c01dcd99a12efa714bd1bea37c2e312cdcf6f5d3015940365
                0x0002079c                saad99ac0ad18b3524a4f97ecdae7c27474b69cf8f9a5152e1dca53104d5872f6
                0x000207b4                sad25edc3cc896798a2dbff4577d09756b38b0ba95a822d83d4da80677cd8fd4e
                0x00020818                s4476b960ac1dbf2ac96d5a2c51857539a577e6cef3fd0127721ea1216eff0a2c
                0x000208fc                s454e80092bb670d8ea836663e842b03a18eec19a32bfe4f8a0c65cad898738dd
                0x000209f8                sa010cd761afb93ce24ca32913863e8806dbe6ba7274dae9953e7846a24bcc635
                0x00020a5c                sfb7bec1d149166c9890d3e0ce20dddbe96136e7a3fccd166ae1f48e6d15f6743
                0x00020de0                sccc159e0818bc3416cf5ea5e03b2db05ae2a5f61d3e670403df7b3380971840b
                0x00020e5c                s798b40a10a9d0a2d1c74eedfa0b5ef0cb6434a48ab5a7e5e11a862555e73c3de
                0x00020e6a                s53d65179ce58217b8dbbda4d6a962b325730c74ab87b5d6e6462a55cdc28bc31
                0x00020e88                aes_setkey_dec_wrap.lto_priv.427
                0x00020f34                sfccfa04b675878208b0bdd7c5ae9bb6285224f7f9545ce4640a144450783d728
                0x00021020                sc61fcdde71e46892d60e95ecb0602537c22b68b895619f4a46516071c6966c2b
                0x00021200                sf18520a544a8bfb6e33c5f6b7b9192c354f1134662a3cab32accef9a53a74ea9
                0x000213d4                s7ba794e11b8949de9e5275129b4ba633ce9f1faf54f25f6e280481b07fab0490
                0x000215fc                s13cabea84cbad62e2df1cf6ba1004329592d58650d6092e7d5d09b34d629a011
                0x00021700                s55aa115f5304976b41d66a7ca64ddfff017dc83836a40847cf51b17a7c642872
                0x00021b5c                sbdab0a659a16ba137b7d899db62f0b250227ca35db821e3eae0ad86b6f52ca17
 .text.unlikely
                0x00021c9c       0xa0 C:\Users\shzheng\AppData\Local\Temp\ccyDfyge.ltrans3.ltrans.o
                0x00021c9c                mbedtls_mpi_shift_l
                0x00021d2a                sb757ea2164791fd86a5ee7def8113152704c255e6fc33d18b31fd6b63f0e7dfb.lto_priv.677
 .text          0x00021d3c     0x52f4 C:\Users\shzheng\AppData\Local\Temp\ccyDfyge.ltrans4.ltrans.o
                0x00021d5c                s203c11a0e296da6702f974aa7096ebe966ea61a0ec7b70ba6d359e8bda6a59aa.lto_priv.774
                0x00021dc0                s64ec19537b527aa778a6ec009b06ebbe07b609befdc684ca07977921956276c2.lto_priv.773
                0x00021df0                s005973216bcb99fc86eb4ed314903a24bab65fe7bae1a6fa154d0eaba59507a5
                0x00021e48                s9509cad1f456d59cc5150bfdea7c49c330c5cf96288e7ca6269a009a5fe14525.lto_priv.485
                0x00021e80                s8ef4b9ac3d309209e66d2226bce04413939e3e1624b0e39e6489d7577688b80b.lto_priv.770
                0x00021f1a                sba37ae8601690b0896cea959395272b96624ac4b5aad20973574360601a0ed90.lto_priv.739
                0x000224b8                sb49906d77020e8eaa1b54b4f4fca378c8eacaaf023408ef9b7a29e38c8e2ae00.lto_priv.769
                0x00022660                s195bd06d3d7dced800230fa572adb64d223a3b6c1382fc621c40b28a20ce051a
                0x00022664                s8d64c438403c36792474ee14f02ef44de28731e5538b6b61deb7027fb9f1213d
                0x00022668                sef1316e1438ae2cf117c40ca6556dc740ddd34034083b129a49abc7f7a4a9153
                0x0002266c                s5519abc2b89ababc4364a73ca9bf14192bbaf331bb8f600cb502ad89d69dc189
                0x000229c0                s8f0aab60a3fbcd802f9fed3db875d19b8cb1f50f4f88cf48c5f223c481ff8068
                0x00022adc                s7d71c9802e3958162b5fdd55fa253c867fa29d2fb4c4ba23cdcbc795d5c42be2
                0x00022b3c                sfba4a69959f432b6a16997869735d5345a408c9f4f869c7678226c11563073aa.lto_priv.599
                0x00022c30                s90457651413029d1b805c9791502f80dad2bc331f03b9db5ed195366407d1399.lto_priv.598
                0x00022c94                s6595fbcfaef90445a8a7fe8b1058808e3c4bf4a91e1235f3abbf289f9d80551a
                0x00022cc0                s48391b375243824efb73ec6dd3ead576df93eaa7e3ccbb6390c54c7f7943dce1.lto_priv.455
                0x00022d08                s9ff64dc159da670e77c85b13eee3f9cbfaa7038e9c63174821f1d22e366c436c.lto_priv.439.lto_priv.481
                0x00022d08                s9ff64dc159da670e77c85b13eee3f9cbfaa7038e9c63174821f1d22e366c436c.lto_priv.440.lto_priv.441
                0x00022d08                s9ff64dc159da670e77c85b13eee3f9cbfaa7038e9c63174821f1d22e366c436c.lto_priv.613.lto_priv.779
                0x00022d08                s9ff64dc159da670e77c85b13eee3f9cbfaa7038e9c63174821f1d22e366c436c.lto_priv.614.lto_priv.710
                0x00022d18                sc0bbe4f47f33af52dada84dab2be3fc53ee775c69299aff02a8271f1c942b4fb.lto_priv.602
                0x00022d48                sc0b927b5dab52591298ea90e5bafc5313839b5ed12b0d58d571261e45a9b3b28
                0x00022e08                s033743affbe89c62aec89e2ef002f98eda2e968afa369e1474fb9500aad6eb05
                0x00022e3e                sf365a46675558c2f81c154bfd91549a0b25271febea7a3335ac1aa340784dcfd
                0x00022eb8                s679d72007eb32f71aba107132f47390d6606383fd5a0a51bd02d786edf6f1055
                0x00022ed8                s8afa8bd57a010aaa072e78cbb63f2f498a52b945ba2ab92e73978fbb5a72aff7
                0x00022f44                s142612325e982800554450aa041378f4a8504d71b5dd193dd4a126296bae52a1
                0x00022f80                bgbuf_copy_to
                0x00022f80                s3c8561c978fd97690e535f33470c7a4cae732740e95669ae53f051876cf36cf6
                0x0002376c                s7a2ef2cf9caf09b2e7bf287f1aab8a6e6825474a67084bfad2c92beb912ebc6a
                0x000237b4                swapl.lto_priv.596
                0x000237b8                s947f6669e09c6036614206fb2c14e49b1ae9d094fa52d588c71a512d123143d2
                0x00023958                s1e8e801ca7427338dc34d3e97947e5bfe3d14495fcb70cb319c4b8281406ab6e
                0x00023ae8                sdc528b59434616cacd0b3a6d4e3017e72844ba46e00cfb5cbc5115adf3488bcc
                0x00023c50                s998ea7f5216b6e1ca0e897fe0feb989b23cf8c68c723b283079a5d8c035fa2a2
                0x00023df8                s1c8bb5f1550650306aab296e8862df91c69b6ffa3e6906f99102c7b26fc89414.lto_priv.464
                0x00023e4c                s34fbf48579147efba8ae800ebb75fe70c3b70da86ede68139bcfdd890a68d444.lto_priv.780
                0x00024080                bgbuf_chain_links.lto_priv.618.lto_priv.711
                0x00024080                bgbuf_chain_links.lto_priv.620.lto_priv.670
                0x00024080                bgbuf_chain_links.lto_priv.447.lto_priv.448
                0x00024080                bgbuf_chain_links.lto_priv.617.lto_priv.814
                0x00024080                bgbuf_chain_links.lto_priv.446.lto_priv.483
                0x00024080                bgbuf_chain_links.lto_priv.619.lto_priv.676
                0x000240fc                s49a5aef00ed35d07789c1a79de9e63fc357b634005e3f893e064f4a74e900002.lto_priv.776
                0x000240fe                sc1caa8d631e234034408bfda5382abeb136472432d5432eb4abfc0f4c4b28078
                0x00024218                s89514f25042a56d1f6d876f640c2de839850d5baeae349e3d922d77a14be4872
                0x0002423c                s15a8e3b6fcc9da0cc72a5c562b5f743a4f4be5adc234b47cf314c1a381c4b9b4.lto_priv.775
                0x000242cc                s1e6876ced0d548b56d377ef41dc0f3f0b12b41ce6a9494dc8c35c87e8e3b22d7.lto_priv.777
                0x0002430a                s3033267058558a9277cf69c7eeac6de89f91399fd2564e66cdfa2e0f949820b8.lto_priv.851
                0x00024392                sa36264136eaef7bbdc807fb560b6eda803241d39164a2730557470734ef84f43.lto_priv.778
                0x000243f8                s8681d0293da3d4e9319e50b9d093b5eed863ee1d4c03d481b4634a636ecc899a.lto_priv.772
                0x0002444e                s262d060773e899a6be2dace8de0c67edeba542acbdb5ed7bfef1868a039bafd4
                0x000244f8                s217a21a7a8f3f1091596dbf4f08a61fd3c16462ef6f203ac78993ce8701dc5dd
                0x00024510                sc15e72523a4fff591eb1c022dda22a453478a0af2d8130b937420b069e3b7fb1
                0x0002452c                sd8a21cfa0a7aa956f6c22fc1950b44e920a03eec22249fc0b05680e2c5b406e9
                0x00024544                s1ee9b56ab38b39eefe77c768c6fb6fddfac9d7e905cc009948dce405026bda2a
                0x00024614                s7ae258203eebfbaaaaaa28f4a7f0e29f3444686b97ed7d00e4196a644b70ff9b.lto_priv.702
                0x00024634                sd77738b41f860799fd52f2514eb6f59f3efc0192ddfd7b83755c1bf4311d15ed.lto_priv.703
                0x00024650                se056d6ad4bc905c0d7e7668c45efc58a601a7f9acbc82512b49f4a00da725978.lto_priv.674
                0x00024660                s61fa9467253c29a9338eb58eb8c5b76571e4a1d231c64732156dc5c669825e2c
                0x000246bc                sb7363b9be572e36de0710513bade175b535417dd45fb4477e006a11698462f0b
                0x000246ce                s7511782b6bff733265fdc80150f483bb1a5d0f42f56c21cff7ea617278ca4bb0.lto_priv.771
                0x00024700                s5e290897ff78a4ad7bd82581b9c65827804f5ec06f676a869310df758b520ef0.lto_priv.470
                0x00024b36                se8fdcc5ebebb2334f8147607aaedca497aabf1a2f0fda9e3453c5bc59ef66f3a
                0x00024bb8                s591a9d3cb97d7811692b6a6021ab401f26f51c579983fb0160bc789a43c9f31b.lto_priv.471
                0x00024be8                s8b5065da1c624e6b155427ded5f11e0bb6982d11672f4d51c0870e5d8eae9f18.lto_priv.403
                0x00024c0e                s9f70271461b894a5b87688c6623a275bc4aa51fdf1911c0861c253b26d2e5b8d.lto_priv.714
                0x00024c34                scf693e2c0b279b154d67dd44d9403714592aefeeb7b25ed901c1737727362cc5
                0x00024c84                s776b64871e16c5fe4fd0ce9b7c158901e9ee87f3d75d954796a56d0090cebfc3.lto_priv.600
                0x00024df4                s6062338c4e5acca2f7fd6a19f8db1a69bf6bd45f2ce1aa73909386af8c2ebce5.lto_priv.850
                0x00024e6c                s7363c4a1809b88f585f1a98af055457294968d3f2103b534d684d54ef15926d8.lto_priv.601
                0x00024ee2                sb5e3f4eb369f16c4402c3b1112765b69eb90375593ae58bc3f93192c54da5e3f
                0x00025038                s3277fbf5ab0c15a80b6b614e5aa3e78205fc99258e41a17ccc003a0c86a182cf.lto_priv.738
                0x000251f0                s9d53c1a2ffea051bd6441e519f88905446467a57e789caff4796045f80852b69
                0x0002521c                sa4a3dd4d9c89d330f1ed88b0ab06f5ce086e9510afbb612cc8bcfb63dcee141b
                0x0002527a                sf0565216273da3f4f72c20fec26d2e0647b3b064af3e75fbb354b3fef1f61a80
                0x000252e4                s14394823fdb1a4dd6c5f0097ea0f4fa3ca90f45831c90889c96e2be2e299fb7f
                0x00025478                s6f57eb6a7c74529af588693aa5038e89b6815648f3a1132e31b95a690f78472a
                0x000254fa                s5cb4210b3e08c6887fc9d1d25cf45b4247e34312f4c813ceb3edbc8c31061806
                0x0002557c                sfb236dad0e3b9a6ba5f71bf6154df58253ecfeeddf8ab1c9e230f8ce02543e59
                0x000256b0                s15a0a36617ab2c00edef932b212592c232eef8642d944829cc0bfe4e7e296016
                0x0002573a                s0d70aa0b448be667b438bb513c65613c732fa5051f0a702e0c113acb7cdca1e6
                0x000257c0                sd197966131b96fedbbe10724ff77a88880847d9dd59b96f5a4210833cd3175e0.lto_priv.740
                0x0002580c                s815b4ab54b5d66d4f4c099599897597aab9547f6f150416983323418fbcfcd63.lto_priv.701
                0x000259a4                s200c6d33388bd70e28fea2ed27096296cd2454fa4a17f18b07f8eb83b666fb74
                0x00025ad0                s0c051ca4cd653994c4bdbefc91d4a2de441889bfd6d8701556b78812eeb7d5ce
                0x00025b44                sb4abdc41eb49b8e076241efa49704a180ff0e0d6e8eaefdba762fb55a4ac2ca3
                0x00025c0c                scfc0e2e1128071105522c23c9451e1bb2465ed08baa33cf1d9181b1d53169813
                0x00025c5a                s449e7a51a7e703ed2efe63cbb5046a7a7e9db7e8d0813ad844005c51e298a967
                0x00025cbc                s680ca2cdc74432d47b868ed0a6658cac2b21c8f60b9eef4d342f00260234efbd
                0x00025cf0                s4e0e563de4943801a7497127e88f346bae5b856bfb1a2a22b704fd5999e6e691
                0x00025efc                s52a958eed992c5285bed4345ee3d727bb229196b3be3728a0283b14bea5bbfac
 .text          0x00027030     0x3af8 C:\Users\shzheng\AppData\Local\Temp\ccyDfyge.ltrans5.ltrans.o
                0x0002747c                sleepCallbackWrapper.lto_priv.399
                0x00027490                Default_Handler
                0x00027490                EMU_IRQHandler
                0x00027490                CRYPTO0_IRQHandler
                0x00027868                bgapi_ubt_listener
                0x00027fa0                Reset_Handler
                0x000280b4                CORE_EnterCritical
                0x000280bc                header_invalid
                0x000280da                crc32_calc.lto_priv.435
                0x00028108                find_obj
                0x00028164                flash_write_u32.lto_priv.434
                0x0002822c                DMD_writeColor.part.2
                0x00029bf4                SYSTEM_ChipRevisionGet
                0x00029c28                MSC_Deinit
                0x00029c3c                MSC_Init
                0x00029c5c                erase_db
                0x00029c8c                GPIO_PinModeSet
                0x00029cfc                EMU_DCDCLnRcoBandSet
                0x00029d24                EMU_VScaleGet.lto_priv.451
                0x00029d38                CORE_SetNvicRamTableHandler
                0x00029d48                CORE_EnterAtomic
                0x00029d50                CORE_ExitCritical
                0x00029d56                bgbuf_free
                0x00029dd0                bgbuf_alloc_int.lto_priv.453
                0x00029e7c                bgbuf_clone
                0x00029eee                bgbuf_alloc_copy_data
                0x00029f18                bgbuf_alloc_size
                0x00029f26                bgbuf_alloc
                0x00029f32                CORE_ExitAtomic
                0x00029f36                CMU_OscillatorEnable
                0x0002a0a8                SystemHFXOClockGet
                0x0002a0b4                CMU_ClockSelectGet
                0x0002a17c                CMU_ClockEnable
                0x0002a248                SystemULFRCOClockGet
                0x0002a24e                SystemLFXOClockGet
                0x0002a258                SystemLFRCOClockGet
                0x0002a25e                CMU_UpdateWaitStates
                0x0002a27c                setHfLeConfig.lto_priv.452
                0x0002a2c0                SystemHFClockGet
                0x0002a308                EMU_VScaleEM01ByClock
                0x0002a434                CMU_ClockFreqGet
                0x0002a484                CMU_ClockSelectSet
                0x0002aa1c                _write
                0x0002aa5c                _sbrk
                0x0002aa80                _read
                0x0002ab10                _lseek
                0x0002ab14                _isatty
                0x0002ab18                _fstat
                0x0002ab22                _exit
                0x0002ab24                _close
 .text.startup  0x0002ab28     0x1460 C:\Users\shzheng\AppData\Local\Temp\ccyDfyge.ltrans5.ltrans.o
                0x0002ab28                main
 .text          0x0002bf88     0x50a8 C:\Users\shzheng\AppData\Local\Temp\ccyDfyge.ltrans6.ltrans.o
                0x0002bf88                s9a038438b96a59eed64aababe6ec97f449cc898c03ab04d2c74a7f7c4bbc2e05.lto_priv.742
                0x0002c018                s57c5640bfee223650e674e78dbd5151760c9d90d8f8237f6f1859df9e8569b27.lto_priv.612
                0x0002c308                s0c6edf4f07cfb851a379f0548f82fb1ee757c5198913c6efe66b0133af5b6da5
                0x0002c330                sli_bt_cmd_mesh_prov_scan_unprov_beacons
                0x0002c40a                sli_bt_cmd_mesh_test_set_local_model_pub
                0x0002c4a8                sli_bt_cmd_mesh_test_bind_local_model_app
                0x0002c568                sli_bt_cmd_mesh_test_get_local_model_sub
                0x0002c600                sli_bt_cmd_mesh_test_add_local_model_sub
                0x0002c648                sli_bt_cmd_mesh_test_get_local_model_pub
                0x0002c840                sli_bt_cmd_mesh_generic_server_init
                0x0002c91c                sli_bt_cmd_mesh_generic_client_init
                0x0002c9e8                sli_bt_cmd_mesh_generic_client_publish
                0x0002cc58                sli_bt_cmd_mesh_prov_ddb_list_devices
                0x0002ccc4                sd21e5cb6df134a863b9117ed27d24e0d5823fd423e9e6d2bd0132ddb13ae527a
                0x0002cd5c                s673c2e09828377038f72219ed3bce0c4002572f9cee7aed2248f2e7834b98704
                0x0002cd6e                s7fe1a4702ca4a2a031bdce15fd77581a4c941b085e2c142edc451046c61a5642
                0x0002cd7c                sb21d7d9824ef40fe23b69077ce3609377a142dd1ba0927d96ca257ab62b323de
                0x0002ce00                sli_bt_cmd_mesh_prov_create_appkey
                0x0002cec8                sli_bt_cmd_mesh_prov_provision_gatt_device
                0x0002cf10                sli_bt_cmd_mesh_prov_provision_device
                0x0002cf50                sb2b9c601cc46226b5bb2932854316060b0f4ecbc09e3ac85b0759af8fd5e17e5.lto_priv.683
                0x0002d018                s09c27f1dcf1aa2f8cd58408797518d3afd58b33f4e6e6c4b2454fb1500044f00
                0x0002d054                s6511bdaeedecfe11658fc89b4e16b5429bdfd823fd9bc082d860b1649aba5995
                0x0002d098                s6e0b82721891021f166f3779383940d1ce408eff5bb1cec4e2e615bf8a262f55
                0x0002d0bc                sf745b9eddd638232923ca3229e88cacaacf2aafa74770371da5c4d5d60daf09b
                0x0002d0e4                s59dfc794530d0975de1f2f53f94b104bcbf320c923927523ab8443b14be389a0.lto_priv.456
                0x0002d100                sd71f0cf7eddd46b6d8ac861f620a55ba20f6f433336a75e89e01978e5e78f4c5.isra.12.lto_priv.460
                0x0002d102                s7605ee873f62bfeb488db1a6fcaa463289294d441dcb665e91461cea0669233e.isra.8.lto_priv.651
                0x0002d104                sd8f89ec1100339a81538c46217710e24913a0ef7e9fb11d872efd8f54d61b5a8.isra.7.lto_priv.649
                0x0002d106                s555e05d96c28502d6d0733c44e1c44652a56e2eba66e844d22bdba7a41206103.lto_priv.597
                0x0002d170                sbcb44dbbb4e15915ca392a362af3aa0be96eec60363c5bfb54f719c936b2c4b0.lto_priv.595
                0x0002d190                s3090f14c3265652bdeef45fd059dd45b630cfd2e384a89d274e91ccf2eee559c.lto_priv.645
                0x0002d268                s05aa84cedcc11cf1c562137c390b3cbb385eae382cb5349ed3cdb9cbe87d95ac
                0x0002d2d4                s9610a5a138da8a33629598358a9ac6e952b2e337f916aa05ee616ccd21fcd676.lto_priv.679
                0x0002d33e                seb5bf1da0c9ed9347cd8bc15e5634dc71718bcd4cab32c48dcb28bea072dc14a
                0x0002d370                s43b667355dd07062fe0261de806a446b9e11c49e03ade53aa00d1d143b39cd91.lto_priv.462
                0x0002d3c0                s1f5aa6f1203ab098ddb83c749573190ebbab63dcccd24d476c32d143c6ee4e13.lto_priv.652
                0x0002d3f8                s2384d1b9c68b740f6854fc208e7a4057cce5d2ec610e13e0a2ffa4bd59c74f9f
                0x0002d3f8                sbe611936fb650bb99f0f716692b319df56b7830ef06d395f77006712fe85dcb8
                0x0002d3fa                s61e8044af69aa24a7b2ee8b8b10d9f667017fa329e84958144542c19b7f4fbc7.lto_priv.741
                0x0002f438                sli_bt_cmd_mesh_prov_create_network
                0x0002f504                s21b03dd586d728cd675973bf87cc7df0b94301a77a7148ef41693704498750f5.isra.22.lto_priv.650
                0x0002f63c                mesh_trans_send_sdu
                0x0002fd64                s4df97908585f13e4f95c41529f173c5feae8db8c963509c90b492826dbcc9c34.lto_priv.461
                0x0002ff98                s8f611065e0c9bc6023b9164d9f68d2ec67a5c05ebeaa8547ea295b13df3b6a3c.lto_priv.647
                0x0002ffec                s2d8d60151f84e2fe74c36f9345a673a736f6d41e148e924262ba779b16ff2942
 .text.unlikely
                0x00031030       0x3a C:\Users\shzheng\AppData\Local\Temp\ccyDfyge.ltrans6.ltrans.o
                0x00031030                s13c87fcd1e7b3daa26d5cd11518ed7984adeafe4dfd73084375b248b53f47225
 *fill*         0x0003106a        0x2 
 .text          0x0003106c     0x4f64 C:\Users\shzheng\AppData\Local\Temp\ccyDfyge.ltrans7.ltrans.o
                0x0003106c                s5ad1fa4191f3ccb36fb97c2ef6225191588ef0fd75f8cc98a16e688db40d5bfa.lto_priv.626
                0x000310c2                s5152318604d3b3e95e664e84eb14a56c721d1c0cc372c068ae948753661e95a5
                0x00031428                se70c2aa28d2f59c7577823c670ab2389ad7d7455a3313477adcd39c3bac98240
                0x00031636                se177993e65d25aec1d94c79eefcc5f6dd32b2769de76fe9a4aa781e2e8085566.lto_priv.748
                0x00031644                saf6eefd7356a5287edab9e35c4253f99abf7f72c8c7ceefbf9056fe4ea564aeb.lto_priv.747
                0x00031654                s72779115b1b07fe678f0d68ddd2c3b732b8d9d0591b9f1ea6615a8f2754843c9
                0x00031e54                sf76c7740676ad4b729d57b6fb75ee679e37dbe08d3b7483121a75727256f9e5b.lto_priv.646
                0x00031e92                s1054add7b737c2e8a1eb5454fa7d500e5da5ca554d4238ec791bfb1eadc21f34.lto_priv.480
                0x00031eec                s82671978564b6495334f191e363e3cbca289c131b22d30ffc25c1755db7043f4.lto_priv.479
                0x0003211c                sbdec9ad3cd384617597eb97673acfd1f42c77a70767f57c354430d80c2b82071
                0x0003219c                s8c68a0c6bf1cbdbc58c79dbdbfc6b2edeb50a6cbee567808d4d3648f5780572d
                0x00032210                sc49df645112e0087bba00e59c32a79e66f966bcb37e78cbb3bd047b620a0f113
                0x000322e8                sbcd8dae26664b2a215c8d4ec6508b9de986ce387e5ac0c61d32ff9eafa46f02e.lto_priv.631
                0x00032310                s4a2a986fd5dd9c8779079d62399c235a2b6ddbb601cb5d5b92cb838b240c2f19.lto_priv.628
                0x00032340                s087f70de52ac3dee8ffc614ad91b70511c7d160dcba60f1cb04e5d71c8049996.lto_priv.627
                0x00032374                s1b037843a5798a501b1bf997ec66a5d32c1273f48a95622356b6cfeb2de10fb3
                0x0003239c                s806233bbd3dc53cce472d676990bebc134264d01b979aade18a51e7c661ab5e4.lto_priv.436
                0x000323e4                sf510823518aa434aab068d1d9d2ffd09997fdc2bf2646b830c31701c97443808.lto_priv.712
                0x000323e8                s0198e9aaf28957347d4660bf7c76298dfdfc28068911f0cfb72e1c7f7b92ce83
                0x000323f4                s4b0768ec1694b4462a50c6a0009d2c968480882bab2f3870f44b96db31289e11.lto_priv.653
                0x0003240c                scab1be5017b41f56d14d3fcef52a148bb609efd81dc7cc82de3aa10b50cc8043
                0x00032456                s3cab21e792d54b7541fed56ab1cdc2638fc0c5dfa65136d194a7115f225fe29a
                0x0003246a                s1c191b5248f708c675e993605301d9ca96e7511e19170fce8d2ba23302a66c37.lto_priv.467
                0x00032484                sad9cedfdff57fcf1f2e8a7cb957987afcdd37d68e343d6fb4af70f8cc2d26818.lto_priv.465
                0x00032578                sdc285a045a4d184ba1f96a679bf976dad3cc4dd6d580b7bdcc8d7221f193317a
                0x000325bc                sad68bd15d6e2e6b2fe2e5c40a1b4e2937165ee45a1171231878240f07ff2db96.lto_priv.466
                0x0003269e                s9af9e10166b4dfbcbd649fca5486b552c344542f69d081c660bc42f9606e3c40
                0x00032810                s268808e179520926de9973ff7b3a6217a186a7862d8adaecdfb83b553adb5de7
                0x0003284e                s6cde2f2134fa96584fdcfab30c5890642817dec76c53de88f7945652b79e7ae6
                0x00032864                s495947f0fcecf09be7c1bc75c6ed4bd12df63a4e6f8314cc576a6d8ccf270fa7
                0x00032884                sce3ab1eaa7ee027e4a572370dde4aae59fcb8710f9a5aeb9155cb6bd6bec0c2e
                0x00032912                sddd99ff8736e059d0ece66ec3df74ab77094df6a97722fbc80a6b0a3c3e55697
                0x00032960                s1573ff43048a4da8c49031b54d796ef8be152c24842a072118e765733677d113
                0x000329ac                sd82094e16fd26f8ee6600184603b3eae0bcdf725b7966df41c5919e2546718c7.part.5
                0x00032a04                ll_linkGetWindowWidening
                0x00032a5c                ll_connEncDataToBuffer
                0x00032a84                ll_connEncBufferToData
                0x00032ab0                ll_connValidateParams
                0x00032aea                ll_connUpdateMaxPacketLengths
                0x00032b5c                ll_connGetHandleByConn
                0x00032b88                ll_connGetByHandle
                0x00032bb0                bg_bit_clr_exclusive.lto_priv.490.lto_priv.786
                0x00032bb0                bg_bit_clr_exclusive.lto_priv.489.lto_priv.792
                0x00032bb0                bg_bit_clr_exclusive.lto_priv.492.lto_priv.787
                0x00032bb0                bg_bit_clr_exclusive.lto_priv.493.lto_priv.784
                0x00032bb0                bg_bit_clr_exclusive.lto_priv.491.lto_priv.796
                0x00032bc2                bg_bit_set_exclusive.lto_priv.500.lto_priv.785
                0x00032bc2                bg_bit_set_exclusive.lto_priv.494.lto_priv.604
                0x00032bc2                bg_bit_set_exclusive.lto_priv.496.lto_priv.812
                0x00032bc2                bg_bit_set_exclusive.lto_priv.497.lto_priv.783
                0x00032bc2                bg_bit_set_exclusive.lto_priv.495.lto_priv.813
                0x00032bc2                bg_bit_set_exclusive.lto_priv.498.lto_priv.593
                0x00032bd2                ll_connEncryptionConnectionInit
                0x00032c08                ll_connRaiseEvents
                0x00032e54                bg_bit_clr_atomic.lto_priv.503.lto_priv.858
                0x00032e54                bg_bit_clr_atomic.lto_priv.501.lto_priv.794
                0x00032e54                bg_bit_clr_atomic.lto_priv.502.lto_priv.782
                0x00032e6c                bg_bit_set_atomic.lto_priv.506.lto_priv.781
                0x00032e6c                bg_bit_set_atomic.lto_priv.507.lto_priv.592
                0x00032e6c                bg_bit_set_atomic.lto_priv.505.lto_priv.603
                0x00033314                ll_channelmapUpdate
                0x00033392                ll_connInitNew
                0x00033580                ll_channelmapUsedChannels
                0x000335a8                ll_channelmapGetChannelMap
                0x000335c0                ll_connUpdatedChannelClassification
                0x00033628                ll_advExtUpdateChannelMap
                0x00033648                ll_advGetByHandle
                0x00033690                gatt_handle_exchange_mtu_rsp
                0x000336dc                abort_long_write.lto_priv.475
                0x00033718                end_procedure.lto_priv.476
                0x00033762                gatt_handle_write_response
                0x00033774                gatt_handle_execute_write_response
                0x000337ac                send_characteristic_value_event.lto_priv.477
                0x0003381e                gatt_handle_read_multiple_response
                0x000338e6                gatt_handle_read_blob_response
                0x0003391c                gatt_handle_read_response
                0x00033a00                set_change_awareness
                0x00033a38                set_client_features
                0x00033a88                mbedtls_ecp_point_free.part.8
                0x00033aa4                mbedtls_ecp_check_pubkey
                0x00033c38                ecp_safe_invert_jac.lto_priv.473
                0x00033c80                mbedtls_ecp_copy
                0x00033cac                mbedtls_ecp_point_free
                0x00033cb2                crypto_management_release
                0x00033ce8                mbedtls_aes_init.part.3
                0x00033cf0                mbedtls_aes_setkey_enc
                0x00033d2c                mbedtls_cipher_cmac_update
                0x00033df4                sl_free
                0x00033e0a                sl_calloc
                0x00033e22                ll_connFree
                0x00033e78                ll_advTaskStopHandle
                0x00034314                ll_advExtTaskHandlerWaitTx
                0x00034530                ll_advTaskHandlerWaitTx
                0x00034654                ll_connAlloc
                0x000346b0                ll_advUpdateMaxEventLength
                0x000347b0                s2c7f8256c21a35c957be583dc5b45f9844e0daca7f8d870e7167cc73e2251152.lto_priv.478
                0x00034964                sf8de3044167a266727bd3087aa78703eca05d914a537eb9123555524c11c8890.lto_priv.630
                0x000349e4                s965e05dd09705c2e0e02fbb53c43b72c67dd0c8ea4bd0be2819ad08faf988a7e.lto_priv.629
                0x00034bb4                gatt_handle_read_by_group_type_response
                0x00034c70                gatt_handle_read_by_type_response
                0x00034e88                gatt_handle_find_by_type_value_response
                0x00034f3a                gatt_handle_find_information_response
                0x0003511c                crypto_management_release_preemption
                0x000355a4                ll_connSendData
                0x00035774                ll_connEnableDataFlow
                0x0003578c                ll_connEncryptionFail
                0x000357a2                CRYPTO_KeyBufWrite.lto_priv.580
                0x000357dc                mbedtls_aes_crypt_ctr
                0x00035984                mbedtls_aes_crypt_ecb
                0x00035a28                ll_connEncryptionSetSessionKey
                0x00035ac0                sd7400f1c67758aeba68a9b1772cd5984be401a023cba2a4b0091dfe27b2617d0
                0x00035bf4                mbedtls_ecp_group_free
                0x00035c52                mbedtls_cipher_cmac_finish
                0x00035d60                ecp_normalize_jac_many.lto_priv.474
 .text          0x00035fd0     0x477c C:\Users\shzheng\AppData\Local\Temp\ccyDfyge.ltrans8.ltrans.o
                0x0003616a                sd69063ac414aa9b182b3715be7c99e550c11a43ab43002cd16895150daad7b64
                0x000361b4                gecko_register_bgapi_library.constprop.376
                0x000361ec                graphPrintCenter.constprop.363
                0x00036394                USART_InitSync.constprop.347
                0x00036458                TIMER_InitCC.constprop.334
                0x000364cc                ccm_auth_crypt.constprop.324
                0x00036788                mbedtls_ccm_setkey.constprop.320
                0x000367e0                s6d39ade7f44649b27cc26f65d9f86fa1ec4cc84e98bf51e9e8cfc9e7988777c2.constprop.313
                0x00036830                s59fda895212499eb341894a754b6a8799cd070e09c2bea080538c1a9504b52d5.constprop.305
                0x00036908                sa6d352c37b4fa930ecbaec9816bb56056daa3d3e7623f8c520936b092a43a476.constprop.302
                0x0003695c                sdc7cbe274a0bd68f48e0a525a58b269c5262196daafddd164cb38663c5344a77.constprop.301
                0x0003698e                bg_message_enqueue.constprop.268
                0x000369ac                nvm3_readData.constprop.267
                0x000369e0                bg_pool_init_pool.constprop.254
                0x00036a5c                bondingdb_find_by_data.part.2.constprop.223
                0x00036aac                hci_command_init_shared_bgbuf.constprop.221
                0x00036b00                swap_endianess.constprop.218
                0x00036b1c                l2cap_send_command_reject.constprop.203
                0x00036b64                s1111ff367ed81175c48c8adb7f8bb0bb8796a61c1f4772065b2c2f98692b0bfe.constprop.145
                0x00036b72                s72f0327aaf4a5b5d1b8846c7ff740323d8b9fb0fa26c3c39306563deba2716ea.constprop.139
                0x00036df0                sf599ad93e845ca7546af36e637dc40ee97cfb73f1ed75f7f84e849042a89b21c.part.6.constprop.130
                0x00036f64                s35a10c806c834b5f02b759b96a6aa0613573e4cd2d69b753a1162c661a106755.constprop.126
                0x0003716c                _mesh_foundation_send_byte_array_impl.constprop.122
                0x000371ac                s992c1f8497eff751a815360ace7b41ae6c84e3f304a9140490c2232261d3913d.constprop.121
                0x00037278                sd2a37a3f28df5a67c6c309e951a8328fe164bc27fefa3b4e4abf9ed9d9caa37d.part.5.constprop.114
                0x000372fc                s46dec11741421a29b011731561b6bd9293ef7ee403a2428c8d41fe77d18d302c.constprop.106
                0x000373bc                s5a1766c84873223f8dc26b867cf62a40b775da77c003414a2378edf79eb83444.part.4.constprop.95
                0x0003742a                s5bac01e71862eafde6fc09a0c1f18999006b2bfdf63981372c8cec0087742186.constprop.63
                0x00037450                s0e5cfab3c909f9f71123dba44681d58bb1e6ed5a637f3665f52ae72a84eb1939.constprop.57
                0x00037568                s6d140d83e16c10405a1aab26ed2df289bb63c150d3c03db1eb5cdfaaf1b9eb39.constprop.53
                0x00037634                s617e494c409f265694ebaceeb984e42905f3b96e1c0246796425f0b3ecac989e.constprop.48
                0x000377aa                se416c492aedb0cb37373f93ac8e17f9ba6085f4b705624dd81bcfb1d1d52c6a4.constprop.45
                0x0003798c                s62689b10c4ca0d4b17dbc433cdafb3331769d0ae8324352f4a061781fdf3efa3.constprop.34
                0x00037a9c                mbedtls_ecp_group_load.constprop.31
                0x00037b08                mbedtls_mpi_write_binary.constprop.16
                0x00037b4e                s6e114f95379bb5b5d8bdcc12f0a6f184258c2b82d2191d83bb05dc6e358df3ab.constprop.15
                0x00037bb0                sa76c86811b162592dc0102cc6e17d26637d51ef5c1982f87f99ab35a53a7d670.constprop.14
                0x00037c14                att_send_read_by_type_request.constprop.8
                0x00037c3e                ecp_crypto_device_init.isra.0.lto_priv.525
                0x00037c80                mbedtls_internal_ecp_grp_capable
                0x00037c8a                ecp_crypto_ddata_write.lto_priv.526
                0x00037d00                mpitobigint.lto_priv.524
                0x00037d3e                CRYPTO_InstructionSequenceWait.lto_priv.404.lto_priv.541
                0x00037d3e                CRYPTO_InstructionSequenceWait.lto_priv.405.lto_priv.528
                0x00037d46                CRYPTO_DDataRead.lto_priv.410.lto_priv.542
                0x00037d46                CRYPTO_DDataRead.lto_priv.411.lto_priv.529
                0x00037d80                crypto_management_acquire_preemption.constprop.190
                0x00037ec4                CRYPTO_DDataWrite.lto_priv.414.lto_priv.527
                0x00037ec4                CRYPTO_DDataWrite.lto_priv.413.lto_priv.533
                0x00037ec4                CRYPTO_DDataWrite.lto_priv.412.lto_priv.537
                0x00037ee8                CRYPTO_DData0Write260.lto_priv.406.lto_priv.534
                0x00037f00                CRYPTO_DataReadUnaligned.lto_priv.415.lto_priv.535
                0x00037f00                CRYPTO_DataReadUnaligned.lto_priv.416.lto_priv.522
                0x00037f3e                CRYPTO_DataWriteUnaligned.lto_priv.418.lto_priv.523
                0x00037f3e                CRYPTO_DataWriteUnaligned.lto_priv.417.lto_priv.536
                0x00037f82                mbedtls_zeroize.lto_priv.422.lto_priv.532
                0x00037f82                zeroize
                0x00037f82                mbedtls_zeroize.lto_priv.421.lto_priv.538
                0x00037f82                mbedtls_zeroize.lto_priv.419.lto_priv.594
                0x00037f82                mbedtls_zeroize.lto_priv.423.lto_priv.519
                0x00037f82                mbedtls_zeroize.lto_priv.420.lto_priv.581
                0x00037f92                mbedtls_ccm_free
                0x00037fa4                mbedtls_cipher_cmac_starts.constprop.316
                0x00037ff0                att_send_execute_write_request
                0x0003800e                att_send_prepare_write_request
                0x00038212                att_gatt_client_handler
                0x000384b2                sa2d107fa6f8913066e5b4df3cdd87f0997e09273df6a7c6585f33659836c546d.isra.4.lto_priv.516
                0x000384c8                s4a2a986fd5dd9c8779079d62399c235a2b6ddbb601cb5d5b92cb838b240c2f19.part.5.lto_priv.517
                0x000384c8                s087f70de52ac3dee8ffc614ad91b70511c7d160dcba60f1cb04e5d71c8049996.part.6.lto_priv.518
                0x000384ec                see718346e034d96d58e5a80fabd20c59a92b6115337c9b9cfec2ec3d4869dfb8
                0x000385a8                nvm3_writeData.constprop.325
                0x00038824                store_delete.constprop.250
                0x000388d0                ll_advSetData.constprop.184
                0x00038952                ecp_crypto_ddata_read.lto_priv.531
                0x00038d0c                crypto_mpi_div_mod.lto_priv.530
                0x00038f24                mbedtls_internal_ecp_normalize_jac
                0x00039008                mbedtls_ecp_mul.constprop.18
                0x00039440                gecko_stack_init.constprop.242
                0x00039faa                s958311d77e975b6afb09c253a317568fb99686d6ed7f12efea46b505d98f5d14.constprop.319
                0x0003a058                sd906ef5a2b1a3b6d706927e4c9811336532fa5d100dd96643833a07bb9061ee6.constprop.309
                0x0003a214                s39143644810349b74f0af37849af2c7f3c45cd2cff47951227f2f86f0b2e6959.constprop.116
                0x0003a2cc                sab502123964e55aa42c788423fe4aca83448c71c429d539ca270feacd99b8114.constprop.90
                0x0003a612                s27d8feef5a0463c17bbd05963737d3704575411a97f83a4f7c6a3ea78c9bed6b.constprop.288
                0x0003a682                sd4677bf4f06b8b19a17bcc5b67deaae5de05c115d09c753f37f476dfca88290b.constprop.290
                0x0003a6da                s049e1d01f06c5f833f1916c8aa37af2664c3060cc97b8154e5e981264e5c3cfd.constprop.127
 .text.RAIL_InitTxPowerCurvesAlt
                0x0003a74c       0x20 C:\Users\shzheng\SimplicityStudio\v4_workspace\soc-btmesh-prov_v1.4\protocol\bluetooth\lib\EFR32XG13X\GCC\libbluetooth_mesh.a(pa_conversions_efr32.o)
                0x0003a74c                RAIL_InitTxPowerCurvesAlt
 .text.RAIL_ConvertDbmToRaw
                0x0003a76c       0xc0 C:\Users\shzheng\SimplicityStudio\v4_workspace\soc-btmesh-prov_v1.4\protocol\bluetooth\lib\EFR32XG13X\GCC\libbluetooth_mesh.a(pa_conversions_efr32.o)
                0x0003a76c                RAIL_ConvertDbmToRaw
 .text.RAIL_ConvertRawToDbm
                0x0003a82c       0xb0 C:\Users\shzheng\SimplicityStudio\v4_workspace\soc-btmesh-prov_v1.4\protocol\bluetooth\lib\EFR32XG13X\GCC\libbluetooth_mesh.a(pa_conversions_efr32.o)
                0x0003a82c                RAIL_ConvertRawToDbm
 .text.RAILCore_BLE_Init
                0x0003a8dc       0x1c C:\Users\shzheng\SimplicityStudio\v4_workspace\soc-btmesh-prov_v1.4\protocol\bluetooth\lib\EFR32XG13X\GCC\libbluetooth_mesh.a(rail_ble.o)
                0x0003a8dc                RAILINT_5068bbb2b6fcc434fb14cc631c1d5448
 .text.RAIL_BLE_Init
                0x0003a8f8        0x8 C:\Users\shzheng\SimplicityStudio\v4_workspace\soc-btmesh-prov_v1.4\protocol\bluetooth\lib\EFR32XG13X\GCC\libbluetooth_mesh.a(rail_ble.o)
                0x0003a8f8                RAIL_BLE_Init
 .text.RAILCore_BLE_ConfigPhy1MbpsViterbi
                0x0003a900       0x20 C:\Users\shzheng\SimplicityStudio\v4_workspace\soc-btmesh-prov_v1.4\protocol\bluetooth\lib\EFR32XG13X\GCC\libbluetooth_mesh.a(rail_ble.o)
                0x0003a900                RAILINT_e88543c9b596792889571c0f7b731dba
 .text.RAIL_BLE_ConfigPhy1MbpsViterbi
                0x0003a920        0x8 C:\Users\shzheng\SimplicityStudio\v4_workspace\soc-btmesh-prov_v1.4\protocol\bluetooth\lib\EFR32XG13X\GCC\libbluetooth_mesh.a(rail_ble.o)
                0x0003a920                RAIL_BLE_ConfigPhy1MbpsViterbi
 .text.RAILCore_BLE_ConfigPhy2MbpsViterbi
                0x0003a928       0x20 C:\Users\shzheng\SimplicityStudio\v4_workspace\soc-btmesh-prov_v1.4\protocol\bluetooth\lib\EFR32XG13X\GCC\libbluetooth_mesh.a(rail_ble.o)
                0x0003a928                RAILINT_1bbb34915939a1132d22091036a46419
 .text.RAIL_BLE_ConfigPhy2MbpsViterbi
                0x0003a948        0x8 C:\Users\shzheng\SimplicityStudio\v4_workspace\soc-btmesh-prov_v1.4\protocol\bluetooth\lib\EFR32XG13X\GCC\libbluetooth_mesh.a(rail_ble.o)
                0x0003a948                RAIL_BLE_ConfigPhy2MbpsViterbi
 .text.RAILCore_BLE_ConfigPhyCoded
                0x0003a950       0x24 C:\Users\shzheng\SimplicityStudio\v4_workspace\soc-btmesh-prov_v1.4\protocol\bluetooth\lib\EFR32XG13X\GCC\libbluetooth_mesh.a(rail_ble.o)
                0x0003a950                RAILINT_2ee23e3f7dca1747f4df921175595919
 .text.RAIL_BLE_ConfigPhyCoded
                0x0003a974        0x8 C:\Users\shzheng\SimplicityStudio\v4_workspace\soc-btmesh-prov_v1.4\protocol\bluetooth\lib\EFR32XG13X\GCC\libbluetooth_mesh.a(rail_ble.o)
                0x0003a974                RAIL_BLE_ConfigPhyCoded
 .text.RAILCore_BLE_ConfigChannelRadioParams
                0x0003a97c       0x52 C:\Users\shzheng\SimplicityStudio\v4_workspace\soc-btmesh-prov_v1.4\protocol\bluetooth\lib\EFR32XG13X\GCC\libbluetooth_mesh.a(rail_ble.o)
                0x0003a97c                RAILINT_301fd6966b03cc938549fcaff8ed0b8e
 .text.RAIL_BLE_ConfigChannelRadioParams
                0x0003a9ce       0x12 C:\Users\shzheng\SimplicityStudio\v4_workspace\soc-btmesh-prov_v1.4\protocol\bluetooth\lib\EFR32XG13X\GCC\libbluetooth_mesh.a(rail_ble.o)
                0x0003a9ce                RAIL_BLE_ConfigChannelRadioParams
 .text.RAIL_BLE_PhySwitchToRx
                0x0003a9e0       0x20 C:\Users\shzheng\SimplicityStudio\v4_workspace\soc-btmesh-prov_v1.4\protocol\bluetooth\lib\EFR32XG13X\GCC\libbluetooth_mesh.a(rail_ble.o)
                0x0003a9e0                RAIL_BLE_PhySwitchToRx
 .text.RFHAL_ConfigBle2MbpsViterbi
                0x0003aa00       0x1c C:\Users\shzheng\SimplicityStudio\v4_workspace\soc-btmesh-prov_v1.4\protocol\bluetooth\lib\EFR32XG13X\GCC\libbluetooth_mesh.a(rail_ble_rf_hal.o)
                0x0003aa00                RAILINT_779afa263ed7c3c82ebba499c78a7403
 .text.RFHAL_ConfigBle1MbpsViterbi
                0x0003aa1c       0x1c C:\Users\shzheng\SimplicityStudio\v4_workspace\soc-btmesh-prov_v1.4\protocol\bluetooth\lib\EFR32XG13X\GCC\libbluetooth_mesh.a(rail_ble_rf_hal.o)
                0x0003aa1c                RAILINT_66ff65441ee5a52a57deeb36588ce487
 .text.RFHAL_ConfigBleCoded
                0x0003aa38       0x38 C:\Users\shzheng\SimplicityStudio\v4_workspace\soc-btmesh-prov_v1.4\protocol\bluetooth\lib\EFR32XG13X\GCC\libbluetooth_mesh.a(rail_ble_rf_hal.o)
                0x0003aa38                RAILINT_909b6a7ef307e72517ccf71f477853a4
 .text.RFHAL_BleReinit
                0x0003aa70       0x1c C:\Users\shzheng\SimplicityStudio\v4_workspace\soc-btmesh-prov_v1.4\protocol\bluetooth\lib\EFR32XG13X\GCC\libbluetooth_mesh.a(rail_ble_rf_hal.o)
                0x0003aa70                RAILINT_04333b69a0dca60b3c740e5ea8c3aaab
 .text.RFHAL_BleInit
                0x0003aa8c       0x12 C:\Users\shzheng\SimplicityStudio\v4_workspace\soc-btmesh-prov_v1.4\protocol\bluetooth\lib\EFR32XG13X\GCC\libbluetooth_mesh.a(rail_ble_rf_hal.o)
                0x0003aa8c                RAILINT_c9e391ec0aca95ac3fcb39c2a85bfbd7
 *fill*         0x0003aa9e        0x2 
 .text.RFHAL_IsBleLongRangeEnabled
                0x0003aaa0       0x18 C:\Users\shzheng\SimplicityStudio\v4_workspace\soc-btmesh-prov_v1.4\protocol\bluetooth\lib\EFR32XG13X\GCC\libbluetooth_mesh.a(rail_ble_rf_hal.o)
                0x0003aaa0                RAILINT_b1bc1368cb0ab6c3a512d68344391b7e
 .text.RFHAL_BLEPreambleSyncWordSet
                0x0003aab8       0x44 C:\Users\shzheng\SimplicityStudio\v4_workspace\soc-btmesh-prov_v1.4\protocol\bluetooth\lib\EFR32XG13X\GCC\libbluetooth_mesh.a(rail_ble_rf_hal.o)
                0x0003aab8                RAILINT_ea38e09a46dca6f91d142e88e3db7e0e
 .text.RFHAL_BLEWhiteningSet
                0x0003aafc       0x68 C:\Users\shzheng\SimplicityStudio\v4_workspace\soc-btmesh-prov_v1.4\protocol\bluetooth\lib\EFR32XG13X\GCC\libbluetooth_mesh.a(rail_ble_rf_hal.o)
                0x0003aafc                RAILINT_f866b70e0793b3932db6c314ddec02ae
 .text.RFHAL_BlePhySwitchToRx
                0x0003ab64       0xc0 C:\Users\shzheng\SimplicityStudio\v4_workspace\soc-btmesh-prov_v1.4\protocol\bluetooth\lib\EFR32XG13X\GCC\libbluetooth_mesh.a(rail_ble_rf_hal.o)
                0x0003ab64                RAILINT_385c26eda9eb82a18dffc09180dc91d8
 .text.RAIL_WriteTxFifo
                0x0003ac24        0x8 C:\Users\shzheng\SimplicityStudio\v4_workspace\soc-btmesh-prov_v1.4\protocol\bluetooth\lib\EFR32XG13X\GCC\libbluetooth_mesh.a(rail_data.o)
                0x0003ac24                RAIL_WriteTxFifo
 .text.RAIL_SetTxFifo
                0x0003ac2c        0x8 C:\Users\shzheng\SimplicityStudio\v4_workspace\soc-btmesh-prov_v1.4\protocol\bluetooth\lib\EFR32XG13X\GCC\libbluetooth_mesh.a(rail_data.o)
                0x0003ac2c                RAIL_SetTxFifo
 .text.RAIL_SetRxFifo